Component: Arm Compiler for Embedded 6.23 Tool: armlink [5f102400]

==============================================================================

Section Cross References

    main.o(.ARM.exidx.text.UART_Send_Byte) refers to main.o(.text.UART_Send_Byte) for [Anonymous Symbol]
    main.o(.text.UART_Send_MultiByte) refers to main.o(.text.UART_Send_Byte) for UART_Send_Byte
    main.o(.ARM.exidx.text.UART_Send_MultiByte) refers to main.o(.text.UART_Send_MultiByte) for [Anonymous Symbol]
    main.o(.ARM.exidx.text.UART_Receive_Byte) refers to main.o(.text.UART_Receive_Byte) for [Anonymous Symbol]
    main.o(.text.USART2_IRQHandler) refers to main.o(.bss.rx_index) for rx_index
    main.o(.text.USART2_IRQHandler) refers to main.o(.bss.rx_buf) for rx_buf
    main.o(.ARM.exidx.text.USART2_IRQHandler) refers to main.o(.text.USART2_IRQHandler) for [Anonymous Symbol]
    main.o(.text.UART_ReadWrite_EEPROM) refers to main.o(.bss.rx_buf) for rx_buf
    main.o(.text.UART_ReadWrite_EEPROM) refers to main.o(.rodata.str1.1) for .L.str
    main.o(.text.UART_ReadWrite_EEPROM) refers to strcmpv7m.o(.text) for strcmp
    main.o(.text.UART_ReadWrite_EEPROM) refers to main.o(.text.UART_Send_Byte) for UART_Send_Byte
    main.o(.text.UART_ReadWrite_EEPROM) refers to main.o(.text.UART_Send_MultiByte) for UART_Send_MultiByte
    main.o(.text.UART_ReadWrite_EEPROM) refers to lcd.o(.text.LCD_Put_Cur) for LCD_Put_Cur
    main.o(.text.UART_ReadWrite_EEPROM) refers to lcd.o(.text.LCD_Sent_String) for LCD_Sent_String
    main.o(.text.UART_ReadWrite_EEPROM) refers to main.o(.bss.rx_index) for rx_index
    main.o(.text.UART_ReadWrite_EEPROM) refers to strcpy.o(.text) for strcpy
    main.o(.text.UART_ReadWrite_EEPROM) refers to main.o(.bss._number) for _number
    main.o(.text.UART_ReadWrite_EEPROM) refers to main.o(.bss.j) for j
    main.o(.text.UART_ReadWrite_EEPROM) refers to main.o(.bss._number2) for _number2
    main.o(.text.UART_ReadWrite_EEPROM) refers to strlen.o(.text) for strlen
    main.o(.text.UART_ReadWrite_EEPROM) refers to main.o(.bss._address) for _address
    main.o(.text.UART_ReadWrite_EEPROM) refers to main.o(.bss._address2) for _address2
    main.o(.text.UART_ReadWrite_EEPROM) refers to atoi.o(.text) for atoi
    main.o(.text.UART_ReadWrite_EEPROM) refers to eeprom.o(.text.Write_Number_EEPROM) for Write_Number_EEPROM
    main.o(.text.UART_ReadWrite_EEPROM) refers to main.o(.bss._character) for _character
    main.o(.text.UART_ReadWrite_EEPROM) refers to lcd.o(.text.LCD_Sent_Data) for LCD_Sent_Data
    main.o(.text.UART_ReadWrite_EEPROM) refers to eeprom.o(.text.Write_Character_EEPROM) for Write_Character_EEPROM
    main.o(.text.UART_ReadWrite_EEPROM) refers to main.o(.bss._string) for _string
    main.o(.text.UART_ReadWrite_EEPROM) refers to main.o(.bss._string2) for _string2
    main.o(.text.UART_ReadWrite_EEPROM) refers to eeprom.o(.text.Write_String_EEPROM) for Write_String_EEPROM
    main.o(.text.UART_ReadWrite_EEPROM) refers to eeprom.o(.text.Read_Data) for Read_Data
    main.o(.text.UART_ReadWrite_EEPROM) refers to eeprom.o(.text.Read_Number_EEPROM) for Read_Number_EEPROM
    main.o(.text.UART_ReadWrite_EEPROM) refers to main.o(.bss.readnumber) for readnumber
    main.o(.text.UART_ReadWrite_EEPROM) refers to sprintf.o(.text) for sprintf
    main.o(.text.UART_ReadWrite_EEPROM) refers to lcd.o(.text.LCD_Clear) for LCD_Clear
    main.o(.text.UART_ReadWrite_EEPROM) refers to eeprom.o(.text.Read_Character_EEPROM) for Read_Character_EEPROM
    main.o(.text.UART_ReadWrite_EEPROM) refers to main.o(.bss._length) for _length
    main.o(.text.UART_ReadWrite_EEPROM) refers to main.o(.bss._length2) for _length2
    main.o(.text.UART_ReadWrite_EEPROM) refers to main.o(.bss._stringread) for _stringread
    main.o(.ARM.exidx.text.UART_ReadWrite_EEPROM) refers to main.o(.text.UART_ReadWrite_EEPROM) for [Anonymous Symbol]
    main.o(.text.main) refers to rcc.o(.text.Clock_HSE_Init) for Clock_HSE_Init
    main.o(.text.main) refers to timer.o(.text.TIM1_Init) for TIM1_Init
    main.o(.text.main) refers to uart.o(.text.UART_Init) for UART_Init
    main.o(.text.main) refers to gpio.o(.text.Enable_Init) for Enable_Init
    main.o(.text.main) refers to i2c.o(.text.I2C_Init) for I2C_Init
    main.o(.text.main) refers to lcd.o(.text.LCD_Init) for LCD_Init
    main.o(.text.main) refers to lcd.o(.text.LCD_Put_Cur) for LCD_Put_Cur
    main.o(.text.main) refers to main.o(.rodata.str1.1) for .L.str.14
    main.o(.text.main) refers to lcd.o(.text.LCD_Sent_String) for LCD_Sent_String
    main.o(.text.main) refers to main.o(.text.UART_ReadWrite_EEPROM) for UART_ReadWrite_EEPROM
    main.o(.ARM.exidx.text.main) refers to main.o(.text.main) for [Anonymous Symbol]
    gpio.o(.ARM.exidx.text.IO_Output_Init) refers to gpio.o(.text.IO_Output_Init) for [Anonymous Symbol]
    gpio.o(.ARM.exidx.text.IO_Input_Init) refers to gpio.o(.text.IO_Input_Init) for [Anonymous Symbol]
[...]
    ../clib/signal.c                         0x00000000   Number         0  defsig_abrt_inner.o ABSOLUTE
    ../clib/signal.c                         0x00000000   Number         0  defsig_fpe_inner.o ABSOLUTE
    ../clib/signal.c                         0x00000000   Number         0  defsig_rtred_inner.o ABSOLUTE
    ../clib/signal.c                         0x00000000   Number         0  defsig_stak_inner.o ABSOLUTE
    ../clib/signal.c                         0x00000000   Number         0  defsig_pvfn_inner.o ABSOLUTE
    ../clib/signal.c                         0x00000000   Number         0  defsig_cppl_inner.o ABSOLUTE
    ../clib/signal.c                         0x00000000   Number         0  defsig_segv_inner.o ABSOLUTE
    ../clib/signal.c                         0x00000000   Number         0  defsig_other.o ABSOLUTE
    ../clib/signal.s                         0x00000000   Number         0  defsig.o ABSOLUTE
    ../clib/stdlib.c                         0x00000000   Number         0  exit.o ABSOLUTE
    ../clib/string.c                         0x00000000   Number         0  strcpy.o ABSOLUTE
    ../clib/string.c                         0x00000000   Number         0  strlen.o ABSOLUTE
    ../fplib/fpinit.s                        0x00000000   Number         0  fpinit.o ABSOLUTE
    ../fplib/fpinit_empty.s                  0x00000000   Number         0  fpinit_empty.o ABSOLUTE
    ../fplib/istatus.s                       0x00000000   Number         0  istatus.o ABSOLUTE
    ../fplib/printf1.s                       0x00000000   Number         0  printf1.o ABSOLUTE
    ../fplib/printf2.s                       0x00000000   Number         0  printf2.o ABSOLUTE
    ../fplib/printf2a.s                      0x00000000   Number         0  printf2a.o ABSOLUTE
    ../fplib/printf2b.s                      0x00000000   Number         0  printf2b.o ABSOLUTE
    ../fplib/usenofp.s                       0x00000000   Number         0  usenofp.o ABSOLUTE
    ../mathlib/fpclassify.c                  0x00000000   Number         0  fpclassify.o ABSOLUTE
    RTE/Device/STM32F103C8/startup_stm32f10x_md.s 0x00000000   Number         0  startup_stm32f10x_md.o ABSOLUTE
    dc.s                                     0x00000000   Number         0  dc.o ABSOLUTE
    eeprom.c                                 0x00000000   Number         0  eeprom.o ABSOLUTE
    gpio.c                                   0x00000000   Number         0  gpio.o ABSOLUTE
    i2c.c                                    0x00000000   Number         0  i2c.o ABSOLUTE
    lcd.c                                    0x00000000   Number         0  lcd.o ABSOLUTE
    main.c                                   0x00000000   Number         0  main.o ABSOLUTE
    rcc.c                                    0x00000000   Number         0  rcc.o ABSOLUTE
    system_stm32f10x.c                       0x00000000   Number         0  system_stm32f10x.o ABSOLUTE
    timer.c                                  0x00000000   Number         0  timer.o ABSOLUTE
    uart.c                                   0x00000000   Number         0  uart.o ABSOLUTE
    RESET                                    0x08000000   Section      236  startup_stm32f10x_md.o(RESET)
    !!!main                                  0x080000ec   Section        8  __main.o(!!!main)
    !!!scatter                               0x080000f4   Section       92  __scatter.o(!!!scatter)
    !!handler_copy                           0x08000150   Section       26  __scatter_copy.o(!!handler_copy)
    !!handler_null                           0x0800016c   Section        2  __scatter.o(!!handler_null)
    !!handler_zi                             0x08000170   Section       28  __scatter_zi.o(!!handler_zi)
    .ARM.Collect$$_printf_percent$$00000000  0x0800018c   Section        0  _printf_percent.o(.ARM.Collect$$_printf_percent$$00000000)
    .ARM.Collect$$_printf_percent$$00000001  0x0800018c   Section        6  _printf_n.o(.ARM.Collect$$_printf_percent$$00000001)
    .ARM.Collect$$_printf_percent$$00000002  0x08000192   Section        6  _printf_p.o(.ARM.Collect$$_printf_percent$$00000002)
    .ARM.Collect$$_printf_percent$$00000003  0x08000198   Section        6  _printf_f.o(.ARM.Collect$$_printf_percent$$00000003)
    .ARM.Collect$$_printf_percent$$00000004  0x0800019e   Section        6  _printf_e.o(.ARM.Collect$$_printf_percent$$00000004)
    .ARM.Collect$$_printf_percent$$00000005  0x080001a4   Section        6  _printf_g.o(.ARM.Collect$$_printf_percent$$00000005)
    .ARM.Collect$$_printf_percent$$00000006  0x080001aa   Section        6  _printf_a.o(.ARM.Collect$$_printf_percent$$00000006)
    .ARM.Collect$$_printf_percent$$00000007  0x080001b0   Section       10  _printf_ll.o(.ARM.Collect$$_printf_percent$$00000007)
    .ARM.Collect$$_printf_percent$$00000008  0x080001ba   Section        6  _printf_i.o(.ARM.Collect$$_printf_percent$$00000008)
    .ARM.Collect$$_printf_percent$$00000009  0x080001c0   Section        6  _printf_d.o(.ARM.Collect$$_printf_percent$$00000009)
    .ARM.Collect$$_printf_percent$$0000000A  0x080001c6   Section        6  _printf_u.o(.ARM.Collect$$_printf_percent$$0000000A)
    .ARM.Collect$$_printf_percent$$0000000B  0x080001cc   Section        6  _printf_o.o(.ARM.Collect$$_printf_percent$$0000000B)
    .ARM.Collect$$_printf_percent$$0000000C  0x080001d2   Section        6  _printf_x.o(.ARM.Collect$$_printf_percent$$0000000C)
    .ARM.Collect$$_printf_percent$$0000000D  0x080001d8   Section        6  _printf_lli.o(.ARM.Collect$$_printf_percent$$0000000D)
    .ARM.Collect$$_printf_percent$$0000000E  0x080001de   Section        6  _printf_lld.o(.ARM.Collect$$_printf_percent$$0000000E)
    .ARM.Collect$$_printf_percent$$0000000F  0x080001e4   Section        6  _printf_llu.o(.ARM.Collect$$_printf_percent$$0000000F)
    .ARM.Collect$$_printf_percent$$00000010  0x080001ea   Section        6  _printf_llo.o(.ARM.Collect$$_printf_percent$$00000010)
    .ARM.Collect$$_printf_percent$$00000011  0x080001f0   Section        6  _printf_llx.o(.ARM.Collect$$_printf_percent$$00000011)
    .ARM.Collect$$_printf_percent$$00000012  0x080001f6   Section       10  _printf_l.o(.ARM.Collect$$_printf_percent$$00000012)
    .ARM.Collect$$_printf_percent$$00000013  0x08000200   Section        6  _printf_c.o(.ARM.Collect$$_printf_percent$$00000013)
    .ARM.Collect$$_printf_percent$$00000014  0x08000206   Section        6  _printf_s.o(.ARM.Collect$$_printf_percent$$00000014)
    .ARM.Collect$$_printf_percent$$00000015  0x0800020c   Section        6  _printf_lc.o(.ARM.Collect$$_printf_percent$$00000015)
    .ARM.Collect$$_printf_percent$$00000016  0x08000212   Section        6  _printf_ls.o(.ARM.Collect$$_printf_percent$$00000016)
    .ARM.Collect$$_printf_percent$$00000017  0x08000218   Section        4  _printf_percent_end.o(.ARM.Collect$$_printf_percent$$00000017)
    .ARM.Collect$$libinit$$00000000          0x0800021c   Section        2  libinit.o(.ARM.Collect$$libinit$$00000000)
    .ARM.Collect$$libinit$$00000002          0x0800021e   Section        0  libinit2.o(.ARM.Collect$$libinit$$00000002)
    .ARM.Collect$$libinit$$00000004          0x0800021e   Section        0  libinit2.o(.ARM.Collect$$libinit$$00000004)
    .ARM.Collect$$libinit$$00000006          0x0800021e   Section        0  libinit2.o(.ARM.Collect$$libinit$$00000006)
    .ARM.Collect$$libinit$$0000000C          0x0800021e   Section        0  libinit2.o(.ARM.Collect$$libinit$$0000000C)
    .ARM.Collect$$libinit$$0000000E          0x0800021e   Section        0  libinit2.o(.ARM.Collect$$libinit$$0000000E)
    .ARM.Collect$$libinit$$00000010          0x0800021e   Section        0  libinit2.o(.ARM.Collect$$libinit$$00000010)
    .ARM.Collect$$libinit$$00000011          0x0800021e   Section        6  libinit2.o(.ARM.Collect$$libinit$$00000011)
    .ARM.Collect$$libinit$$00000013          0x08000224   Section        0  libinit2.o(.ARM.Collect$$libinit$$00000013)
    .ARM.Collect$$libinit$$00000014          0x08000224   Section       12  libinit2.o(.ARM.Collect$$libinit$$00000014)
    .ARM.Collect$$libinit$$00000015          0x08000230   Section        0  libinit2.o(.ARM.Collect$$libinit$$00000015)
    .ARM.Collect$$libinit$$00000017          0x08000230   Section        0  libinit2.o(.ARM.Collect$$libinit$$00000017)
    .ARM.Collect$$libinit$$00000018          0x08000230   Section       10  libinit2.o(.ARM.Collect$$libinit$$00000018)
    .ARM.Collect$$libinit$$00000019          0x0800023a   Section        0  libinit2.o(.ARM.Collect$$libinit$$00000019)
    .ARM.Collect$$libinit$$0000001B          0x0800023a   Section        0  libinit2.o(.ARM.Collect$$libinit$$0000001B)
    .ARM.Collect$$libinit$$0000001D          0x0800023a   Section        0  libinit2.o(.ARM.Collect$$libinit$$0000001D)
    .ARM.Collect$$libinit$$0000001F          0x0800023a   Section        0  libinit2.o(.ARM.Collect$$libinit$$0000001F)
    .ARM.Collect$$libinit$$00000021          0x0800023a   Section        0  libinit2.o(.ARM.Collect$$libinit$$00000021)
    .ARM.Collect$$libinit$$00000023          0x0800023a   Section        0  libinit2.o(.ARM.Collect$$libinit$$00000023)
    .ARM.Collect$$libinit$$00000025          0x0800023a   Section        0  libinit2.o(.ARM.Collect$$libinit$$00000025)
    .ARM.Collect$$libinit$$00000027          0x0800023a   Section        0  libinit2.o(.ARM.Collect$$libinit$$00000027)
    .ARM.Collect$$libinit$$0000002E          0x0800023a   Section        0  libinit2.o(.ARM.Collect$$libinit$$0000002E)
    .ARM.Collect$$libinit$$00000030          0x0800023a   Section        0  libinit2.o(.ARM.Collect$$libinit$$00000030)
    .ARM.Collect$$libinit$$00000032          0x0800023a   Section        0  libinit2.o(.ARM.Collect$$libinit$$00000032)
    .ARM.Collect$$libinit$$00000034          0x0800023a   Section        0  libinit2.o(.ARM.Collect$$libinit$$00000034)
    .ARM.Collect$$libinit$$00000035          0x0800023a   Section        2  libinit2.o(.ARM.Collect$$libinit$$00000035)
    .ARM.Collect$$libshutdown$$00000000      0x0800023c   Section        2  libshutdown.o(.ARM.Collect$$libshutdown$$00000000)
    .ARM.Collect$$libshutdown$$00000002      0x0800023e   Section        0  libshutdown2.o(.ARM.Collect$$libshutdown$$00000002)
    .ARM.Collect$$libshutdown$$00000004      0x0800023e   Section        0  libshutdown2.o(.ARM.Collect$$libshutdown$$00000004)
    .ARM.Collect$$libshutdown$$00000007      0x0800023e   Section        0  libshutdown2.o(.ARM.Collect$$libshutdown$$00000007)
    .ARM.Collect$$libshutdown$$0000000A      0x0800023e   Section        0  libshutdown2.o(.ARM.Collect$$libshutdown$$0000000A)
    .ARM.Collect$$libshutdown$$0000000C      0x0800023e   Section        0  libshutdown2.o(.ARM.Collect$$libshutdown$$0000000C)
    .ARM.Collect$$libshutdown$$0000000F      0x0800023e   Section        0  libshutdown2.o(.ARM.Collect$$libshutdown$$0000000F)
    .ARM.Collect$$libshutdown$$00000010      0x0800023e   Section        2  libshutdown2.o(.ARM.Collect$$libshutdown$$00000010)
    .ARM.Collect$$rtentry$$00000000          0x08000240   Section        0  __rtentry.o(.ARM.Collect$$rtentry$$00000000)
    .ARM.Collect$$rtentry$$00000002          0x08000240   Section        0  __rtentry2.o(.ARM.Collect$$rtentry$$00000002)
    .ARM.Collect$$rtentry$$00000004          0x08000240   Section        6  __rtentry4.o(.ARM.Collect$$rtentry$$00000004)
    .ARM.Collect$$rtentry$$00000009          0x08000246   Section        0  __rtentry2.o(.ARM.Collect$$rtentry$$00000009)
    .ARM.Collect$$rtentry$$0000000A          0x08000246   Section        4  __rtentry2.o(.ARM.Collect$$rtentry$$0000000A)
    .ARM.Collect$$rtentry$$0000000C          0x0800024a   Section        0  __rtentry2.o(.ARM.Collect$$rtentry$$0000000C)
    .ARM.Collect$$rtentry$$0000000D          0x0800024a   Section        8  __rtentry2.o(.ARM.Collect$$rtentry$$0000000D)
    .ARM.Collect$$rtexit$$00000000           0x08000252   Section        2  rtexit.o(.ARM.Collect$$rtexit$$00000000)
    .ARM.Collect$$rtexit$$00000002           0x08000254   Section        0  rtexit2.o(.ARM.Collect$$rtexit$$00000002)
    .ARM.Collect$$rtexit$$00000003           0x08000254   Section        4  rtexit2.o(.ARM.Collect$$rtexit$$00000003)
    .ARM.Collect$$rtexit$$00000004           0x08000258   Section        6  rtexit2.o(.ARM.Collect$$rtexit$$00000004)
    .text                                    0x08000260   Section       64  startup_stm32f10x_md.o(.text)
    .text                                    0x080002a0   Section        0  sprintf.o(.text)
    .text                                    0x080002cc   Section        0  atoi.o(.text)
    .text                                    0x080002e6   Section        0  strcpy.o(.text)
    .text                                    0x0800032e   Section        0  strlen.o(.text)
    .text                                    0x0800036c   Section      128  strcmpv7m.o(.text)
    .text                                    0x080003ec   Section        0  heapauxi.o(.text)
    .text                                    0x080003f4   Section        8  rt_errno_addr_intlibspace.o(.text)
    .text                                    0x080003fc   Section        0  _printf_pad.o(.text)
    .text                                    0x0800044a   Section        0  _printf_truncate.o(.text)
    .text                                    0x0800046e   Section        0  _printf_str.o(.text)
    .text                                    0x080004c0   Section        0  _printf_dec.o(.text)
    .text                                    0x08000538   Section        0  _printf_charcount.o(.text)
    _printf_input_char                       0x08000561   Thumb Code    10  _printf_char_common.o(.text)
    .text                                    0x08000560   Section        0  _printf_char_common.o(.text)
    .text                                    0x08000590   Section        0  _sputc.o(.text)
    .text                                    0x0800059c   Section        0  _printf_wctomb.o(.text)
    .text                                    0x08000658   Section        0  _printf_longlong_dec.o(.text)
    _printf_longlong_oct_internal            0x080006d5   Thumb Code     0  _printf_oct_int_ll.o(.text)
    .text                                    0x080006d4   Section        0  _printf_oct_int_ll.o(.text)
    _printf_hex_common                       0x08000745   Thumb Code     0  _printf_hex_int_ll_ptr.o(.text)
    .text                                    0x08000744   Section        0  _printf_hex_int_ll_ptr.o(.text)
    .text                                    0x080007d8   Section        0  __printf_flags_ss_wp.o(.text)
    .text                                    0x08000960   Section        0  strtol.o(.text)
    .text                                    0x080009d0   Section        8  libspace.o(.text)
    .text                                    0x080009d8   Section       16  rt_ctype_table.o(.text)
    .text                                    0x080009e8   Section      138  lludiv10.o(.text)
    .text                                    0x08000a72   Section        0  _printf_intcommon.o(.text)
    _fp_digits                               0x08000b25   Thumb Code   432  _printf_fp_dec.o(.text)
    .text                                    0x08000b24   Section        0  _printf_fp_dec.o(.text)
    .text                                    0x08000f40   Section        0  _printf_fp_hex.o(.text)
    .text                                    0x0800123c   Section        0  _printf_char.o(.text)
    .text                                    0x08001268   Section        0  _printf_wchar.o(.text)
    .text                                    0x08001294   Section        0  _strtoul.o(.text)
    .text                                    0x08001332   Section        0  _c16rtomb.o(.text)
    .text                                    0x0800137a   Section       74  sys_stackheap_outer.o(.text)
    .text                                    0x080013c4   Section        8  rt_locale_intlibspace.o(.text)
    .text                                    0x080013cc   Section        0  _printf_fp_infnan.o(.text)
    .text                                    0x0800144c   Section        0  _chval.o(.text)
    .text                                    0x08001468   Section        0  bigflt0.o(.text)
    .text                                    0x0800154c   Section        0  exit.o(.text)
    .text                                    0x08001560   Section        0  sys_exit.o(.text)
    .text                                    0x0800156c   Section        2  use_no_semi.o(.text)
    .text                                    0x0800156e   Section        0  indicate_semi.o(.text)
    [Anonymous Symbol]                       0x08001570   Section        0  eeprom.o(.text.Address_EEPROM)
    [Anonymous Symbol]                       0x08001600   Section        0  gpio.o(.text.Address_Init)
    [Anonymous Symbol]                       0x08001660   Section        0  rcc.o(.text.Clock_HSE_Init)
    [Anonymous Symbol]                       0x08001698   Section        0  gpio.o(.text.Enable_Init)
    [Anonymous Symbol]                       0x080016dc   Section        0  gpio.o(.text.GPIO_Read_Pin)
    [Anonymous Symbol]                       0x08001738   Section        0  gpio.o(.text.GPIO_Write_Pin)
    [Anonymous Symbol]                       0x080017dc   Section        0  i2c.o(.text.I2C_Address)
    [Anonymous Symbol]                       0x0800182c   Section        0  i2c.o(.text.I2C_Init)
    [Anonymous Symbol]                       0x080018f0   Section        0  i2c.o(.text.I2C_Start)
    [Anonymous Symbol]                       0x08001920   Section        0  i2c.o(.text.I2C_Stop)
    [Anonymous Symbol]                       0x08001934   Section        0  i2c.o(.text.I2C_Write)
    [Anonymous Symbol]                       0x08001980   Section        0  gpio.o(.text.IO_Input_Init)
    [Anonymous Symbol]                       0x08001a04   Section        0  gpio.o(.text.IO_Output_Init)
    [Anonymous Symbol]                       0x08001a88   Section        0  lcd.o(.text.LCD_Clear)
    [Anonymous Symbol]                       0x08001ab4   Section        0  lcd.o(.text.LCD_Init)
    [Anonymous Symbol]                       0x08001b38   Section        0  lcd.o(.text.LCD_Put_Cur)
    [Anonymous Symbol]                       0x08001b70   Section        0  lcd.o(.text.LCD_Send_Command)
    [Anonymous Symbol]                       0x08001bd0   Section        0  lcd.o(.text.LCD_Sent_Data)
    [Anonymous Symbol]                       0x08001c30   Section        0  lcd.o(.text.LCD_Sent_String)
    [Anonymous Symbol]                       0x08001c54   Section        0  lcd.o(.text.LCD_Write)
    [Anonymous Symbol]                       0x08001c9c   Section        0  eeprom.o(.text.Read_Character_EEPROM)
    [Anonymous Symbol]                       0x08001d5c   Section        0  eeprom.o(.text.Read_Data)
    [Anonymous Symbol]                       0x08001d88   Section        0  eeprom.o(.text.Read_Number_EEPROM)
    SetSysClock                              0x08001e49   Thumb Code     8  system_stm32f10x.o(.text.SetSysClock)
    [Anonymous Symbol]                       0x08001e48   Section        0  system_stm32f10x.o(.text.SetSysClock)
    SetSysClockTo72                          0x08001e51   Thumb Code   290  system_stm32f10x.o(.text.SetSysClockTo72)
    [Anonymous Symbol]                       0x08001e50   Section        0  system_stm32f10x.o(.text.SetSysClockTo72)
    [Anonymous Symbol]                       0x08001f74   Section        0  system_stm32f10x.o(.text.SystemInit)
    [Anonymous Symbol]                       0x08001fdc   Section        0  timer.o(.text.TIM1_Init)
    [Anonymous Symbol]                       0x08002054   Section        0  timer.o(.text.TIM1_UP_IRQHandler)
    [Anonymous Symbol]                       0x0800207c   Section        0  timer.o(.text.TIM1_delay)
    [Anonymous Symbol]                       0x080020a8   Section        0  uart.o(.text.UART_Init)
    [Anonymous Symbol]                       0x08002144   Section        0  main.o(.text.UART_ReadWrite_EEPROM)
    [Anonymous Symbol]                       0x08002e84   Section        0  main.o(.text.UART_Send_Byte)
    [Anonymous Symbol]                       0x08002ecc   Section        0  main.o(.text.UART_Send_MultiByte)
    [Anonymous Symbol]                       0x08002efc   Section        0  main.o(.text.USART2_IRQHandler)
    [Anonymous Symbol]                       0x08002f2c   Section        0  eeprom.o(.text.Write_Character_EEPROM)
    [Anonymous Symbol]                       0x0800300c   Section        0  eeprom.o(.text.Write_Number_EEPROM)
    [Anonymous Symbol]                       0x080030ec   Section        0  eeprom.o(.text.Write_String_EEPROM)
    [Anonymous Symbol]                       0x08003140   Section        0  main.o(.text.main)
    CL$$btod_d2e                             0x0800317e   Section       62  btod.o(CL$$btod_d2e)
    CL$$btod_d2e_denorm_low                  0x080031bc   Section       70  btod.o(CL$$btod_d2e_denorm_low)
    CL$$btod_d2e_norm_op1                    0x08003202   Section       96  btod.o(CL$$btod_d2e_norm_op1)
    CL$$btod_div_common                      0x08003264   Section      824  btod.o(CL$$btod_div_common)
    CL$$btod_e2e                             0x0800359c   Section      220  btod.o(CL$$btod_e2e)
    CL$$btod_ediv                            0x08003678   Section       42  btod.o(CL$$btod_ediv)
    CL$$btod_emul                            0x080036a2   Section       42  btod.o(CL$$btod_emul)
    CL$$btod_mult_common                     0x080036cc   Section      580  btod.o(CL$$btod_mult_common)
    i.__ARM_fpclassify                       0x08003910   Section        0  fpclassify.o(i.__ARM_fpclassify)
    i._is_digit                              0x08003938   Section        0  __printf_wp.o(i._is_digit)
    locale$$code                             0x08003948   Section       44  lc_ctype_c.o(locale$$code)
    locale$$code                             0x08003974   Section       44  lc_numeric_c.o(locale$$code)
    x$fpl$printf1                            0x080039a0   Section        4  printf1.o(x$fpl$printf1)
    x$fpl$printf2                            0x080039a4   Section        4  printf2.o(x$fpl$printf2)
    initial_mbstate                          0x080039a8   Data           8  _printf_wctomb.o(.constdata)
    .constdata                               0x080039a8   Section        8  _printf_wctomb.o(.constdata)
    x$fpl$usenofp                            0x080039a8   Section        0  usenofp.o(x$fpl$usenofp)
    uc_hextab                                0x080039b0   Data          20  _printf_hex_int_ll_ptr.o(.constdata)
    .constdata                               0x080039b0   Section       40  _printf_hex_int_ll_ptr.o(.constdata)
    lc_hextab                                0x080039c4   Data          20  _printf_hex_int_ll_ptr.o(.constdata)
    maptable                                 0x080039d8   Data          17  __printf_flags_ss_wp.o(.constdata)
    .constdata                               0x080039d8   Section       17  __printf_flags_ss_wp.o(.constdata)
    lc_hextab                                0x080039e9   Data          19  _printf_fp_hex.o(.constdata)
    .constdata                               0x080039e9   Section       38  _printf_fp_hex.o(.constdata)
    uc_hextab                                0x080039fc   Data          19  _printf_fp_hex.o(.constdata)
    tenpwrs_x                                0x08003a10   Data          60  bigflt0.o(.constdata)
    .constdata                               0x08003a10   Section      148  bigflt0.o(.constdata)
    tenpwrs_i                                0x08003a4c   Data          64  bigflt0.o(.constdata)
    .L.str.8                                 0x08003aa4   Data          15  main.o(.rodata.str1.1)
    [Anonymous Symbol]                       0x08003aa4   Section        0  main.o(.rodata.str1.1)
    .L.str.13                                0x08003ab3   Data           9  main.o(.rodata.str1.1)
    .L.str.6                                 0x08003abc   Data          13  main.o(.rodata.str1.1)
    .L.str.1                                 0x08003ac9   Data          15  main.o(.rodata.str1.1)
    .L.str.5                                 0x08003ad8   Data          18  main.o(.rodata.str1.1)
    .L.str.3                                 0x08003aea   Data          13  main.o(.rodata.str1.1)
    .L.str.14                                0x08003af7   Data           8  main.o(.rodata.str1.1)
    .L.str.10                                0x08003aff   Data           3  main.o(.rodata.str1.1)
    .L.str.12                                0x08003b02   Data          12  main.o(.rodata.str1.1)
    .L.str.7                                 0x08003b0e   Data          13  main.o(.rodata.str1.1)
    .L.str.9                                 0x08003b1b   Data          12  main.o(.rodata.str1.1)
    .L.str                                   0x08003b27   Data          13  main.o(.rodata.str1.1)
    .L.str.11                                0x08003b34   Data          15  main.o(.rodata.str1.1)
    .L.str.4                                 0x08003b43   Data          16  main.o(.rodata.str1.1)
    .L.str.2                                 0x08003b52   Data           1  main.o(.rodata.str1.1)
    locale$$data                             0x08003b74   Section      272  lc_ctype_c.o(locale$$data)
    __lcctype_c_name                         0x08003b78   Data           2  lc_ctype_c.o(locale$$data)
    __lcctype_c_start                        0x08003b80   Data           0  lc_ctype_c.o(locale$$data)
    __lcctype_c_end                          0x08003c84   Data           0  lc_ctype_c.o(locale$$data)
    locale$$data                             0x08003c84   Section       28  lc_numeric_c.o(locale$$data)
    __lcnum_c_name                           0x08003c88   Data           2  lc_numeric_c.o(locale$$data)
    __lcnum_c_start                          0x08003c90   Data           0  lc_numeric_c.o(locale$$data)
    __lcnum_c_point                          0x08003c9c   Data           0  lc_numeric_c.o(locale$$data)
    __lcnum_c_thousands                      0x08003c9e   Data           0  lc_numeric_c.o(locale$$data)
    __lcnum_c_grouping                       0x08003c9f   Data           0  lc_numeric_c.o(locale$$data)
    __lcnum_c_end                            0x08003ca0   Data           0  lc_numeric_c.o(locale$$data)
    .bss                                     0x20000018   Section       96  libspace.o(.bss)
    Heap_Mem                                 0x20000750   Data         512  startup_stm32f10x_md.o(HEAP)
    HEAP                                     0x20000750   Section      512  startup_stm32f10x_md.o(HEAP)
    Stack_Mem                                0x20000950   Data        1024  startup_stm32f10x_md.o(STACK)
    STACK                                    0x20000950   Section     1024  startup_stm32f10x_md.o(STACK)
    __initial_sp                             0x20000d50   Data           0  startup_stm32f10x_md.o(STACK)

    Global Symbols

    Symbol Name                              Value     Ov Type        Size  Object(Section)

    BuildAttributes$$THM_ISAv4$P$D$K$B$S$PE$A:L22UL41UL21$X:L11$S22US41US21$IEEE1$IW$~IW$USESV6$~STKCKD$USESV7$~SHL$OTIME$ROPI$IEEEJ$EBA8$UX$STANDARDLIB$REQ8$PRES8$EABIv2 0x00000000   Number         0  anon$$obj.o ABSOLUTE
    __fp_init_empty                          0x00000000   Number         0  fpinit_empty.o ABSOLUTE
    _printf_flags                            0x00000000   Number         0  printf_stubs.o ABSOLUTE
    _printf_return_value                     0x00000000   Number         0  printf_stubs.o ABSOLUTE
    _printf_sizespec                         0x00000000   Number         0  printf_stubs.o ABSOLUTE
    _printf_widthprec                        0x00000000   Number         0  printf_stubs.o ABSOLUTE
    __ARM_exceptions_init                     - Undefined Weak Reference
    __alloca_initialize                       - Undefined Weak Reference
    __arm_preinit_                            - Undefined Weak Reference
    __arm_relocate_pie_                       - Undefined Weak Reference
    __cpp_initialize__aeabi_                  - Undefined Weak Reference
    __cxa_finalize                            - Undefined Weak Reference
    __sigvec_lookup                           - Undefined Weak Reference
    _atexit_init                              - Undefined Weak Reference
    _call_atexit_fns                          - Undefined Weak Reference
    _clock_init                               - Undefined Weak Reference
    _fp_trap_init                             - Undefined Weak Reference
    _fp_trap_shutdown                         - Undefined Weak Reference
    _get_lc_collate                           - Undefined Weak Reference
    _get_lc_monetary                          - Undefined Weak Reference
    _get_lc_time                              - Undefined Weak Reference
    _getenv_init                              - Undefined Weak Reference
    _handle_redirection                       - Undefined Weak Reference
    _init_alloc                               - Undefined Weak Reference
    _init_user_alloc                          - Undefined Weak Reference
    _initio                                   - Undefined Weak Reference
    _printf_mbtowc                            - Undefined Weak Reference
    _printf_wc                                - Undefined Weak Reference
    _rand_init                                - Undefined Weak Reference
    _signal_finish                            - Undefined Weak Reference
    _signal_init                              - Undefined Weak Reference
    _terminate_alloc                          - Undefined Weak Reference
    _terminate_user_alloc                     - Undefined Weak Reference
    _terminateio                              - Undefined Weak Reference
    __Vectors_Size                           0x000000ec   Number         0  startup_stm32f10x_md.o ABSOLUTE
    __Vectors                                0x08000000   Data           4  startup_stm32f10x_md.o(RESET)
    __Vectors_End                            0x080000ec   Data           0  startup_stm32f10x_md.o(RESET)
    __main                                   0x080000ed   Thumb Code     8  __main.o(!!!main)
    __scatterload                            0x080000f5   Thumb Code     0  __scatter.o(!!!scatter)
    __scatterload_rt2                        0x080000f5   Thumb Code    84  __scatter.o(!!!scatter)
    __scatterload_rt2_thumb_only             0x080000f5   Thumb Code     0  __scatter.o(!!!scatter)
    __scatterload_loop                       0x080000ff   Thumb Code     0  __scatter.o(!!!scatter)
    __scatterload_copy                       0x08000151   Thumb Code    26  __scatter_copy.o(!!handler_copy)
    __scatterload_null                       0x0800016d   Thumb Code     2  __scatter.o(!!handler_null)
    __scatterload_zeroinit                   0x08000171   Thumb Code    28  __scatter_zi.o(!!handler_zi)
    _printf_n                                0x0800018d   Thumb Code     0  _printf_n.o(.ARM.Collect$$_printf_percent$$00000001)
    _printf_percent                          0x0800018d   Thumb Code     0  _printf_percent.o(.ARM.Collect$$_printf_percent$$00000000)
    _printf_p                                0x08000193   Thumb Code     0  _printf_p.o(.ARM.Collect$$_printf_percent$$00000002)
    _printf_f                                0x08000199   Thumb Code     0  _printf_f.o(.ARM.Collect$$_printf_percent$$00000003)
    _printf_e                                0x0800019f   Thumb Code     0  _printf_e.o(.ARM.Collect$$_printf_percent$$00000004)
    _printf_g                                0x080001a5   Thumb Code     0  _printf_g.o(.ARM.Collect$$_printf_percent$$00000005)
    _printf_a                                0x080001ab   Thumb Code     0  _printf_a.o(.ARM.Collect$$_printf_percent$$00000006)
    _printf_ll                               0x080001b1   Thumb Code     0  _printf_ll.o(.ARM.Collect$$_printf_percent$$00000007)
    _printf_i                                0x080001bb   Thumb Code     0  _printf_i.o(.ARM.Collect$$_printf_percent$$00000008)
    _printf_d                                0x080001c1   Thumb Code     0  _printf_d.o(.ARM.Collect$$_printf_percent$$00000009)
    _printf_u                                0x080001c7   Thumb Code     0  _printf_u.o(.ARM.Collect$$_printf_percent$$0000000A)
    _printf_o                                0x080001cd   Thumb Code     0  _printf_o.o(.ARM.Collect$$_printf_percent$$0000000B)
    _printf_x                                0x080001d3   Thumb Code     0  _printf_x.o(.ARM.Collect$$_printf_percent$$0000000C)
    _printf_lli                              0x080001d9   Thumb Code     0  _printf_lli.o(.ARM.Collect$$_printf_percent$$0000000D)
    _printf_lld                              0x080001df   Thumb Code     0  _printf_lld.o(.ARM.Collect$$_printf_percent$$0000000E)
    _printf_llu                              0x080001e5   Thumb Code     0  _printf_llu.o(.ARM.Collect$$_printf_percent$$0000000F)
    _printf_llo                              0x080001eb   Thumb Code     0  _printf_llo.o(.ARM.Collect$$_printf_percent$$00000010)
    _printf_llx                              0x080001f1   Thumb Code     0  _printf_llx.o(.ARM.Collect$$_printf_percent$$00000011)
    _printf_l                                0x080001f7   Thumb Code     0  _printf_l.o(.ARM.Collect$$_printf_percent$$00000012)
    _printf_c                                0x08000201   Thumb Code     0  _printf_c.o(.ARM.Collect$$_printf_percent$$00000013)
    _printf_s                                0x08000207   Thumb Code     0  _printf_s.o(.ARM.Collect$$_printf_percent$$00000014)
    _printf_lc                               0x0800020d   Thumb Code     0  _printf_lc.o(.ARM.Collect$$_printf_percent$$00000015)
    _printf_ls                               0x08000213   Thumb Code     0  _printf_ls.o(.ARM.Collect$$_printf_percent$$00000016)
    _printf_percent_end                      0x08000219   Thumb Code     0  _printf_percent_end.o(.ARM.Collect$$_printf_percent$$00000017)
    __rt_lib_init                            0x0800021d   Thumb Code     0  libinit.o(.ARM.Collect$$libinit$$00000000)
    __rt_lib_init_fp_1                       0x0800021f   Thumb Code     0  libinit2.o(.ARM.Collect$$libinit$$00000002)
    __rt_lib_init_heap_1                     0x0800021f   Thumb Code     0  libinit2.o(.ARM.Collect$$libinit$$0000000C)
    __rt_lib_init_lc_common                  0x0800021f   Thumb Code     0  libinit2.o(.ARM.Collect$$libinit$$00000011)
    __rt_lib_init_preinit_1                  0x0800021f   Thumb Code     0  libinit2.o(.ARM.Collect$$libinit$$00000006)
    __rt_lib_init_rand_1                     0x0800021f   Thumb Code     0  libinit2.o(.ARM.Collect$$libinit$$00000010)
    __rt_lib_init_relocate_pie_1             0x0800021f   Thumb Code     0  libinit2.o(.ARM.Collect$$libinit$$00000004)
    __rt_lib_init_user_alloc_1               0x0800021f   Thumb Code     0  libinit2.o(.ARM.Collect$$libinit$$0000000E)
    __rt_lib_init_lc_collate_1               0x08000225   Thumb Code     0  libinit2.o(.ARM.Collect$$libinit$$00000013)
    __rt_lib_init_lc_ctype_2                 0x08000225   Thumb Code     0  libinit2.o(.ARM.Collect$$libinit$$00000014)
    __rt_lib_init_lc_ctype_1                 0x08000231   Thumb Code     0  libinit2.o(.ARM.Collect$$libinit$$00000015)
    __rt_lib_init_lc_monetary_1              0x08000231   Thumb Code     0  libinit2.o(.ARM.Collect$$libinit$$00000017)
    __rt_lib_init_lc_numeric_2               0x08000231   Thumb Code     0  libinit2.o(.ARM.Collect$$libinit$$00000018)
    __rt_lib_init_alloca_1                   0x0800023b   Thumb Code     0  libinit2.o(.ARM.Collect$$libinit$$00000030)
    __rt_lib_init_argv_1                     0x0800023b   Thumb Code     0  libinit2.o(.ARM.Collect$$libinit$$0000002E)
    __rt_lib_init_atexit_1                   0x0800023b   Thumb Code     0  libinit2.o(.ARM.Collect$$libinit$$0000001D)
    __rt_lib_init_clock_1                    0x0800023b   Thumb Code     0  libinit2.o(.ARM.Collect$$libinit$$00000023)
    __rt_lib_init_cpp_1                      0x0800023b   Thumb Code     0  libinit2.o(.ARM.Collect$$libinit$$00000034)
    __rt_lib_init_exceptions_1               0x0800023b   Thumb Code     0  libinit2.o(.ARM.Collect$$libinit$$00000032)
    __rt_lib_init_fp_trap_1                  0x0800023b   Thumb Code     0  libinit2.o(.ARM.Collect$$libinit$$00000021)
    __rt_lib_init_getenv_1                   0x0800023b   Thumb Code     0  libinit2.o(.ARM.Collect$$libinit$$00000025)
    __rt_lib_init_lc_numeric_1               0x0800023b   Thumb Code     0  libinit2.o(.ARM.Collect$$libinit$$00000019)
    __rt_lib_init_lc_time_1                  0x0800023b   Thumb Code     0  libinit2.o(.ARM.Collect$$libinit$$0000001B)
    __rt_lib_init_return                     0x0800023b   Thumb Code     0  libinit2.o(.ARM.Collect$$libinit$$00000035)
    __rt_lib_init_signal_1                   0x0800023b   Thumb Code     0  libinit2.o(.ARM.Collect$$libinit$$0000001F)
    __rt_lib_init_stdio_1                    0x0800023b   Thumb Code     0  libinit2.o(.ARM.Collect$$libinit$$00000027)
    __rt_lib_shutdown                        0x0800023d   Thumb Code     0  libshutdown.o(.ARM.Collect$$libshutdown$$00000000)
    __rt_lib_shutdown_cpp_1                  0x0800023f   Thumb Code     0  libshutdown2.o(.ARM.Collect$$libshutdown$$00000002)
    __rt_lib_shutdown_fp_trap_1              0x0800023f   Thumb Code     0  libshutdown2.o(.ARM.Collect$$libshutdown$$00000007)
    __rt_lib_shutdown_heap_1                 0x0800023f   Thumb Code     0  libshutdown2.o(.ARM.Collect$$libshutdown$$0000000F)
    __rt_lib_shutdown_return                 0x0800023f   Thumb Code     0  libshutdown2.o(.ARM.Collect$$libshutdown$$00000010)
    __rt_lib_shutdown_signal_1               0x0800023f   Thumb Code     0  libshutdown2.o(.ARM.Collect$$libshutdown$$0000000A)
    __rt_lib_shutdown_stdio_1                0x0800023f   Thumb Code     0  libshutdown2.o(.ARM.Collect$$libshutdown$$00000004)
    __rt_lib_shutdown_user_alloc_1           0x0800023f   Thumb Code     0  libshutdown2.o(.ARM.Collect$$libshutdown$$0000000C)
    __rt_entry                               0x08000241   Thumb Code     0  __rtentry.o(.ARM.Collect$$rtentry$$00000000)
    __rt_entry_presh_1                       0x08000241   Thumb Code     0  __rtentry2.o(.ARM.Collect$$rtentry$$00000002)
    __rt_entry_sh                            0x08000241   Thumb Code     0  __rtentry4.o(.ARM.Collect$$rtentry$$00000004)
    __rt_entry_li                            0x08000247   Thumb Code     0  __rtentry2.o(.ARM.Collect$$rtentry$$0000000A)
    __rt_entry_postsh_1                      0x08000247   Thumb Code     0  __rtentry2.o(.ARM.Collect$$rtentry$$00000009)
    __rt_entry_main                          0x0800024b   Thumb Code     0  __rtentry2.o(.ARM.Collect$$rtentry$$0000000D)
    __rt_entry_postli_1                      0x0800024b   Thumb Code     0  __rtentry2.o(.ARM.Collect$$rtentry$$0000000C)
    __rt_exit                                0x08000253   Thumb Code     0  rtexit.o(.ARM.Collect$$rtexit$$00000000)
    __rt_exit_ls                             0x08000255   Thumb Code     0  rtexit2.o(.ARM.Collect$$rtexit$$00000003)
    __rt_exit_prels_1                        0x08000255   Thumb Code     0  rtexit2.o(.ARM.Collect$$rtexit$$00000002)
    __rt_exit_exit                           0x08000259   Thumb Code     0  rtexit2.o(.ARM.Collect$$rtexit$$00000004)
    Reset_Handler                            0x08000261   Thumb Code     8  startup_stm32f10x_md.o(.text)
    NMI_Handler                              0x08000269   Thumb Code     2  startup_stm32f10x_md.o(.text)
    HardFault_Handler                        0x0800026b   Thumb Code     2  startup_stm32f10x_md.o(.text)
    MemManage_Handler                        0x0800026d   Thumb Code     2  startup_stm32f10x_md.o(.text)
    BusFault_Handler                         0x0800026f   Thumb Code     2  startup_stm32f10x_md.o(.text)
    UsageFault_Handler                       0x08000271   Thumb Code     2  startup_stm32f10x_md.o(.text)
    SVC_Handler                              0x08000273   Thumb Code     2  startup_stm32f10x_md.o(.text)
    DebugMon_Handler                         0x08000275   Thumb Code     2  startup_stm32f10x_md.o(.text)
    PendSV_Handler                           0x08000277   Thumb Code     2  startup_stm32f10x_md.o(.text)
    SysTick_Handler                          0x08000279   Thumb Code     2  startup_stm32f10x_md.o(.text)
    ADC1_2_IRQHandler                        0x0800027b   Thumb Code     0  startup_stm32f10x_md.o(.text)
    CAN1_RX1_IRQHandler                      0x0800027b   Thumb Code     0  startup_stm32f10x_md.o(.text)
    CAN1_SCE_IRQHandler                      0x0800027b   Thumb Code     0  startup_stm32f10x_md.o(.text)
    DMA1_Channel1_IRQHandler                 0x0800027b   Thumb Code     0  startup_stm32f10x_md.o(.text)
    DMA1_Channel2_IRQHandler                 0x0800027b   Thumb Code     0  startup_stm32f10x_md.o(.text)
    DMA1_Channel3_IRQHandler                 0x0800027b   Thumb Code     0  startup_stm32f10x_md.o(.text)
    DMA1_Channel4_IRQHandler                 0x0800027b   Thumb Code     0  startup_stm32f10x_md.o(.text)
    DMA1_Channel5_IRQHandler                 0x0800027b   Thumb Code     0  startup_stm32f10x_md.o(.text)
    DMA1_Channel6_IRQHandler                 0x0800027b   Thumb Code     0  startup_stm32f10x_md.o(.text)
    DMA1_Channel7_IRQHandler                 0x0800027b   Thumb Code     0  startup_stm32f10x_md.o(.text)
    EXTI0_IRQHandler                         0x0800027b   Thumb Code     0  startup_stm32f10x_md.o(.text)
    EXTI15_10_IRQHandler                     0x0800027b   Thumb Code     0  startup_stm32f10x_md.o(.text)
    EXTI1_IRQHandler                         0x0800027b   Thumb Code     0  startup_stm32f10x_md.o(.text)
    EXTI2_IRQHandler                         0x0800027b   Thumb Code     0  startup_stm32f10x_md.o(.text)
    EXTI3_IRQHandler                         0x0800027b   Thumb Code     0  startup_stm32f10x_md.o(.text)
    EXTI4_IRQHandler                         0x0800027b   Thumb Code     0  startup_stm32f10x_md.o(.text)
    EXTI9_5_IRQHandler                       0x0800027b   Thumb Code     0  startup_stm32f10x_md.o(.text)
    FLASH_IRQHandler                         0x0800027b   Thumb Code     0  startup_stm32f10x_md.o(.text)
    I2C1_ER_IRQHandler                       0x0800027b   Thumb Code     0  startup_stm32f10x_md.o(.text)
    I2C1_EV_IRQHandler                       0x0800027b   Thumb Code     0  startup_stm32f10x_md.o(.text)
    I2C2_ER_IRQHandler                       0x0800027b   Thumb Code     0  startup_stm32f10x_md.o(.text)
    I2C2_EV_IRQHandler                       0x0800027b   Thumb Code     0  startup_stm32f10x_md.o(.text)
    PVD_IRQHandler                           0x0800027b   Thumb Code     0  startup_stm32f10x_md.o(.text)
    RCC_IRQHandler                           0x0800027b   Thumb Code     0  startup_stm32f10x_md.o(.text)
    RTCAlarm_IRQHandler                      0x0800027b   Thumb Code     0  startup_stm32f10x_md.o(.text)
    RTC_IRQHandler                           0x0800027b   Thumb Code     0  startup_stm32f10x_md.o(.text)
    SPI1_IRQHandler                          0x0800027b   Thumb Code     0  startup_stm32f10x_md.o(.text)
    SPI2_IRQHandler                          0x0800027b   Thumb Code     0  startup_stm32f10x_md.o(.text)
    TAMPER_IRQHandler                        0x0800027b   Thumb Code     0  startup_stm32f10x_md.o(.text)
    TIM1_BRK_IRQHandler                      0x0800027b   Thumb Code     0  startup_stm32f10x_md.o(.text)
    TIM1_CC_IRQHandler                       0x0800027b   Thumb Code     0  startup_stm32f10x_md.o(.text)
    TIM1_TRG_COM_IRQHandler                  0x0800027b   Thumb Code     0  startup_stm32f10x_md.o(.text)
    TIM2_IRQHandler                          0x0800027b   Thumb Code     0  startup_stm32f10x_md.o(.text)
    TIM3_IRQHandler                          0x0800027b   Thumb Code     0  startup_stm32f10x_md.o(.text)
    TIM4_IRQHandler                          0x0800027b   Thumb Code     0  startup_stm32f10x_md.o(.text)
    USART1_IRQHandler                        0x0800027b   Thumb Code     0  startup_stm32f10x_md.o(.text)
    USART3_IRQHandler                        0x0800027b   Thumb Code     0  startup_stm32f10x_md.o(.text)
    USBWakeUp_IRQHandler                     0x0800027b   Thumb Code     0  startup_stm32f10x_md.o(.text)
    USB_HP_CAN1_TX_IRQHandler                0x0800027b   Thumb Code     0  startup_stm32f10x_md.o(.text)
    USB_LP_CAN1_RX0_IRQHandler               0x0800027b   Thumb Code     0  startup_stm32f10x_md.o(.text)
    WWDG_IRQHandler                          0x0800027b   Thumb Code     0  startup_stm32f10x_md.o(.text)
    __user_initial_stackheap                 0x0800027d   Thumb Code     0  startup_stm32f10x_md.o(.text)
    sprintf                                  0x080002a1   Thumb Code    38  sprintf.o(.text)
    atoi                                     0x080002cd   Thumb Code    26  atoi.o(.text)
    strcpy                                   0x080002e7   Thumb Code    72  strcpy.o(.text)
    strlen                                   0x0800032f   Thumb Code    62  strlen.o(.text)
    strcmp                                   0x0800036d   Thumb Code   128  strcmpv7m.o(.text)
    __use_two_region_memory                  0x080003ed   Thumb Code     2  heapauxi.o(.text)
    __rt_heap_escrow$2region                 0x080003ef   Thumb Code     2  heapauxi.o(.text)
    __rt_heap_expand$2region                 0x080003f1   Thumb Code     2  heapauxi.o(.text)
    __aeabi_errno_addr                       0x080003f5   Thumb Code     8  rt_errno_addr_intlibspace.o(.text)
    __errno$intlibspace                      0x080003f5   Thumb Code     0  rt_errno_addr_intlibspace.o(.text)
    __rt_errno_addr$intlibspace              0x080003f5   Thumb Code     0  rt_errno_addr_intlibspace.o(.text)
    _printf_pre_padding                      0x080003fd   Thumb Code    44  _printf_pad.o(.text)
    _printf_post_padding                     0x08000429   Thumb Code    34  _printf_pad.o(.text)
    _printf_truncate_signed                  0x0800044b   Thumb Code    18  _printf_truncate.o(.text)
    _printf_truncate_unsigned                0x0800045d   Thumb Code    18  _printf_truncate.o(.text)
    _printf_str                              0x0800046f   Thumb Code    82  _printf_str.o(.text)
    _printf_int_dec                          0x080004c1   Thumb Code   104  _printf_dec.o(.text)
    _printf_charcount                        0x08000539   Thumb Code    40  _printf_charcount.o(.text)
    _printf_char_common                      0x0800056b   Thumb Code    32  _printf_char_common.o(.text)
    _sputc                                   0x08000591   Thumb Code    10  _sputc.o(.text)
    _printf_wctomb                           0x0800059d   Thumb Code   182  _printf_wctomb.o(.text)
    _printf_longlong_dec                     0x08000659   Thumb Code   108  _printf_longlong_dec.o(.text)
    _printf_longlong_oct                     0x080006d5   Thumb Code    68  _printf_oct_int_ll.o(.text)
    _printf_int_oct                          0x08000719   Thumb Code    24  _printf_oct_int_ll.o(.text)
    _printf_ll_oct                           0x08000731   Thumb Code    12  _printf_oct_int_ll.o(.text)
    _printf_longlong_hex                     0x08000745   Thumb Code    86  _printf_hex_int_ll_ptr.o(.text)
    _printf_int_hex                          0x0800079b   Thumb Code    28  _printf_hex_int_ll_ptr.o(.text)
    _printf_ll_hex                           0x080007b7   Thumb Code    12  _printf_hex_int_ll_ptr.o(.text)
    _printf_hex_ptr                          0x080007c3   Thumb Code    18  _printf_hex_int_ll_ptr.o(.text)
    __printf                                 0x080007d9   Thumb Code   388  __printf_flags_ss_wp.o(.text)
    strtol                                   0x08000961   Thumb Code   112  strtol.o(.text)
    __user_libspace                          0x080009d1   Thumb Code     8  libspace.o(.text)
    __user_perproc_libspace                  0x080009d1   Thumb Code     0  libspace.o(.text)
    __user_perthread_libspace                0x080009d1   Thumb Code     0  libspace.o(.text)
    __rt_ctype_table                         0x080009d9   Thumb Code    16  rt_ctype_table.o(.text)
    _ll_udiv10                               0x080009e9   Thumb Code   138  lludiv10.o(.text)
    _printf_int_common                       0x08000a73   Thumb Code   178  _printf_intcommon.o(.text)
    _printf_fp_dec_real                      0x08000cd5   Thumb Code   620  _printf_fp_dec.o(.text)
    _printf_fp_hex_real                      0x08000f41   Thumb Code   756  _printf_fp_hex.o(.text)
    _printf_cs_common                        0x0800123d   Thumb Code    20  _printf_char.o(.text)
    _printf_char                             0x08001251   Thumb Code    16  _printf_char.o(.text)
    _printf_string                           0x08001261   Thumb Code     8  _printf_char.o(.text)
    _printf_lcs_common                       0x08001269   Thumb Code    20  _printf_wchar.o(.text)
    _printf_wchar                            0x0800127d   Thumb Code    16  _printf_wchar.o(.text)
    _printf_wstring                          0x0800128d   Thumb Code     8  _printf_wchar.o(.text)
    _strtoul                                 0x08001295   Thumb Code   158  _strtoul.o(.text)
    _c16rtomb                                0x08001333   Thumb Code    72  _c16rtomb.o(.text)
    _wcrtomb                                 0x08001333   Thumb Code     0  _c16rtomb.o(.text)
    __user_setup_stackheap                   0x0800137b   Thumb Code    74  sys_stackheap_outer.o(.text)
    __rt_locale                              0x080013c5   Thumb Code     8  rt_locale_intlibspace.o(.text)
    _printf_fp_infnan                        0x080013cd   Thumb Code   112  _printf_fp_infnan.o(.text)
    _chval                                   0x0800144d   Thumb Code    28  _chval.o(.text)
    _btod_etento                             0x08001469   Thumb Code   224  bigflt0.o(.text)
    exit                                     0x0800154d   Thumb Code    18  exit.o(.text)
    _sys_exit                                0x08001561   Thumb Code     8  sys_exit.o(.text)
    __I$use$semihosting                      0x0800156d   Thumb Code     0  use_no_semi.o(.text)
    __use_no_semihosting_swi                 0x0800156d   Thumb Code     2  use_no_semi.o(.text)
    __semihosting_library_function           0x0800156f   Thumb Code     0  indicate_semi.o(.text)
    Address_EEPROM                           0x08001571   Thumb Code   144  eeprom.o(.text.Address_EEPROM)
    Address_Init                             0x08001601   Thumb Code    94  gpio.o(.text.Address_Init)
    Clock_HSE_Init                           0x08001661   Thumb Code    56  rcc.o(.text.Clock_HSE_Init)
    Enable_Init                              0x08001699   Thumb Code    68  gpio.o(.text.Enable_Init)
    GPIO_Read_Pin                            0x080016dd   Thumb Code    92  gpio.o(.text.GPIO_Read_Pin)
    GPIO_Write_Pin                           0x08001739   Thumb Code   162  gpio.o(.text.GPIO_Write_Pin)
    I2C_Address                              0x080017dd   Thumb Code    80  i2c.o(.text.I2C_Address)
    I2C_Init                                 0x0800182d   Thumb Code   194  i2c.o(.text.I2C_Init)
    I2C_Start                                0x080018f1   Thumb Code    48  i2c.o(.text.I2C_Start)
    I2C_Stop                                 0x08001921   Thumb Code    20  i2c.o(.text.I2C_Stop)
    I2C_Write                                0x08001935   Thumb Code    74  i2c.o(.text.I2C_Write)
    IO_Input_Init                            0x08001981   Thumb Code   132  gpio.o(.text.IO_Input_Init)
    IO_Output_Init                           0x08001a05   Thumb Code   132  gpio.o(.text.IO_Output_Init)
    LCD_Clear                                0x08001a89   Thumb Code    44  lcd.o(.text.LCD_Clear)
    LCD_Init                                 0x08001ab5   Thumb Code   130  lcd.o(.text.LCD_Init)
    LCD_Put_Cur                              0x08001b39   Thumb Code    56  lcd.o(.text.LCD_Put_Cur)
    LCD_Send_Command                         0x08001b71   Thumb Code    94  lcd.o(.text.LCD_Send_Command)
    LCD_Sent_Data                            0x08001bd1   Thumb Code    94  lcd.o(.text.LCD_Sent_Data)
    LCD_Sent_String                          0x08001c31   Thumb Code    34  lcd.o(.text.LCD_Sent_String)
    LCD_Write                                0x08001c55   Thumb Code    70  lcd.o(.text.LCD_Write)
    Read_Character_EEPROM                    0x08001c9d   Thumb Code   192  eeprom.o(.text.Read_Character_EEPROM)
    Read_Data                                0x08001d5d   Thumb Code    42  eeprom.o(.text.Read_Data)
    Read_Number_EEPROM                       0x08001d89   Thumb Code   192  eeprom.o(.text.Read_Number_EEPROM)
    SystemInit                               0x08001f75   Thumb Code   102  system_stm32f10x.o(.text.SystemInit)
    TIM1_Init                                0x08001fdd   Thumb Code   120  timer.o(.text.TIM1_Init)
    TIM1_UP_IRQHandler                       0x08002055   Thumb Code    40  timer.o(.text.TIM1_UP_IRQHandler)
    TIM1_delay                               0x0800207d   Thumb Code    42  timer.o(.text.TIM1_delay)
    UART_Init                                0x080020a9   Thumb Code   154  uart.o(.text.UART_Init)
    UART_ReadWrite_EEPROM                    0x08002145   Thumb Code  3392  main.o(.text.UART_ReadWrite_EEPROM)
    UART_Send_Byte                           0x08002e85   Thumb Code    70  main.o(.text.UART_Send_Byte)
    UART_Send_MultiByte                      0x08002ecd   Thumb Code    48  main.o(.text.UART_Send_MultiByte)
    USART2_IRQHandler                        0x08002efd   Thumb Code    46  main.o(.text.USART2_IRQHandler)
    Write_Character_EEPROM                   0x08002f2d   Thumb Code   222  eeprom.o(.text.Write_Character_EEPROM)
    Write_Number_EEPROM                      0x0800300d   Thumb Code   222  eeprom.o(.text.Write_Number_EEPROM)
    Write_String_EEPROM                      0x080030ed   Thumb Code    84  eeprom.o(.text.Write_String_EEPROM)
    main                                     0x08003141   Thumb Code    62  main.o(.text.main)
    _btod_d2e                                0x0800317f   Thumb Code    62  btod.o(CL$$btod_d2e)
    _d2e_denorm_low                          0x080031bd   Thumb Code    70  btod.o(CL$$btod_d2e_denorm_low)
    _d2e_norm_op1                            0x08003203   Thumb Code    96  btod.o(CL$$btod_d2e_norm_op1)
    __btod_div_common                        0x08003265   Thumb Code   696  btod.o(CL$$btod_div_common)
    _e2e                                     0x0800359d   Thumb Code   220  btod.o(CL$$btod_e2e)
    _btod_ediv                               0x08003679   Thumb Code    42  btod.o(CL$$btod_ediv)
    _btod_emul                               0x080036a3   Thumb Code    42  btod.o(CL$$btod_emul)
    __btod_mult_common                       0x080036cd   Thumb Code   580  btod.o(CL$$btod_mult_common)
    __ARM_fpclassify                         0x08003911   Thumb Code    40  fpclassify.o(i.__ARM_fpclassify)
    _is_digit                                0x08003939   Thumb Code    14  __printf_wp.o(i._is_digit)
    _get_lc_ctype                            0x08003949   Thumb Code    44  lc_ctype_c.o(locale$$code)
    _get_lc_numeric                          0x08003975   Thumb Code    44  lc_numeric_c.o(locale$$code)
    _printf_fp_dec                           0x080039a1   Thumb Code     4  printf1.o(x$fpl$printf1)
    _printf_fp_hex                           0x080039a5   Thumb Code     4  printf2.o(x$fpl$printf2)
    __I$use$fp                               0x080039a8   Number         0  usenofp.o(x$fpl$usenofp)
    Region$$Table$$Base                      0x08003b54   Number         0  anon$$obj.o(Region$$Table)
    Region$$Table$$Limit                     0x08003b74   Number         0  anon$$obj.o(Region$$Table)
    __ctype                                  0x08003b81   Data           0  lc_ctype_c.o(locale$$data)
    AFIO_MAPR                                0x20000000   Data           4  i2c.o(.data.AFIO_MAPR)
    I2C_CR1                                  0x20000004   Data           4  i2c.o(.data.I2C_CR1)
    I2C_DR                                   0x20000008   Data           4  i2c.o(.data.I2C_DR)
    I2C_SR1                                  0x2000000c   Data           4  i2c.o(.data.I2C_SR1)
    I2C_SR2                                  0x20000010   Data           4  i2c.o(.data.I2C_SR2)
    __libspace_start                         0x20000018   Data          96  libspace.o(.bss)
    __temporary_stack_top$libspace           0x20000078   Data           0  libspace.o(.bss)
    _address                                 0x20000078   Data         128  main.o(.bss._address)
    _address2                                0x200000f8   Data         128  main.o(.bss._address2)
    _character                               0x20000178   Data           1  main.o(.bss._character)
    _characterread                           0x20000179   Data           1  eeprom.o(.bss._characterread)
    _length                                  0x2000017a   Data         128  main.o(.bss._length)
    _length2                                 0x200001fa   Data         128  main.o(.bss._length2)
    _number                                  0x2000027a   Data         128  main.o(.bss._number)
    _number2                                 0x200002fa   Data         128  main.o(.bss._number2)
    _numberread                              0x2000037c   Data           4  eeprom.o(.bss._numberread)
    _string                                  0x20000380   Data         128  main.o(.bss._string)
    _string2                                 0x20000400   Data         128  main.o(.bss._string2)
    _stringread                              0x20000480   Data          50  main.o(.bss._stringread)
    end_address                              0x200004b4   Data         512  eeprom.o(.bss.end_address)
    j                                        0x200006b4   Data           4  main.o(.bss.j)
    readnumber                               0x200006b8   Data          10  main.o(.bss.readnumber)
    rx_buf                                   0x200006c2   Data         128  main.o(.bss.rx_buf)
    rx_index                                 0x20000744   Data           4  main.o(.bss.rx_index)
    timer_cnt                                0x20000748   Data           4  timer.o(.bss.timer_cnt)



==============================================================================

Memory Map of the image

  Image Entry point : 0x080000ed

  Load Region LR_IROM1 (Base: 0x08000000, Size: 0x00003cb8, Max: 0x00010000, ABSOLUTE)

    Execution Region ER_IROM1 (Exec base: 0x08000000, Load base: 0x08000000, Size: 0x00003ca0, Max: 0x00010000, ABSOLUTE)

    Exec Addr    Load Addr    Size         Type   Attr      Idx    E Section Name        Object

    0x08000000   0x08000000   0x000000ec   Data   RO          157    RESET               startup_stm32f10x_md.o
    0x080000ec   0x080000ec   0x00000008   Code   RO          195  * !!!main             c_w.l(__main.o)
    0x080000f4   0x080000f4   0x0000005c   Code   RO          541    !!!scatter          c_w.l(__scatter.o)
    0x08000150   0x08000150   0x0000001a   Code   RO          545    !!handler_copy      c_w.l(__scatter_copy.o)
    0x0800016a   0x0800016a   0x00000002   PAD
    0x0800016c   0x0800016c   0x00000002   Code   RO          542    !!handler_null      c_w.l(__scatter.o)
    0x0800016e   0x0800016e   0x00000002   PAD
    0x08000170   0x08000170   0x0000001c   Code   RO          547    !!handler_zi        c_w.l(__scatter_zi.o)
    0x0800018c   0x0800018c   0x00000000   Code   RO          284    .ARM.Collect$$_printf_percent$$00000000  c_w.l(_printf_percent.o)
    0x0800018c   0x0800018c   0x00000006   Code   RO          273    .ARM.Collect$$_printf_percent$$00000001  c_w.l(_printf_n.o)
    0x08000192   0x08000192   0x00000006   Code   RO          275    .ARM.Collect$$_printf_percent$$00000002  c_w.l(_printf_p.o)
    0x08000198   0x08000198   0x00000006   Code   RO          280    .ARM.Collect$$_printf_percent$$00000003  c_w.l(_printf_f.o)
    0x0800019e   0x0800019e   0x00000006   Code   RO          281    .ARM.Collect$$_printf_percent$$00000004  c_w.l(_printf_e.o)
    0x080001a4   0x080001a4   0x00000006   Code   RO          282    .ARM.Collect$$_printf_percent$$00000005  c_w.l(_printf_g.o)
    0x080001aa   0x080001aa   0x00000006   Code   RO          283    .ARM.Collect$$_printf_percent$$00000006  c_w.l(_printf_a.o)
    0x080001b0   0x080001b0   0x0000000a   Code   RO          288    .ARM.Collect$$_printf_percent$$00000007  c_w.l(_printf_ll.o)
    0x080001ba   0x080001ba   0x00000006   Code   RO          277    .ARM.Collect$$_printf_percent$$00000008  c_w.l(_printf_i.o)
    0x080001c0   0x080001c0   0x00000006   Code   RO          278    .ARM.Collect$$_printf_percent$$00000009  c_w.l(_printf_d.o)
    0x080001c6   0x080001c6   0x00000006   Code   RO          279    .ARM.Collect$$_printf_percent$$0000000A  c_w.l(_printf_u.o)
    0x080001cc   0x080001cc   0x00000006   Code   RO          276    .ARM.Collect$$_printf_percent$$0000000B  c_w.l(_printf_o.o)
    0x080001d2   0x080001d2   0x00000006   Code   RO          274    .ARM.Collect$$_printf_percent$$0000000C  c_w.l(_printf_x.o)
    0x080001d8   0x080001d8   0x00000006   Code   RO          285    .ARM.Collect$$_printf_percent$$0000000D  c_w.l(_printf_lli.o)
    0x080001de   0x080001de   0x00000006   Code   RO          286    .ARM.Collect$$_printf_percent$$0000000E  c_w.l(_printf_lld.o)
    0x080001e4   0x080001e4   0x00000006   Code   RO          287    .ARM.Collect$$_printf_percent$$0000000F  c_w.l(_printf_llu.o)
    0x080001ea   0x080001ea   0x00000006   Code   RO          292    .ARM.Collect$$_printf_percent$$00000010  c_w.l(_printf_llo.o)
    0x080001f0   0x080001f0   0x00000006   Code   RO          293    .ARM.Collect$$_printf_percent$$00000011  c_w.l(_printf_llx.o)
    0x080001f6   0x080001f6   0x0000000a   Code   RO          289    .ARM.Collect$$_printf_percent$$00000012  c_w.l(_printf_l.o)
    0x08000200   0x08000200   0x00000006   Code   RO          271    .ARM.Collect$$_printf_percent$$00000013  c_w.l(_printf_c.o)
    0x08000206   0x08000206   0x00000006   Code   RO          272    .ARM.Collect$$_printf_percent$$00000014  c_w.l(_printf_s.o)
    0x0800020c   0x0800020c   0x00000006   Code   RO          290    .ARM.Collect$$_printf_percent$$00000015  c_w.l(_printf_lc.o)
    0x08000212   0x08000212   0x00000006   Code   RO          291    .ARM.Collect$$_printf_percent$$00000016  c_w.l(_printf_ls.o)
    0x08000218   0x08000218   0x00000004   Code   RO          341    .ARM.Collect$$_printf_percent$$00000017  c_w.l(_printf_percent_end.o)
    0x0800021c   0x0800021c   0x00000002   Code   RO          397    .ARM.Collect$$libinit$$00000000  c_w.l(libinit.o)
    0x0800021e   0x0800021e   0x00000000   Code   RO          408    .ARM.Collect$$libinit$$00000002  c_w.l(libinit2.o)
    0x0800021e   0x0800021e   0x00000000   Code   RO          410    .ARM.Collect$$libinit$$00000004  c_w.l(libinit2.o)
    0x0800021e   0x0800021e   0x00000000   Code   RO          412    .ARM.Collect$$libinit$$00000006  c_w.l(libinit2.o)
    0x0800021e   0x0800021e   0x00000000   Code   RO          415    .ARM.Collect$$libinit$$0000000C  c_w.l(libinit2.o)
    0x0800021e   0x0800021e   0x00000000   Code   RO          417    .ARM.Collect$$libinit$$0000000E  c_w.l(libinit2.o)
    0x0800021e   0x0800021e   0x00000000   Code   RO          419    .ARM.Collect$$libinit$$00000010  c_w.l(libinit2.o)
    0x0800021e   0x0800021e   0x00000006   Code   RO          420    .ARM.Collect$$libinit$$00000011  c_w.l(libinit2.o)
    0x08000224   0x08000224   0x00000000   Code   RO          422    .ARM.Collect$$libinit$$00000013  c_w.l(libinit2.o)
    0x08000224   0x08000224   0x0000000c   Code   RO          423    .ARM.Collect$$libinit$$00000014  c_w.l(libinit2.o)
    0x08000230   0x08000230   0x00000000   Code   RO          424    .ARM.Collect$$libinit$$00000015  c_w.l(libinit2.o)
    0x08000230   0x08000230   0x00000000   Code   RO          426    .ARM.Collect$$libinit$$00000017  c_w.l(libinit2.o)
    0x08000230   0x08000230   0x0000000a   Code   RO          427    .ARM.Collect$$libinit$$00000018  c_w.l(libinit2.o)
    0x0800023a   0x0800023a   0x00000000   Code   RO          428    .ARM.Collect$$libinit$$00000019  c_w.l(libinit2.o)
    0x0800023a   0x0800023a   0x00000000   Code   RO          430    .ARM.Collect$$libinit$$0000001B  c_w.l(libinit2.o)
    0x0800023a   0x0800023a   0x00000000   Code   RO          432    .ARM.Collect$$libinit$$0000001D  c_w.l(libinit2.o)
    0x0800023a   0x0800023a   0x00000000   Code   RO          434    .ARM.Collect$$libinit$$0000001F  c_w.l(libinit2.o)
    0x0800023a   0x0800023a   0x00000000   Code   RO          436    .ARM.Collect$$libinit$$00000021  c_w.l(libinit2.o)
    0x0800023a   0x0800023a   0x00000000   Code   RO          438    .ARM.Collect$$libinit$$00000023  c_w.l(libinit2.o)
    0x0800023a   0x0800023a   0x00000000   Code   RO          440    .ARM.Collect$$libinit$$00000025  c_w.l(libinit2.o)
    0x0800023a   0x0800023a   0x00000000   Code   RO          442    .ARM.Collect$$libinit$$00000027  c_w.l(libinit2.o)
    0x0800023a   0x0800023a   0x00000000   Code   RO          446    .ARM.Collect$$libinit$$0000002E  c_w.l(libinit2.o)
    0x0800023a   0x0800023a   0x00000000   Code   RO          448    .ARM.Collect$$libinit$$00000030  c_w.l(libinit2.o)
    0x0800023a   0x0800023a   0x00000000   Code   RO          450    .ARM.Collect$$libinit$$00000032  c_w.l(libinit2.o)
    0x0800023a   0x0800023a   0x00000000   Code   RO          452    .ARM.Collect$$libinit$$00000034  c_w.l(libinit2.o)
    0x0800023a   0x0800023a   0x00000002   Code   RO          453    .ARM.Collect$$libinit$$00000035  c_w.l(libinit2.o)
    0x0800023c   0x0800023c   0x00000002   Code   RO          477    .ARM.Collect$$libshutdown$$00000000  c_w.l(libshutdown.o)
    0x0800023e   0x0800023e   0x00000000   Code   RO          492    .ARM.Collect$$libshutdown$$00000002  c_w.l(libshutdown2.o)
    0x0800023e   0x0800023e   0x00000000   Code   RO          494    .ARM.Collect$$libshutdown$$00000004  c_w.l(libshutdown2.o)
    0x0800023e   0x0800023e   0x00000000   Code   RO          497    .ARM.Collect$$libshutdown$$00000007  c_w.l(libshutdown2.o)
    0x0800023e   0x0800023e   0x00000000   Code   RO          500    .ARM.Collect$$libshutdown$$0000000A  c_w.l(libshutdown2.o)
    0x0800023e   0x0800023e   0x00000000   Code   RO          502    .ARM.Collect$$libshutdown$$0000000C  c_w.l(libshutdown2.o)
    0x0800023e   0x0800023e   0x00000000   Code   RO          505    .ARM.Collect$$libshutdown$$0000000F  c_w.l(libshutdown2.o)
    0x0800023e   0x0800023e   0x00000002   Code   RO          506    .ARM.Collect$$libshutdown$$00000010  c_w.l(libshutdown2.o)
    0x08000240   0x08000240   0x00000000   Code   RO          197    .ARM.Collect$$rtentry$$00000000  c_w.l(__rtentry.o)
    0x08000240   0x08000240   0x00000000   Code   RO          308    .ARM.Collect$$rtentry$$00000002  c_w.l(__rtentry2.o)
    0x08000240   0x08000240   0x00000006   Code   RO          320    .ARM.Collect$$rtentry$$00000004  c_w.l(__rtentry4.o)
    0x08000246   0x08000246   0x00000000   Code   RO          310    .ARM.Collect$$rtentry$$00000009  c_w.l(__rtentry2.o)
    0x08000246   0x08000246   0x00000004   Code   RO          311    .ARM.Collect$$rtentry$$0000000A  c_w.l(__rtentry2.o)
    0x0800024a   0x0800024a   0x00000000   Code   RO          313    .ARM.Collect$$rtentry$$0000000C  c_w.l(__rtentry2.o)
    0x0800024a   0x0800024a   0x00000008   Code   RO          314    .ARM.Collect$$rtentry$$0000000D  c_w.l(__rtentry2.o)
    0x08000252   0x08000252   0x00000002   Code   RO          403    .ARM.Collect$$rtexit$$00000000  c_w.l(rtexit.o)
    0x08000254   0x08000254   0x00000000   Code   RO          455    .ARM.Collect$$rtexit$$00000002  c_w.l(rtexit2.o)
    0x08000254   0x08000254   0x00000004   Code   RO          456    .ARM.Collect$$rtexit$$00000003  c_w.l(rtexit2.o)
    0x08000258   0x08000258   0x00000006   Code   RO          457    .ARM.Collect$$rtexit$$00000004  c_w.l(rtexit2.o)
    0x0800025e   0x0800025e   0x00000002   PAD
    0x08000260   0x08000260   0x00000040   Code   RO          158    .text               startup_stm32f10x_md.o
    0x080002a0   0x080002a0   0x0000002c   Code   RO          183    .text               c_w.l(sprintf.o)
    0x080002cc   0x080002cc   0x0000001a   Code   RO          185    .text               c_w.l(atoi.o)
    0x080002e6   0x080002e6   0x00000048   Code   RO          187    .text               c_w.l(strcpy.o)
    0x0800032e   0x0800032e   0x0000003e   Code   RO          189    .text               c_w.l(strlen.o)
    0x0800036c   0x0800036c   0x00000080   Code   RO          191    .text               c_w.l(strcmpv7m.o)
    0x080003ec   0x080003ec   0x00000006   Code   RO          193    .text               c_w.l(heapauxi.o)
    0x080003f2   0x080003f2   0x00000002   PAD
    0x080003f4   0x080003f4   0x00000008   Code   RO          201    .text               c_w.l(rt_errno_addr_intlibspace.o)
    0x080003fc   0x080003fc   0x0000004e   Code   RO          205    .text               c_w.l(_printf_pad.o)
    0x0800044a   0x0800044a   0x00000024   Code   RO          207    .text               c_w.l(_printf_truncate.o)
    0x0800046e   0x0800046e   0x00000052   Code   RO          209    .text               c_w.l(_printf_str.o)
    0x080004c0   0x080004c0   0x00000078   Code   RO          211    .text               c_w.l(_printf_dec.o)
    0x08000538   0x08000538   0x00000028   Code   RO          213    .text               c_w.l(_printf_charcount.o)
    0x08000560   0x08000560   0x00000030   Code   RO          215    .text               c_w.l(_printf_char_common.o)
    0x08000590   0x08000590   0x0000000a   Code   RO          217    .text               c_w.l(_sputc.o)
    0x0800059a   0x0800059a   0x00000002   PAD
    0x0800059c   0x0800059c   0x000000bc   Code   RO          219    .text               c_w.l(_printf_wctomb.o)
    0x08000658   0x08000658   0x0000007c   Code   RO          222    .text               c_w.l(_printf_longlong_dec.o)
    0x080006d4   0x080006d4   0x00000070   Code   RO          228    .text               c_w.l(_printf_oct_int_ll.o)
    0x08000744   0x08000744   0x00000094   Code   RO          248    .text               c_w.l(_printf_hex_int_ll_ptr.o)
    0x080007d8   0x080007d8   0x00000188   Code   RO          268    .text               c_w.l(__printf_flags_ss_wp.o)
    0x08000960   0x08000960   0x00000070   Code   RO          294    .text               c_w.l(strtol.o)
    0x080009d0   0x080009d0   0x00000008   Code   RO          304    .text               c_w.l(libspace.o)
    0x080009d8   0x080009d8   0x00000010   Code   RO          322    .text               c_w.l(rt_ctype_table.o)
    0x080009e8   0x080009e8   0x0000008a   Code   RO          324    .text               c_w.l(lludiv10.o)
    0x08000a72   0x08000a72   0x000000b2   Code   RO          326    .text               c_w.l(_printf_intcommon.o)
    0x08000b24   0x08000b24   0x0000041c   Code   RO          328    .text               c_w.l(_printf_fp_dec.o)
    0x08000f40   0x08000f40   0x000002fc   Code   RO          332    .text               c_w.l(_printf_fp_hex.o)
    0x0800123c   0x0800123c   0x0000002c   Code   RO          337    .text               c_w.l(_printf_char.o)
    0x08001268   0x08001268   0x0000002c   Code   RO          339    .text               c_w.l(_printf_wchar.o)
    0x08001294   0x08001294   0x0000009e   Code   RO          342    .text               c_w.l(_strtoul.o)
    0x08001332   0x08001332   0x00000048   Code   RO          344    .text               c_w.l(_c16rtomb.o)
    0x0800137a   0x0800137a   0x0000004a   Code   RO          346    .text               c_w.l(sys_stackheap_outer.o)
    0x080013c4   0x080013c4   0x00000008   Code   RO          351    .text               c_w.l(rt_locale_intlibspace.o)
    0x080013cc   0x080013cc   0x00000080   Code   RO          353    .text               c_w.l(_printf_fp_infnan.o)
    0x0800144c   0x0800144c   0x0000001c   Code   RO          355    .text               c_w.l(_chval.o)
    0x08001468   0x08001468   0x000000e4   Code   RO          357    .text               c_w.l(bigflt0.o)
    0x0800154c   0x0800154c   0x00000012   Code   RO          390    .text               c_w.l(exit.o)
    0x0800155e   0x0800155e   0x00000002   PAD
    0x08001560   0x08001560   0x0000000c   Code   RO          467    .text               c_w.l(sys_exit.o)
    0x0800156c   0x0800156c   0x00000002   Code   RO          482    .text               c_w.l(use_no_semi.o)
    0x0800156e   0x0800156e   0x00000000   Code   RO          484    .text               c_w.l(indicate_semi.o)
    0x0800156e   0x0800156e   0x00000002   PAD
    0x08001570   0x08001570   0x00000090   Code   RO           87    .text.Address_EEPROM  eeprom.o
    0x08001600   0x08001600   0x0000005e   Code   RO           42    .text.Address_Init  gpio.o
    0x0800165e   0x0800165e   0x00000002   PAD
    0x08001660   0x08001660   0x00000038   Code   RO           57    .text.Clock_HSE_Init  rcc.o
    0x08001698   0x08001698   0x00000044   Code   RO           44    .text.Enable_Init   gpio.o
    0x080016dc   0x080016dc   0x0000005c   Code   RO           48    .text.GPIO_Read_Pin  gpio.o
    0x08001738   0x08001738   0x000000a2   Code   RO           46    .text.GPIO_Write_Pin  gpio.o
    0x080017da   0x080017da   0x00000002   PAD
    0x080017dc   0x080017dc   0x00000050   Code   RO          117    .text.I2C_Address   i2c.o
    0x0800182c   0x0800182c   0x000000c2   Code   RO          111    .text.I2C_Init      i2c.o
    0x080018ee   0x080018ee   0x00000002   PAD
    0x080018f0   0x080018f0   0x00000030   Code   RO          113    .text.I2C_Start     i2c.o
    0x08001920   0x08001920   0x00000014   Code   RO          119    .text.I2C_Stop      i2c.o
    0x08001934   0x08001934   0x0000004a   Code   RO          115    .text.I2C_Write     i2c.o
    0x0800197e   0x0800197e   0x00000002   PAD
    0x08001980   0x08001980   0x00000084   Code   RO           40    .text.IO_Input_Init  gpio.o
    0x08001a04   0x08001a04   0x00000084   Code   RO           38    .text.IO_Output_Init  gpio.o
    0x08001a88   0x08001a88   0x0000002c   Code   RO          141    .text.LCD_Clear     lcd.o
    0x08001ab4   0x08001ab4   0x00000082   Code   RO          145    .text.LCD_Init      lcd.o
    0x08001b36   0x08001b36   0x00000002   PAD
    0x08001b38   0x08001b38   0x00000038   Code   RO          143    .text.LCD_Put_Cur   lcd.o
    0x08001b70   0x08001b70   0x0000005e   Code   RO          137    .text.LCD_Send_Command  lcd.o
    0x08001bce   0x08001bce   0x00000002   PAD
    0x08001bd0   0x08001bd0   0x0000005e   Code   RO          139    .text.LCD_Sent_Data  lcd.o
    0x08001c2e   0x08001c2e   0x00000002   PAD
    0x08001c30   0x08001c30   0x00000022   Code   RO          147    .text.LCD_Sent_String  lcd.o
    0x08001c52   0x08001c52   0x00000002   PAD
    0x08001c54   0x08001c54   0x00000046   Code   RO          135    .text.LCD_Write     lcd.o
    0x08001c9a   0x08001c9a   0x00000002   PAD
    0x08001c9c   0x08001c9c   0x000000c0   Code   RO           97    .text.Read_Character_EEPROM  eeprom.o
    0x08001d5c   0x08001d5c   0x0000002a   Code   RO           99    .text.Read_Data     eeprom.o
    0x08001d86   0x08001d86   0x00000002   PAD
    0x08001d88   0x08001d88   0x000000c0   Code   RO           95    .text.Read_Number_EEPROM  eeprom.o
    0x08001e48   0x08001e48   0x00000008   Code   RO          167    .text.SetSysClock   system_stm32f10x.o
    0x08001e50   0x08001e50   0x00000122   Code   RO          171    .text.SetSysClockTo72  system_stm32f10x.o
    0x08001f72   0x08001f72   0x00000002   PAD
    0x08001f74   0x08001f74   0x00000066   Code   RO          165    .text.SystemInit    system_stm32f10x.o
    0x08001fda   0x08001fda   0x00000002   PAD
    0x08001fdc   0x08001fdc   0x00000078   Code   RO           73    .text.TIM1_Init     timer.o
    0x08002054   0x08002054   0x00000028   Code   RO           75    .text.TIM1_UP_IRQHandler  timer.o
    0x0800207c   0x0800207c   0x0000002a   Code   RO           77    .text.TIM1_delay    timer.o
    0x080020a6   0x080020a6   0x00000002   PAD
    0x080020a8   0x080020a8   0x0000009a   Code   RO           65    .text.UART_Init     uart.o
    0x08002142   0x08002142   0x00000002   PAD
    0x08002144   0x08002144   0x00000d40   Code   RO           10    .text.UART_ReadWrite_EEPROM  main.o
    0x08002e84   0x08002e84   0x00000046   Code   RO            2    .text.UART_Send_Byte  main.o
    0x08002eca   0x08002eca   0x00000002   PAD
    0x08002ecc   0x08002ecc   0x00000030   Code   RO            4    .text.UART_Send_MultiByte  main.o
    0x08002efc   0x08002efc   0x0000002e   Code   RO            8    .text.USART2_IRQHandler  main.o
    0x08002f2a   0x08002f2a   0x00000002   PAD
    0x08002f2c   0x08002f2c   0x000000de   Code   RO           91    .text.Write_Character_EEPROM  eeprom.o
    0x0800300a   0x0800300a   0x00000002   PAD
    0x0800300c   0x0800300c   0x000000de   Code   RO           89    .text.Write_Number_EEPROM  eeprom.o
    0x080030ea   0x080030ea   0x00000002   PAD
    0x080030ec   0x080030ec   0x00000054   Code   RO           93    .text.Write_String_EEPROM  eeprom.o
    0x08003140   0x08003140   0x0000003e   Code   RO           12    .text.main          main.o
    0x0800317e   0x0800317e   0x0000003e   Code   RO          360    CL$$btod_d2e        c_w.l(btod.o)
    0x080031bc   0x080031bc   0x00000046   Code   RO          362    CL$$btod_d2e_denorm_low  c_w.l(btod.o)
    0x08003202   0x08003202   0x00000060   Code   RO          361    CL$$btod_d2e_norm_op1  c_w.l(btod.o)
    0x08003262   0x08003262   0x00000002   PAD
    0x08003264   0x08003264   0x00000338   Code   RO          370    CL$$btod_div_common  c_w.l(btod.o)
    0x0800359c   0x0800359c   0x000000dc   Code   RO          367    CL$$btod_e2e        c_w.l(btod.o)
    0x08003678   0x08003678   0x0000002a   Code   RO          364    CL$$btod_ediv       c_w.l(btod.o)
    0x080036a2   0x080036a2   0x0000002a   Code   RO          363    CL$$btod_emul       c_w.l(btod.o)
    0x080036cc   0x080036cc   0x00000244   Code   RO          369    CL$$btod_mult_common  c_w.l(btod.o)
    0x08003910   0x08003910   0x00000028   Code   RO          401    i.__ARM_fpclassify  m_ws.l(fpclassify.o)
    0x08003938   0x08003938   0x0000000e   Code   RO          261    i._is_digit         c_w.l(__printf_wp.o)
    0x08003946   0x08003946   0x00000002   PAD
    0x08003948   0x08003948   0x0000002c   Code   RO          385    locale$$code        c_w.l(lc_ctype_c.o)
    0x08003974   0x08003974   0x0000002c   Code   RO          388    locale$$code        c_w.l(lc_numeric_c.o)
    0x080039a0   0x080039a0   0x00000004   Code   RO          296    x$fpl$printf1       fz_ws.l(printf1.o)
    0x080039a4   0x080039a4   0x00000004   Code   RO          298    x$fpl$printf2       fz_ws.l(printf2.o)
    0x080039a8   0x080039a8   0x00000000   Code   RO          400    x$fpl$usenofp       fz_ws.l(usenofp.o)
    0x080039a8   0x080039a8   0x00000008   Data   RO          220    .constdata          c_w.l(_printf_wctomb.o)
    0x080039b0   0x080039b0   0x00000028   Data   RO          249    .constdata          c_w.l(_printf_hex_int_ll_ptr.o)
    0x080039d8   0x080039d8   0x00000011   Data   RO          269    .constdata          c_w.l(__printf_flags_ss_wp.o)
    0x080039e9   0x080039e9   0x00000026   Data   RO          333    .constdata          c_w.l(_printf_fp_hex.o)
    0x08003a0f   0x08003a0f   0x00000001   PAD
    0x08003a10   0x08003a10   0x00000094   Data   RO          358    .constdata          c_w.l(bigflt0.o)
    0x08003aa4   0x08003aa4   0x000000af   Data   RO           18    .rodata.str1.1      main.o
    0x08003b53   0x08003b53   0x00000001   PAD
    0x08003b54   0x08003b54   0x00000020   Data   RO          540    Region$$Table       anon$$obj.o
    0x08003b74   0x08003b74   0x00000110   Data   RO          384    locale$$data        c_w.l(lc_ctype_c.o)
    0x08003c84   0x08003c84   0x0000001c   Data   RO          387    locale$$data        c_w.l(lc_numeric_c.o)


    Execution Region RW_IRAM1 (Exec base: 0x20000000, Load base: 0x08003ca0, Size: 0x00000d50, Max: 0x00005000, ABSOLUTE)

    Exec Addr    Load Addr    Size         Type   Attr      Idx    E Section Name        Object

    0x20000000   0x08003ca0   0x00000004   Data   RW          127    .data.AFIO_MAPR     i2c.o
    0x20000004   0x08003ca4   0x00000004   Data   RW          126    .data.I2C_CR1       i2c.o
    0x20000008   0x08003ca8   0x00000004   Data   RW          123    .data.I2C_DR        i2c.o
    0x2000000c   0x08003cac   0x00000004   Data   RW          124    .data.I2C_SR1       i2c.o
    0x20000010   0x08003cb0   0x00000004   Data   RW          125    .data.I2C_SR2       i2c.o
    0x20000014   0x08003cb4   0x00000004   PAD
    0x20000018        -       0x00000060   Zero   RW          305    .bss                c_w.l(libspace.o)
    0x20000078        -       0x00000080   Zero   RW           21    .bss._address       main.o
    0x200000f8        -       0x00000080   Zero   RW           22    .bss._address2      main.o
    0x20000178        -       0x00000001   Zero   RW           23    .bss._character     main.o
    0x20000179        -       0x00000001   Zero   RW          103    .bss._characterread  eeprom.o
    0x2000017a        -       0x00000080   Zero   RW           27    .bss._length        main.o
    0x200001fa        -       0x00000080   Zero   RW           28    .bss._length2       main.o
    0x2000027a        -       0x00000080   Zero   RW           19    .bss._number        main.o
    0x200002fa        -       0x00000080   Zero   RW           20    .bss._number2       main.o
    0x2000037a   0x08003cb4   0x00000002   PAD
    0x2000037c        -       0x00000004   Zero   RW          101    .bss._numberread    eeprom.o
    0x20000380        -       0x00000080   Zero   RW           24    .bss._string        main.o
    0x20000400        -       0x00000080   Zero   RW           25    .bss._string2       main.o
    0x20000480        -       0x00000032   Zero   RW           29    .bss._stringread    main.o
    0x200004b2   0x08003cb4   0x00000002   PAD
    0x200004b4        -       0x00000200   Zero   RW          102    .bss.end_address    eeprom.o
    0x200006b4        -       0x00000004   Zero   RW           16    .bss.j              main.o
    0x200006b8        -       0x0000000a   Zero   RW           26    .bss.readnumber     main.o
    0x200006c2        -       0x00000080   Zero   RW           17    .bss.rx_buf         main.o
    0x20000742   0x08003cb4   0x00000002   PAD
    0x20000744        -       0x00000004   Zero   RW           14    .bss.rx_index       main.o
    0x20000748        -       0x00000004   Zero   RW           79    .bss.timer_cnt      timer.o
    0x2000074c   0x08003cb4   0x00000004   PAD
    0x20000750        -       0x00000200   Zero   RW          156    HEAP                startup_stm32f10x_md.o
    0x20000950        -       0x00000400   Zero   RW          155    STACK               startup_stm32f10x_md.o


==============================================================================

Image component sizes


      Code (inc. data)   RO Data    RW Data    ZI Data      Debug   Object Name

      1098          0          0          0        517       2196   eeprom.o
       680          0          0          0          0       2000   gpio.o
       416          0          0         20          0       1669   i2c.o
       522          0          0          0          0       1787   lcd.o
      3618          0        175          0       1221       4001   main.o
        56          0          0          0          0        556   rcc.o
        64         26        236          0       1536        856   startup_stm32f10x_md.o
       400          0          0          0          0       2981   system_stm32f10x.o
       202          0          0          0          4       1074   timer.o
       154          0          0          0          0        740   uart.o

    ----------------------------------------------------------------------
      7246         26        444         20       3292      17860   Object Totals
         0          0         32          0          0          0   (incl. Generated)
        36          0          1          0         14          0   (incl. Padding)

    ----------------------------------------------------------------------

      Code (inc. data)   RO Data    RW Data    ZI Data      Debug   Library Member Name

         8          0          0          0          0         68   __main.o
       392          4         17          0          0         92   __printf_flags_ss_wp.o
        14          0          0          0          0         68   __printf_wp.o
         0          0          0          0          0          0   __rtentry.o
        12          0          0          0          0          0   __rtentry2.o
         6          0          0          0          0          0   __rtentry4.o
        94          8          0          0          0          0   __scatter.o
        26          0          0          0          0          0   __scatter_copy.o
        28          0          0          0          0          0   __scatter_zi.o
        72          0          0          0          0         96   _c16rtomb.o
        28          0          0          0          0         68   _chval.o
         6          0          0          0          0          0   _printf_a.o
         6          0          0          0          0          0   _printf_c.o
        44          0          0          0          0        108   _printf_char.o
        48          6          0          0          0         96   _printf_char_common.o
        40          0          0          0          0         68   _printf_charcount.o
         6          0          0          0          0          0   _printf_d.o
       120         16          0          0          0         92   _printf_dec.o
         6          0          0          0          0          0   _printf_e.o
         6          0          0          0          0          0   _printf_f.o
      1052          0          0          0          0        148   _printf_fp_dec.o
       764          8         38          0          0        100   _printf_fp_hex.o
       128         16          0          0          0         84   _printf_fp_infnan.o
         6          0          0          0          0          0   _printf_g.o
       148          4         40          0          0        160   _printf_hex_int_ll_ptr.o
         6          0          0          0          0          0   _printf_i.o
       178          0          0          0          0         88   _printf_intcommon.o
        10          0          0          0          0          0   _printf_l.o
         6          0          0          0          0          0   _printf_lc.o
        10          0          0          0          0          0   _printf_ll.o
         6          0          0          0          0          0   _printf_lld.o
         6          0          0          0          0          0   _printf_lli.o
         6          0          0          0          0          0   _printf_llo.o
         6          0          0          0          0          0   _printf_llu.o
         6          0          0          0          0          0   _printf_llx.o
       124         16          0          0          0         92   _printf_longlong_dec.o
         6          0          0          0          0          0   _printf_ls.o
         6          0          0          0          0          0   _printf_n.o
         6          0          0          0          0          0   _printf_o.o
       112          8          0          0          0        124   _printf_oct_int_ll.o
         6          0          0          0          0          0   _printf_p.o
        78          0          0          0          0        108   _printf_pad.o
         0          0          0          0          0          0   _printf_percent.o
         4          0          0          0          0          0   _printf_percent_end.o
         6          0          0          0          0          0   _printf_s.o
        82          0          0          0          0         80   _printf_str.o
        36          0          0          0          0         84   _printf_truncate.o
         6          0          0          0          0          0   _printf_u.o
        44          0          0          0          0        108   _printf_wchar.o
       188          6          8          0          0         92   _printf_wctomb.o
         6          0          0          0          0          0   _printf_x.o
        10          0          0          0          0         68   _sputc.o
       158          0          0          0          0         92   _strtoul.o
        26          0          0          0          0         80   atoi.o
       228          4        148          0          0         96   bigflt0.o
      1936        128          0          0          0        668   btod.o
        18          0          0          0          0         80   exit.o
         6          0          0          0          0        152   heapauxi.o
         0          0          0          0          0          0   indicate_semi.o
        44         10        272          0          0         76   lc_ctype_c.o
        44         10         28          0          0         76   lc_numeric_c.o
         2          0          0          0          0          0   libinit.o
        30          0          0          0          0          0   libinit2.o
         2          0          0          0          0          0   libshutdown.o
         2          0          0          0          0          0   libshutdown2.o
         8          4          0          0         96         68   libspace.o
       138          0          0          0          0         80   lludiv10.o
        16          4          0          0          0         76   rt_ctype_table.o
         8          4          0          0          0         68   rt_errno_addr_intlibspace.o
         8          4          0          0          0         68   rt_locale_intlibspace.o
         2          0          0          0          0          0   rtexit.o
        10          0          0          0          0          0   rtexit2.o
        44          6          0          0          0         84   sprintf.o
       128          0          0          0          0         68   strcmpv7m.o
        72          0          0          0          0         80   strcpy.o
        62          0          0          0          0         76   strlen.o
       112          0          0          0          0         88   strtol.o
        12          4          0          0          0         68   sys_exit.o
        74          0          0          0          0         80   sys_stackheap_outer.o
         2          0          0          0          0         68   use_no_semi.o
         4          0          0          0          0         68   printf1.o
         4          0          0          0          0         68   printf2.o
         0          0          0          0          0          0   usenofp.o
        40          0          0          0          0         68   fpclassify.o

    ----------------------------------------------------------------------
      7278        270        552          0         96       4588   Library Totals
        18          0          1          0          0          0   (incl. Padding)

    ----------------------------------------------------------------------

      Code (inc. data)   RO Data    RW Data    ZI Data      Debug   Library Name

      7212        270        551          0         96       4384   c_w.l
         8          0          0          0          0        136   fz_ws.l
        40          0          0          0          0         68   m_ws.l

    ----------------------------------------------------------------------
      7278        270        552          0         96       4588   Library Totals

    ----------------------------------------------------------------------

==============================================================================


      Code (inc. data)   RO Data    RW Data    ZI Data      Debug   

     14524        296        996         20       3388      19856   Grand Totals
     14524        296        996         20       3388      19856   ELF Image Totals
     14524        296        996         20          0          0   ROM Totals

==============================================================================

    Total RO  Size (Code + RO Data)                15520 (  15.16kB)
    Total RW  Size (RW Data + ZI Data)              3408 (   3.33kB)
    Total ROM Size (Code + RO Data + RW Data)      15540 (  15.18kB)

==============================================================================

