Component: Arm Compiler for Embedded 6.19 Tool: armlink [5e73cb00]

==============================================================================

Section Cross References

    main.o(.text.main) refers to rcc.o(.text.Clock_HSE_Init) for Clock_HSE_Init
    main.o(.text.main) refers to timer.o(.text.TIM1_Init) for TIM1_Init
    main.o(.text.main) refers to uart.o(.text.UART_Init) for UART_Init
    main.o(.text.main) refers to gpio.o(.text.Enable_Init) for Enable_Init
    main.o(.text.main) refers to uart.o(.text.UART_Write_EEPROM) for UART_Write_EEPROM
    main.o(.text.main) refers to uart.o(.text.UART_Read_EEPROM) for UART_Read_EEPROM
    main.o(.ARM.exidx.text.main) refers to main.o(.text.main) for [Anonymous Symbol]
    gpio.o(.ARM.exidx.text.IO_Output_Init) refers to gpio.o(.text.IO_Output_Init) for [Anonymous Symbol]
    gpio.o(.ARM.exidx.text.IO_Input_Init) refers to gpio.o(.text.IO_Input_Init) for [Anonymous Symbol]
    gpio.o(.ARM.exidx.text.Address_Init) refers to gpio.o(.text.Address_Init) for [Anonymous Symbol]
    gpio.o(.ARM.exidx.text.Enable_Init) refers to gpio.o(.text.Enable_Init) for [Anonymous Symbol]
    gpio.o(.ARM.exidx.text.GPIO_Write_Pin) refers to gpio.o(.text.GPIO_Write_Pin) for [Anonymous Symbol]
    gpio.o(.ARM.exidx.text.GPIO_Read_Pin) refers to gpio.o(.text.GPIO_Read_Pin) for [Anonymous Symbol]
    rcc.o(.ARM.exidx.text.Clock_HSE_Init) refers to rcc.o(.text.Clock_HSE_Init) for [Anonymous Symbol]
    uart.o(.ARM.exidx.text.UART_Init) refers to uart.o(.text.UART_Init) for [Anonymous Symbol]
    uart.o(.ARM.exidx.text.UART_Send_Byte) refers to uart.o(.text.UART_Send_Byte) for [Anonymous Symbol]
    uart.o(.text.UART_Send_MultiByte) refers to uart.o(.text.UART_Send_Byte) for UART_Send_Byte
    uart.o(.ARM.exidx.text.UART_Send_MultiByte) refers to uart.o(.text.UART_Send_MultiByte) for [Anonymous Symbol]
    uart.o(.text.USART2_IRQHandler) refers to uart.o(.bss.rx_index) for rx_index
    uart.o(.text.USART2_IRQHandler) refers to uart.o(.bss.rx_buf) for rx_buf
    uart.o(.ARM.exidx.text.USART2_IRQHandler) refers to uart.o(.text.USART2_IRQHandler) for [Anonymous Symbol]
    uart.o(.ARM.exidx.text.UART_Receive_Byte) refers to uart.o(.text.UART_Receive_Byte) for [Anonymous Symbol]
    uart.o(.text.UART_Write_EEPROM) refers to uart.o(.bss.rx_buf) for rx_buf
    uart.o(.text.UART_Write_EEPROM) refers to uart.o(.rodata.str1.1) for .L.str
    uart.o(.text.UART_Write_EEPROM) refers to strcmpv7m.o(.text) for strcmp
    uart.o(.text.UART_Write_EEPROM) refers to uart.o(.text.UART_Send_Byte) for UART_Send_Byte
    uart.o(.text.UART_Write_EEPROM) refers to uart.o(.text.UART_Send_MultiByte) for UART_Send_MultiByte
    uart.o(.text.UART_Write_EEPROM) refers to uart.o(.bss.rx_index) for rx_index
    uart.o(.text.UART_Write_EEPROM) refers to strcpy.o(.text) for strcpy
    uart.o(.text.UART_Write_EEPROM) refers to uart.o(.bss._number) for _number
    uart.o(.text.UART_Write_EEPROM) refers to strlen.o(.text) for strlen
    uart.o(.text.UART_Write_EEPROM) refers to uart.o(.bss._address) for _address
    uart.o(.text.UART_Write_EEPROM) refers to atoi.o(.text) for atoi
    uart.o(.text.UART_Write_EEPROM) refers to eeprom.o(.text.Write_Number_EEPROM) for Write_Number_EEPROM
    uart.o(.text.UART_Write_EEPROM) refers to uart.o(.bss._character) for _character
    uart.o(.text.UART_Write_EEPROM) refers to eeprom.o(.text.Write_Character_EEPROM) for Write_Character_EEPROM
    uart.o(.text.UART_Write_EEPROM) refers to uart.o(.bss._string) for _string
    uart.o(.text.UART_Write_EEPROM) refers to eeprom.o(.text.Write_String_EEPROM) for Write_String_EEPROM
    uart.o(.ARM.exidx.text.UART_Write_EEPROM) refers to uart.o(.text.UART_Write_EEPROM) for [Anonymous Symbol]
    uart.o(.text.UART_Read_EEPROM) refers to uart.o(.bss.rx_buf) for rx_buf
    uart.o(.text.UART_Read_EEPROM) refers to uart.o(.rodata.str1.1) for .L.str.8
    uart.o(.text.UART_Read_EEPROM) refers to strcmpv7m.o(.text) for strcmp
    uart.o(.text.UART_Read_EEPROM) refers to uart.o(.text.UART_Send_Byte) for UART_Send_Byte
    uart.o(.text.UART_Read_EEPROM) refers to uart.o(.text.UART_Send_MultiByte) for UART_Send_MultiByte
    uart.o(.text.UART_Read_EEPROM) refers to uart.o(.bss.rx_index) for rx_index
    uart.o(.text.UART_Read_EEPROM) refers to strcpy.o(.text) for strcpy
    uart.o(.text.UART_Read_EEPROM) refers to uart.o(.bss._address) for _address
    uart.o(.text.UART_Read_EEPROM) refers to strlen.o(.text) for strlen
    uart.o(.text.UART_Read_EEPROM) refers to atoi.o(.text) for atoi
    uart.o(.text.UART_Read_EEPROM) refers to eeprom.o(.text.Read_Data) for Read_Data
    uart.o(.text.UART_Read_EEPROM) refers to eeprom.o(.text.Read_Number_EEPROM) for Read_Number_EEPROM
    uart.o(.text.UART_Read_EEPROM) refers to uart.o(.bss.readnumber) for readnumber
    uart.o(.text.UART_Read_EEPROM) refers to sprintf.o(.text) for sprintf
[...]
    ../clib/printf.c                         0x00000000   Number         0  sprintf.o ABSOLUTE
    ../clib/printf.c                         0x00000000   Number         0  __printf.o ABSOLUTE
    ../clib/printf.c                         0x00000000   Number         0  _printf_pad.o ABSOLUTE
    ../clib/printf.c                         0x00000000   Number         0  _printf_truncate.o ABSOLUTE
    ../clib/printf.c                         0x00000000   Number         0  _printf_str.o ABSOLUTE
    ../clib/printf.c                         0x00000000   Number         0  _printf_dec.o ABSOLUTE
    ../clib/printf.c                         0x00000000   Number         0  _printf_charcount.o ABSOLUTE
    ../clib/printf.c                         0x00000000   Number         0  _printf_char_common.o ABSOLUTE
    ../clib/printf.c                         0x00000000   Number         0  _sputc.o ABSOLUTE
    ../clib/printf.c                         0x00000000   Number         0  _printf_wctomb.o ABSOLUTE
    ../clib/printf.c                         0x00000000   Number         0  _printf_longlong_dec.o ABSOLUTE
    ../clib/printf.c                         0x00000000   Number         0  _printf_oct_ll.o ABSOLUTE
    ../clib/printf.c                         0x00000000   Number         0  _printf_oct_int.o ABSOLUTE
    ../clib/printf.c                         0x00000000   Number         0  _printf_oct_int_ll.o ABSOLUTE
    ../clib/printf.c                         0x00000000   Number         0  _printf_hex_ll.o ABSOLUTE
    ../clib/printf.c                         0x00000000   Number         0  _printf_hex_int.o ABSOLUTE
    ../clib/printf.c                         0x00000000   Number         0  _printf_hex_int_ll.o ABSOLUTE
    ../clib/printf.c                         0x00000000   Number         0  _printf_hex_ptr.o ABSOLUTE
    ../clib/printf.c                         0x00000000   Number         0  _printf_hex_int_ptr.o ABSOLUTE
    ../clib/printf.c                         0x00000000   Number         0  _printf_hex_ll_ptr.o ABSOLUTE
    ../clib/printf.c                         0x00000000   Number         0  _printf_hex_int_ll_ptr.o ABSOLUTE
    ../clib/printf.c                         0x00000000   Number         0  __printf_flags.o ABSOLUTE
    ../clib/printf.c                         0x00000000   Number         0  __printf_ss.o ABSOLUTE
    ../clib/printf.c                         0x00000000   Number         0  __printf_flags_ss.o ABSOLUTE
    ../clib/printf.c                         0x00000000   Number         0  __printf_wp.o ABSOLUTE
    ../clib/printf.c                         0x00000000   Number         0  __printf_flags_wp.o ABSOLUTE
    ../clib/printf.c                         0x00000000   Number         0  __printf_ss_wp.o ABSOLUTE
    ../clib/printf.c                         0x00000000   Number         0  __printf_flags_ss_wp.o ABSOLUTE
    ../clib/printf.c                         0x00000000   Number         0  _printf_intcommon.o ABSOLUTE
    ../clib/printf.c                         0x00000000   Number         0  _printf_fp_dec.o ABSOLUTE
    ../clib/printf.c                         0x00000000   Number         0  _printf_fp_dec_accurate.o ABSOLUTE
    ../clib/printf.c                         0x00000000   Number         0  _printf_fp_hex.o ABSOLUTE
    ../clib/printf.c                         0x00000000   Number         0  __printf_nopercent.o ABSOLUTE
    ../clib/printf.c                         0x00000000   Number         0  _printf_char.o ABSOLUTE
    ../clib/printf.c                         0x00000000   Number         0  _printf_wchar.o ABSOLUTE
    ../clib/printf.c                         0x00000000   Number         0  _printf_fp_infnan.o ABSOLUTE
    ../clib/printf_percent.s                 0x00000000   Number         0  _printf_c.o ABSOLUTE
    ../clib/printf_percent.s                 0x00000000   Number         0  _printf_s.o ABSOLUTE
    ../clib/printf_percent.s                 0x00000000   Number         0  _printf_n.o ABSOLUTE
    ../clib/printf_percent.s                 0x00000000   Number         0  _printf_x.o ABSOLUTE
    ../clib/printf_percent.s                 0x00000000   Number         0  _printf_p.o ABSOLUTE
    ../clib/printf_percent.s                 0x00000000   Number         0  _printf_o.o ABSOLUTE
    ../clib/printf_percent.s                 0x00000000   Number         0  _printf_i.o ABSOLUTE
    ../clib/printf_percent.s                 0x00000000   Number         0  _printf_d.o ABSOLUTE
    ../clib/printf_percent.s                 0x00000000   Number         0  _printf_u.o ABSOLUTE
    ../clib/printf_percent.s                 0x00000000   Number         0  _printf_f.o ABSOLUTE
    ../clib/printf_percent.s                 0x00000000   Number         0  _printf_e.o ABSOLUTE
    ../clib/printf_percent.s                 0x00000000   Number         0  _printf_g.o ABSOLUTE
    ../clib/printf_percent.s                 0x00000000   Number         0  _printf_a.o ABSOLUTE
    ../clib/printf_percent.s                 0x00000000   Number         0  _printf_percent.o ABSOLUTE
    ../clib/printf_percent.s                 0x00000000   Number         0  _printf_lli.o ABSOLUTE
    ../clib/printf_percent.s                 0x00000000   Number         0  _printf_lld.o ABSOLUTE
    ../clib/printf_percent.s                 0x00000000   Number         0  _printf_llu.o ABSOLUTE
    ../clib/printf_percent.s                 0x00000000   Number         0  _printf_ll.o ABSOLUTE
    ../clib/printf_percent.s                 0x00000000   Number         0  _printf_l.o ABSOLUTE
    ../clib/printf_percent.s                 0x00000000   Number         0  _printf_lc.o ABSOLUTE
    ../clib/printf_percent.s                 0x00000000   Number         0  _printf_ls.o ABSOLUTE
    ../clib/printf_percent.s                 0x00000000   Number         0  _printf_llo.o ABSOLUTE
    ../clib/printf_percent.s                 0x00000000   Number         0  _printf_llx.o ABSOLUTE
    ../clib/printf_percent.s                 0x00000000   Number         0  _printf_percent_end.o ABSOLUTE
    ../clib/scanf.c                          0x00000000   Number         0  atoi.o ABSOLUTE
    ../clib/scanf.c                          0x00000000   Number         0  strtol.o ABSOLUTE
    ../clib/scanf.c                          0x00000000   Number         0  _strtoul.o ABSOLUTE
    ../clib/scanf.c                          0x00000000   Number         0  _chval.o ABSOLUTE
    ../clib/signal.c                         0x00000000   Number         0  defsig_rtmem_outer.o ABSOLUTE
    ../clib/signal.c                         0x00000000   Number         0  defsig_rtmem_formal.o ABSOLUTE
    ../clib/signal.c                         0x00000000   Number         0  defsig_exit.o ABSOLUTE
    ../clib/signal.c                         0x00000000   Number         0  defsig_rtmem_inner.o ABSOLUTE
    ../clib/signal.c                         0x00000000   Number         0  __raise.o ABSOLUTE
    ../clib/signal.c                         0x00000000   Number         0  defsig_general.o ABSOLUTE
    ../clib/signal.c                         0x00000000   Number         0  defsig_abrt_inner.o ABSOLUTE
    ../clib/signal.c                         0x00000000   Number         0  defsig_fpe_inner.o ABSOLUTE
    ../clib/signal.c                         0x00000000   Number         0  defsig_rtred_inner.o ABSOLUTE
    ../clib/signal.c                         0x00000000   Number         0  defsig_stak_inner.o ABSOLUTE
    ../clib/signal.c                         0x00000000   Number         0  defsig_pvfn_inner.o ABSOLUTE
    ../clib/signal.c                         0x00000000   Number         0  defsig_cppl_inner.o ABSOLUTE
    ../clib/signal.c                         0x00000000   Number         0  defsig_segv_inner.o ABSOLUTE
    ../clib/signal.c                         0x00000000   Number         0  defsig_other.o ABSOLUTE
    ../clib/signal.s                         0x00000000   Number         0  defsig.o ABSOLUTE
    ../clib/stdlib.c                         0x00000000   Number         0  exit.o ABSOLUTE
    ../clib/string.c                         0x00000000   Number         0  strcpy.o ABSOLUTE
    ../clib/string.c                         0x00000000   Number         0  strlen.o ABSOLUTE
    ../fplib/fpinit.s                        0x00000000   Number         0  fpinit.o ABSOLUTE
    ../fplib/fpinit_empty.s                  0x00000000   Number         0  fpinit_empty.o ABSOLUTE
    ../fplib/istatus.s                       0x00000000   Number         0  istatus.o ABSOLUTE
    ../fplib/printf1.s                       0x00000000   Number         0  printf1.o ABSOLUTE
    ../fplib/printf2.s                       0x00000000   Number         0  printf2.o ABSOLUTE
    ../fplib/printf2a.s                      0x00000000   Number         0  printf2a.o ABSOLUTE
    ../fplib/printf2b.s                      0x00000000   Number         0  printf2b.o ABSOLUTE
    ../fplib/usenofp.s                       0x00000000   Number         0  usenofp.o ABSOLUTE
    ../mathlib/fpclassify.c                  0x00000000   Number         0  fpclassify.o ABSOLUTE
    RTE/Device/STM32F103C8/startup_stm32f10x_md.s 0x00000000   Number         0  startup_stm32f10x_md.o ABSOLUTE
    dc.s                                     0x00000000   Number         0  dc.o ABSOLUTE
    eeprom.c                                 0x00000000   Number         0  eeprom.o ABSOLUTE
    gpio.c                                   0x00000000   Number         0  gpio.o ABSOLUTE
    main.c                                   0x00000000   Number         0  main.o ABSOLUTE
    rcc.c                                    0x00000000   Number         0  rcc.o ABSOLUTE
    system_stm32f10x.c                       0x00000000   Number         0  system_stm32f10x.o ABSOLUTE
    timer.c                                  0x00000000   Number         0  timer.o ABSOLUTE
    uart.c                                   0x00000000   Number         0  uart.o ABSOLUTE
    RESET                                    0x08000000   Section      236  startup_stm32f10x_md.o(RESET)
    !!!main                                  0x080000ec   Section        8  __main.o(!!!main)
    !!!scatter                               0x080000f4   Section       52  __scatter.o(!!!scatter)
    !!handler_zi                             0x08000128   Section       28  __scatter_zi.o(!!handler_zi)
    .ARM.Collect$$_printf_percent$$00000000  0x08000144   Section        0  _printf_percent.o(.ARM.Collect$$_printf_percent$$00000000)
    .ARM.Collect$$_printf_percent$$00000001  0x08000144   Section        6  _printf_n.o(.ARM.Collect$$_printf_percent$$00000001)
    .ARM.Collect$$_printf_percent$$00000002  0x0800014a   Section        6  _printf_p.o(.ARM.Collect$$_printf_percent$$00000002)
    .ARM.Collect$$_printf_percent$$00000003  0x08000150   Section        6  _printf_f.o(.ARM.Collect$$_printf_percent$$00000003)
    .ARM.Collect$$_printf_percent$$00000004  0x08000156   Section        6  _printf_e.o(.ARM.Collect$$_printf_percent$$00000004)
    .ARM.Collect$$_printf_percent$$00000005  0x0800015c   Section        6  _printf_g.o(.ARM.Collect$$_printf_percent$$00000005)
    .ARM.Collect$$_printf_percent$$00000006  0x08000162   Section        6  _printf_a.o(.ARM.Collect$$_printf_percent$$00000006)
    .ARM.Collect$$_printf_percent$$00000007  0x08000168   Section       10  _printf_ll.o(.ARM.Collect$$_printf_percent$$00000007)
    .ARM.Collect$$_printf_percent$$00000008  0x08000172   Section        6  _printf_i.o(.ARM.Collect$$_printf_percent$$00000008)
    .ARM.Collect$$_printf_percent$$00000009  0x08000178   Section        6  _printf_d.o(.ARM.Collect$$_printf_percent$$00000009)
    .ARM.Collect$$_printf_percent$$0000000A  0x0800017e   Section        6  _printf_u.o(.ARM.Collect$$_printf_percent$$0000000A)
    .ARM.Collect$$_printf_percent$$0000000B  0x08000184   Section        6  _printf_o.o(.ARM.Collect$$_printf_percent$$0000000B)
    .ARM.Collect$$_printf_percent$$0000000C  0x0800018a   Section        6  _printf_x.o(.ARM.Collect$$_printf_percent$$0000000C)
    .ARM.Collect$$_printf_percent$$0000000D  0x08000190   Section        6  _printf_lli.o(.ARM.Collect$$_printf_percent$$0000000D)
    .ARM.Collect$$_printf_percent$$0000000E  0x08000196   Section        6  _printf_lld.o(.ARM.Collect$$_printf_percent$$0000000E)
    .ARM.Collect$$_printf_percent$$0000000F  0x0800019c   Section        6  _printf_llu.o(.ARM.Collect$$_printf_percent$$0000000F)
    .ARM.Collect$$_printf_percent$$00000010  0x080001a2   Section        6  _printf_llo.o(.ARM.Collect$$_printf_percent$$00000010)
    .ARM.Collect$$_printf_percent$$00000011  0x080001a8   Section        6  _printf_llx.o(.ARM.Collect$$_printf_percent$$00000011)
    .ARM.Collect$$_printf_percent$$00000012  0x080001ae   Section       10  _printf_l.o(.ARM.Collect$$_printf_percent$$00000012)
    .ARM.Collect$$_printf_percent$$00000013  0x080001b8   Section        6  _printf_c.o(.ARM.Collect$$_printf_percent$$00000013)
    .ARM.Collect$$_printf_percent$$00000014  0x080001be   Section        6  _printf_s.o(.ARM.Collect$$_printf_percent$$00000014)
    .ARM.Collect$$_printf_percent$$00000015  0x080001c4   Section        6  _printf_lc.o(.ARM.Collect$$_printf_percent$$00000015)
    .ARM.Collect$$_printf_percent$$00000016  0x080001ca   Section        6  _printf_ls.o(.ARM.Collect$$_printf_percent$$00000016)
    .ARM.Collect$$_printf_percent$$00000017  0x080001d0   Section        4  _printf_percent_end.o(.ARM.Collect$$_printf_percent$$00000017)
    .ARM.Collect$$libinit$$00000000          0x080001d4   Section        2  libinit.o(.ARM.Collect$$libinit$$00000000)
    .ARM.Collect$$libinit$$00000002          0x080001d6   Section        0  libinit2.o(.ARM.Collect$$libinit$$00000002)
    .ARM.Collect$$libinit$$00000004          0x080001d6   Section        0  libinit2.o(.ARM.Collect$$libinit$$00000004)
    .ARM.Collect$$libinit$$00000006          0x080001d6   Section        0  libinit2.o(.ARM.Collect$$libinit$$00000006)
    .ARM.Collect$$libinit$$0000000C          0x080001d6   Section        0  libinit2.o(.ARM.Collect$$libinit$$0000000C)
    .ARM.Collect$$libinit$$0000000E          0x080001d6   Section        0  libinit2.o(.ARM.Collect$$libinit$$0000000E)
    .ARM.Collect$$libinit$$00000010          0x080001d6   Section        0  libinit2.o(.ARM.Collect$$libinit$$00000010)
    .ARM.Collect$$libinit$$00000011          0x080001d6   Section        6  libinit2.o(.ARM.Collect$$libinit$$00000011)
    .ARM.Collect$$libinit$$00000013          0x080001dc   Section        0  libinit2.o(.ARM.Collect$$libinit$$00000013)
    .ARM.Collect$$libinit$$00000014          0x080001dc   Section       12  libinit2.o(.ARM.Collect$$libinit$$00000014)
    .ARM.Collect$$libinit$$00000015          0x080001e8   Section        0  libinit2.o(.ARM.Collect$$libinit$$00000015)
    .ARM.Collect$$libinit$$00000017          0x080001e8   Section        0  libinit2.o(.ARM.Collect$$libinit$$00000017)
    .ARM.Collect$$libinit$$00000018          0x080001e8   Section       10  libinit2.o(.ARM.Collect$$libinit$$00000018)
    .ARM.Collect$$libinit$$00000019          0x080001f2   Section        0  libinit2.o(.ARM.Collect$$libinit$$00000019)
    .ARM.Collect$$libinit$$0000001B          0x080001f2   Section        0  libinit2.o(.ARM.Collect$$libinit$$0000001B)
    .ARM.Collect$$libinit$$0000001D          0x080001f2   Section        0  libinit2.o(.ARM.Collect$$libinit$$0000001D)
    .ARM.Collect$$libinit$$0000001F          0x080001f2   Section        0  libinit2.o(.ARM.Collect$$libinit$$0000001F)
    .ARM.Collect$$libinit$$00000021          0x080001f2   Section        0  libinit2.o(.ARM.Collect$$libinit$$00000021)
    .ARM.Collect$$libinit$$00000023          0x080001f2   Section        0  libinit2.o(.ARM.Collect$$libinit$$00000023)
    .ARM.Collect$$libinit$$00000025          0x080001f2   Section        0  libinit2.o(.ARM.Collect$$libinit$$00000025)
    .ARM.Collect$$libinit$$00000027          0x080001f2   Section        0  libinit2.o(.ARM.Collect$$libinit$$00000027)
    .ARM.Collect$$libinit$$0000002E          0x080001f2   Section        0  libinit2.o(.ARM.Collect$$libinit$$0000002E)
    .ARM.Collect$$libinit$$00000030          0x080001f2   Section        0  libinit2.o(.ARM.Collect$$libinit$$00000030)
    .ARM.Collect$$libinit$$00000032          0x080001f2   Section        0  libinit2.o(.ARM.Collect$$libinit$$00000032)
    .ARM.Collect$$libinit$$00000034          0x080001f2   Section        0  libinit2.o(.ARM.Collect$$libinit$$00000034)
    .ARM.Collect$$libinit$$00000035          0x080001f2   Section        2  libinit2.o(.ARM.Collect$$libinit$$00000035)
    .ARM.Collect$$libshutdown$$00000000      0x080001f4   Section        2  libshutdown.o(.ARM.Collect$$libshutdown$$00000000)
    .ARM.Collect$$libshutdown$$00000002      0x080001f6   Section        0  libshutdown2.o(.ARM.Collect$$libshutdown$$00000002)
    .ARM.Collect$$libshutdown$$00000004      0x080001f6   Section        0  libshutdown2.o(.ARM.Collect$$libshutdown$$00000004)
    .ARM.Collect$$libshutdown$$00000007      0x080001f6   Section        0  libshutdown2.o(.ARM.Collect$$libshutdown$$00000007)
    .ARM.Collect$$libshutdown$$0000000A      0x080001f6   Section        0  libshutdown2.o(.ARM.Collect$$libshutdown$$0000000A)
    .ARM.Collect$$libshutdown$$0000000C      0x080001f6   Section        0  libshutdown2.o(.ARM.Collect$$libshutdown$$0000000C)
    .ARM.Collect$$libshutdown$$0000000F      0x080001f6   Section        0  libshutdown2.o(.ARM.Collect$$libshutdown$$0000000F)
    .ARM.Collect$$libshutdown$$00000010      0x080001f6   Section        2  libshutdown2.o(.ARM.Collect$$libshutdown$$00000010)
    .ARM.Collect$$rtentry$$00000000          0x080001f8   Section        0  __rtentry.o(.ARM.Collect$$rtentry$$00000000)
    .ARM.Collect$$rtentry$$00000002          0x080001f8   Section        0  __rtentry2.o(.ARM.Collect$$rtentry$$00000002)
    .ARM.Collect$$rtentry$$00000004          0x080001f8   Section        6  __rtentry4.o(.ARM.Collect$$rtentry$$00000004)
    .ARM.Collect$$rtentry$$00000009          0x080001fe   Section        0  __rtentry2.o(.ARM.Collect$$rtentry$$00000009)
    .ARM.Collect$$rtentry$$0000000A          0x080001fe   Section        4  __rtentry2.o(.ARM.Collect$$rtentry$$0000000A)
    .ARM.Collect$$rtentry$$0000000C          0x08000202   Section        0  __rtentry2.o(.ARM.Collect$$rtentry$$0000000C)
    .ARM.Collect$$rtentry$$0000000D          0x08000202   Section        8  __rtentry2.o(.ARM.Collect$$rtentry$$0000000D)
    .ARM.Collect$$rtexit$$00000000           0x0800020a   Section        2  rtexit.o(.ARM.Collect$$rtexit$$00000000)
    .ARM.Collect$$rtexit$$00000002           0x0800020c   Section        0  rtexit2.o(.ARM.Collect$$rtexit$$00000002)
    .ARM.Collect$$rtexit$$00000003           0x0800020c   Section        4  rtexit2.o(.ARM.Collect$$rtexit$$00000003)
    .ARM.Collect$$rtexit$$00000004           0x08000210   Section        6  rtexit2.o(.ARM.Collect$$rtexit$$00000004)
    .text                                    0x08000218   Section       64  startup_stm32f10x_md.o(.text)
    .text                                    0x08000258   Section        0  sprintf.o(.text)
    .text                                    0x08000284   Section        0  atoi.o(.text)
    .text                                    0x0800029e   Section        0  strcpy.o(.text)
    .text                                    0x080002e6   Section        0  strlen.o(.text)
    .text                                    0x08000324   Section      128  strcmpv7m.o(.text)
    .text                                    0x080003a4   Section        0  heapauxi.o(.text)
    .text                                    0x080003ac   Section        8  rt_errno_addr_intlibspace.o(.text)
    .text                                    0x080003b4   Section        0  _printf_pad.o(.text)
    .text                                    0x08000402   Section        0  _printf_truncate.o(.text)
    .text                                    0x08000426   Section        0  _printf_str.o(.text)
    .text                                    0x08000478   Section        0  _printf_dec.o(.text)
    .text                                    0x080004f0   Section        0  _printf_charcount.o(.text)
    _printf_input_char                       0x08000519   Thumb Code    10  _printf_char_common.o(.text)
    .text                                    0x08000518   Section        0  _printf_char_common.o(.text)
    .text                                    0x08000548   Section        0  _sputc.o(.text)
    .text                                    0x08000554   Section        0  _printf_wctomb.o(.text)
    .text                                    0x08000610   Section        0  _printf_longlong_dec.o(.text)
    _printf_longlong_oct_internal            0x0800068d   Thumb Code     0  _printf_oct_int_ll.o(.text)
    .text                                    0x0800068c   Section        0  _printf_oct_int_ll.o(.text)
    _printf_hex_common                       0x080006fd   Thumb Code     0  _printf_hex_int_ll_ptr.o(.text)
    .text                                    0x080006fc   Section        0  _printf_hex_int_ll_ptr.o(.text)
    .text                                    0x08000790   Section        0  __printf_flags_ss_wp.o(.text)
    .text                                    0x08000918   Section        0  strtol.o(.text)
    .text                                    0x08000988   Section        8  libspace.o(.text)
    .text                                    0x08000990   Section       16  rt_ctype_table.o(.text)
    .text                                    0x080009a0   Section      138  lludiv10.o(.text)
    .text                                    0x08000a2a   Section        0  _printf_intcommon.o(.text)
    _fp_digits                               0x08000add   Thumb Code   432  _printf_fp_dec.o(.text)
    .text                                    0x08000adc   Section        0  _printf_fp_dec.o(.text)
    .text                                    0x08000ef8   Section        0  _printf_fp_hex.o(.text)
    .text                                    0x080011f4   Section        0  _printf_char.o(.text)
    .text                                    0x08001220   Section        0  _printf_wchar.o(.text)
    .text                                    0x0800124c   Section        0  _strtoul.o(.text)
    .text                                    0x080012ea   Section        0  _c16rtomb.o(.text)
    .text                                    0x08001332   Section       74  sys_stackheap_outer.o(.text)
    .text                                    0x0800137c   Section        8  rt_locale_intlibspace.o(.text)
    .text                                    0x08001384   Section        0  _printf_fp_infnan.o(.text)
    .text                                    0x08001404   Section        0  _chval.o(.text)
    .text                                    0x08001420   Section        0  bigflt0.o(.text)
    .text                                    0x08001504   Section        0  exit.o(.text)
    .text                                    0x08001518   Section        0  sys_exit.o(.text)
    .text                                    0x08001524   Section        2  use_no_semi.o(.text)
    .text                                    0x08001526   Section        0  indicate_semi.o(.text)
    [Anonymous Symbol]                       0x08001528   Section        0  eeprom.o(.text.Address_EEPROM)
    [Anonymous Symbol]                       0x080015b8   Section        0  gpio.o(.text.Address_Init)
    [Anonymous Symbol]                       0x08001618   Section        0  rcc.o(.text.Clock_HSE_Init)
    [Anonymous Symbol]                       0x08001650   Section        0  gpio.o(.text.Enable_Init)
    [Anonymous Symbol]                       0x08001694   Section        0  gpio.o(.text.GPIO_Read_Pin)
    [Anonymous Symbol]                       0x080016f0   Section        0  gpio.o(.text.GPIO_Write_Pin)
    [Anonymous Symbol]                       0x08001794   Section        0  gpio.o(.text.IO_Input_Init)
    [Anonymous Symbol]                       0x08001818   Section        0  gpio.o(.text.IO_Output_Init)
    [Anonymous Symbol]                       0x0800189c   Section        0  eeprom.o(.text.Read_Character_EEPROM)
    [Anonymous Symbol]                       0x0800195c   Section        0  eeprom.o(.text.Read_Data)
    [Anonymous Symbol]                       0x08001988   Section        0  eeprom.o(.text.Read_Number_EEPROM)
    SetSysClock                              0x08001a49   Thumb Code     8  system_stm32f10x.o(.text.SetSysClock)
    [Anonymous Symbol]                       0x08001a48   Section        0  system_stm32f10x.o(.text.SetSysClock)
    SetSysClockTo72                          0x08001a51   Thumb Code   290  system_stm32f10x.o(.text.SetSysClockTo72)
    [Anonymous Symbol]                       0x08001a50   Section        0  system_stm32f10x.o(.text.SetSysClockTo72)
    [Anonymous Symbol]                       0x08001b74   Section        0  system_stm32f10x.o(.text.SystemInit)
    [Anonymous Symbol]                       0x08001bdc   Section        0  timer.o(.text.TIM1_Init)
    [Anonymous Symbol]                       0x08001c54   Section        0  timer.o(.text.TIM1_UP_IRQHandler)
    [Anonymous Symbol]                       0x08001c7c   Section        0  timer.o(.text.TIM1_delay)
    [Anonymous Symbol]                       0x08001ca8   Section        0  uart.o(.text.UART_Init)
    [Anonymous Symbol]                       0x08001d44   Section        0  uart.o(.text.UART_Read_EEPROM)
    [Anonymous Symbol]                       0x08002140   Section        0  uart.o(.text.UART_Send_Byte)
    [Anonymous Symbol]                       0x08002188   Section        0  uart.o(.text.UART_Send_MultiByte)
    [Anonymous Symbol]                       0x080021b8   Section        0  uart.o(.text.UART_Write_EEPROM)
    [Anonymous Symbol]                       0x08002648   Section        0  uart.o(.text.USART2_IRQHandler)
    [Anonymous Symbol]                       0x08002678   Section        0  eeprom.o(.text.Write_Character_EEPROM)
    [Anonymous Symbol]                       0x08002758   Section        0  eeprom.o(.text.Write_Number_EEPROM)
    [Anonymous Symbol]                       0x08002838   Section        0  eeprom.o(.text.Write_String_EEPROM)
    [Anonymous Symbol]                       0x0800288c   Section        0  main.o(.text.main)
    CL$$btod_d2e                             0x080028b0   Section       62  btod.o(CL$$btod_d2e)
    CL$$btod_d2e_denorm_low                  0x080028ee   Section       70  btod.o(CL$$btod_d2e_denorm_low)
    CL$$btod_d2e_norm_op1                    0x08002934   Section       96  btod.o(CL$$btod_d2e_norm_op1)
    CL$$btod_div_common                      0x08002994   Section      824  btod.o(CL$$btod_div_common)
    CL$$btod_e2e                             0x08002ccc   Section      220  btod.o(CL$$btod_e2e)
    CL$$btod_ediv                            0x08002da8   Section       42  btod.o(CL$$btod_ediv)
    CL$$btod_emul                            0x08002dd2   Section       42  btod.o(CL$$btod_emul)
    CL$$btod_mult_common                     0x08002dfc   Section      580  btod.o(CL$$btod_mult_common)
    i.__ARM_fpclassify                       0x08003040   Section        0  fpclassify.o(i.__ARM_fpclassify)
    i._is_digit                              0x08003068   Section        0  __printf_wp.o(i._is_digit)
    locale$$code                             0x08003078   Section       44  lc_ctype_c.o(locale$$code)
    locale$$code                             0x080030a4   Section       44  lc_numeric_c.o(locale$$code)
    x$fpl$printf1                            0x080030d0   Section        4  printf1.o(x$fpl$printf1)
    x$fpl$printf2                            0x080030d4   Section        4  printf2.o(x$fpl$printf2)
    initial_mbstate                          0x080030d8   Data           8  _printf_wctomb.o(.constdata)
    .constdata                               0x080030d8   Section        8  _printf_wctomb.o(.constdata)
    x$fpl$usenofp                            0x080030d8   Section        0  usenofp.o(x$fpl$usenofp)
    uc_hextab                                0x080030e0   Data          20  _printf_hex_int_ll_ptr.o(.constdata)
    .constdata                               0x080030e0   Section       40  _printf_hex_int_ll_ptr.o(.constdata)
    lc_hextab                                0x080030f4   Data          20  _printf_hex_int_ll_ptr.o(.constdata)
    maptable                                 0x08003108   Data          17  __printf_flags_ss_wp.o(.constdata)
    .constdata                               0x08003108   Section       17  __printf_flags_ss_wp.o(.constdata)
    lc_hextab                                0x08003119   Data          19  _printf_fp_hex.o(.constdata)
    .constdata                               0x08003119   Section       38  _printf_fp_hex.o(.constdata)
    uc_hextab                                0x0800312c   Data          19  _printf_fp_hex.o(.constdata)
    tenpwrs_x                                0x08003140   Data          60  bigflt0.o(.constdata)
    .constdata                               0x08003140   Section      148  bigflt0.o(.constdata)
    tenpwrs_i                                0x0800317c   Data          64  bigflt0.o(.constdata)
    .L.str.7                                 0x080031d4   Data          15  uart.o(.rodata.str1.1)
    [Anonymous Symbol]                       0x080031d4   Section        0  uart.o(.rodata.str1.1)
    .L.str.12                                0x080031e3   Data           9  uart.o(.rodata.str1.1)
    .L.str.1                                 0x080031ec   Data          15  uart.o(.rodata.str1.1)
    .L.str.5                                 0x080031fb   Data          18  uart.o(.rodata.str1.1)
    .L.str.3                                 0x0800320d   Data          13  uart.o(.rodata.str1.1)
    .L.str.9                                 0x0800321a   Data           3  uart.o(.rodata.str1.1)
    .L.str.11                                0x0800321d   Data          12  uart.o(.rodata.str1.1)
    .L.str.6                                 0x08003229   Data          13  uart.o(.rodata.str1.1)
    .L.str.8                                 0x08003236   Data          12  uart.o(.rodata.str1.1)
    .L.str                                   0x08003242   Data          13  uart.o(.rodata.str1.1)
    .L.str.10                                0x0800324f   Data          15  uart.o(.rodata.str1.1)
    .L.str.4                                 0x0800325e   Data          16  uart.o(.rodata.str1.1)
    .L.str.2                                 0x0800326d   Data           1  uart.o(.rodata.str1.1)
    locale$$data                             0x08003280   Section      272  lc_ctype_c.o(locale$$data)
    __lcctype_c_name                         0x08003284   Data           2  lc_ctype_c.o(locale$$data)
    __lcctype_c_start                        0x0800328c   Data           0  lc_ctype_c.o(locale$$data)
    __lcctype_c_end                          0x08003390   Data           0  lc_ctype_c.o(locale$$data)
    locale$$data                             0x08003390   Section       28  lc_numeric_c.o(locale$$data)
    __lcnum_c_name                           0x08003394   Data           2  lc_numeric_c.o(locale$$data)
    __lcnum_c_start                          0x0800339c   Data           0  lc_numeric_c.o(locale$$data)
    __lcnum_c_point                          0x080033a8   Data           0  lc_numeric_c.o(locale$$data)
    __lcnum_c_thousands                      0x080033aa   Data           0  lc_numeric_c.o(locale$$data)
    __lcnum_c_grouping                       0x080033ab   Data           0  lc_numeric_c.o(locale$$data)
    __lcnum_c_end                            0x080033ac   Data           0  lc_numeric_c.o(locale$$data)
    .bss                                     0x20000000   Section       96  libspace.o(.bss)
    Heap_Mem                                 0x20000530   Data         512  startup_stm32f10x_md.o(HEAP)
    HEAP                                     0x20000530   Section      512  startup_stm32f10x_md.o(HEAP)
    Stack_Mem                                0x20000730   Data        1024  startup_stm32f10x_md.o(STACK)
    STACK                                    0x20000730   Section     1024  startup_stm32f10x_md.o(STACK)
    __initial_sp                             0x20000b30   Data           0  startup_stm32f10x_md.o(STACK)

    Global Symbols

    Symbol Name                              Value     Ov Type        Size  Object(Section)

    BuildAttributes$$THM_ISAv4$P$D$K$B$S$PE$A:L22UL41UL21$X:L11$S22US41US21$IEEE1$IW$~IW$USESV6$~STKCKD$USESV7$~SHL$OTIME$ROPI$IEEEJ$EBA8$UX$STANDARDLIB$REQ8$PRES8$EABIv2 0x00000000   Number         0  anon$$obj.o ABSOLUTE
    __fp_init_empty                          0x00000000   Number         0  fpinit_empty.o ABSOLUTE
    _printf_flags                            0x00000000   Number         0  printf_stubs.o ABSOLUTE
    _printf_return_value                     0x00000000   Number         0  printf_stubs.o ABSOLUTE
    _printf_sizespec                         0x00000000   Number         0  printf_stubs.o ABSOLUTE
    _printf_widthprec                        0x00000000   Number         0  printf_stubs.o ABSOLUTE
    __ARM_exceptions_init                     - Undefined Weak Reference
    __alloca_initialize                       - Undefined Weak Reference
    __arm_preinit_                            - Undefined Weak Reference
    __arm_relocate_pie_                       - Undefined Weak Reference
    __cpp_initialize__aeabi_                  - Undefined Weak Reference
    __cxa_finalize                            - Undefined Weak Reference
    __sigvec_lookup                           - Undefined Weak Reference
    _atexit_init                              - Undefined Weak Reference
    _call_atexit_fns                          - Undefined Weak Reference
    _clock_init                               - Undefined Weak Reference
    _fp_trap_init                             - Undefined Weak Reference
    _fp_trap_shutdown                         - Undefined Weak Reference
    _get_lc_collate                           - Undefined Weak Reference
    _get_lc_monetary                          - Undefined Weak Reference
    _get_lc_time                              - Undefined Weak Reference
    _getenv_init                              - Undefined Weak Reference
    _handle_redirection                       - Undefined Weak Reference
    _init_alloc                               - Undefined Weak Reference
    _init_user_alloc                          - Undefined Weak Reference
    _initio                                   - Undefined Weak Reference
    _printf_mbtowc                            - Undefined Weak Reference
    _printf_wc                                - Undefined Weak Reference
    _rand_init                                - Undefined Weak Reference
    _signal_finish                            - Undefined Weak Reference
    _signal_init                              - Undefined Weak Reference
    _terminate_alloc                          - Undefined Weak Reference
    _terminate_user_alloc                     - Undefined Weak Reference
    _terminateio                              - Undefined Weak Reference
    __Vectors_Size                           0x000000ec   Number         0  startup_stm32f10x_md.o ABSOLUTE
    __Vectors                                0x08000000   Data           4  startup_stm32f10x_md.o(RESET)
    __Vectors_End                            0x080000ec   Data           0  startup_stm32f10x_md.o(RESET)
    __main                                   0x080000ed   Thumb Code     8  __main.o(!!!main)
    __scatterload                            0x080000f5   Thumb Code     0  __scatter.o(!!!scatter)
    __scatterload_rt2                        0x080000f5   Thumb Code    44  __scatter.o(!!!scatter)
    __scatterload_rt2_thumb_only             0x080000f5   Thumb Code     0  __scatter.o(!!!scatter)
    __scatterload_null                       0x08000103   Thumb Code     0  __scatter.o(!!!scatter)
    __scatterload_zeroinit                   0x08000129   Thumb Code    28  __scatter_zi.o(!!handler_zi)
    _printf_n                                0x08000145   Thumb Code     0  _printf_n.o(.ARM.Collect$$_printf_percent$$00000001)
    _printf_percent                          0x08000145   Thumb Code     0  _printf_percent.o(.ARM.Collect$$_printf_percent$$00000000)
    _printf_p                                0x0800014b   Thumb Code     0  _printf_p.o(.ARM.Collect$$_printf_percent$$00000002)
    _printf_f                                0x08000151   Thumb Code     0  _printf_f.o(.ARM.Collect$$_printf_percent$$00000003)
    _printf_e                                0x08000157   Thumb Code     0  _printf_e.o(.ARM.Collect$$_printf_percent$$00000004)
    _printf_g                                0x0800015d   Thumb Code     0  _printf_g.o(.ARM.Collect$$_printf_percent$$00000005)
    _printf_a                                0x08000163   Thumb Code     0  _printf_a.o(.ARM.Collect$$_printf_percent$$00000006)
    _printf_ll                               0x08000169   Thumb Code     0  _printf_ll.o(.ARM.Collect$$_printf_percent$$00000007)
    _printf_i                                0x08000173   Thumb Code     0  _printf_i.o(.ARM.Collect$$_printf_percent$$00000008)
    _printf_d                                0x08000179   Thumb Code     0  _printf_d.o(.ARM.Collect$$_printf_percent$$00000009)
    _printf_u                                0x0800017f   Thumb Code     0  _printf_u.o(.ARM.Collect$$_printf_percent$$0000000A)
    _printf_o                                0x08000185   Thumb Code     0  _printf_o.o(.ARM.Collect$$_printf_percent$$0000000B)
    _printf_x                                0x0800018b   Thumb Code     0  _printf_x.o(.ARM.Collect$$_printf_percent$$0000000C)
    _printf_lli                              0x08000191   Thumb Code     0  _printf_lli.o(.ARM.Collect$$_printf_percent$$0000000D)
    _printf_lld                              0x08000197   Thumb Code     0  _printf_lld.o(.ARM.Collect$$_printf_percent$$0000000E)
    _printf_llu                              0x0800019d   Thumb Code     0  _printf_llu.o(.ARM.Collect$$_printf_percent$$0000000F)
    _printf_llo                              0x080001a3   Thumb Code     0  _printf_llo.o(.ARM.Collect$$_printf_percent$$00000010)
    _printf_llx                              0x080001a9   Thumb Code     0  _printf_llx.o(.ARM.Collect$$_printf_percent$$00000011)
    _printf_l                                0x080001af   Thumb Code     0  _printf_l.o(.ARM.Collect$$_printf_percent$$00000012)
    _printf_c                                0x080001b9   Thumb Code     0  _printf_c.o(.ARM.Collect$$_printf_percent$$00000013)
    _printf_s                                0x080001bf   Thumb Code     0  _printf_s.o(.ARM.Collect$$_printf_percent$$00000014)
    _printf_lc                               0x080001c5   Thumb Code     0  _printf_lc.o(.ARM.Collect$$_printf_percent$$00000015)
    _printf_ls                               0x080001cb   Thumb Code     0  _printf_ls.o(.ARM.Collect$$_printf_percent$$00000016)
    _printf_percent_end                      0x080001d1   Thumb Code     0  _printf_percent_end.o(.ARM.Collect$$_printf_percent$$00000017)
    __rt_lib_init                            0x080001d5   Thumb Code     0  libinit.o(.ARM.Collect$$libinit$$00000000)
    __rt_lib_init_fp_1                       0x080001d7   Thumb Code     0  libinit2.o(.ARM.Collect$$libinit$$00000002)
    __rt_lib_init_heap_1                     0x080001d7   Thumb Code     0  libinit2.o(.ARM.Collect$$libinit$$0000000C)
    __rt_lib_init_lc_common                  0x080001d7   Thumb Code     0  libinit2.o(.ARM.Collect$$libinit$$00000011)
    __rt_lib_init_preinit_1                  0x080001d7   Thumb Code     0  libinit2.o(.ARM.Collect$$libinit$$00000006)
    __rt_lib_init_rand_1                     0x080001d7   Thumb Code     0  libinit2.o(.ARM.Collect$$libinit$$00000010)
    __rt_lib_init_relocate_pie_1             0x080001d7   Thumb Code     0  libinit2.o(.ARM.Collect$$libinit$$00000004)
    __rt_lib_init_user_alloc_1               0x080001d7   Thumb Code     0  libinit2.o(.ARM.Collect$$libinit$$0000000E)
    __rt_lib_init_lc_collate_1               0x080001dd   Thumb Code     0  libinit2.o(.ARM.Collect$$libinit$$00000013)
    __rt_lib_init_lc_ctype_2                 0x080001dd   Thumb Code     0  libinit2.o(.ARM.Collect$$libinit$$00000014)
    __rt_lib_init_lc_ctype_1                 0x080001e9   Thumb Code     0  libinit2.o(.ARM.Collect$$libinit$$00000015)
    __rt_lib_init_lc_monetary_1              0x080001e9   Thumb Code     0  libinit2.o(.ARM.Collect$$libinit$$00000017)
    __rt_lib_init_lc_numeric_2               0x080001e9   Thumb Code     0  libinit2.o(.ARM.Collect$$libinit$$00000018)
    __rt_lib_init_alloca_1                   0x080001f3   Thumb Code     0  libinit2.o(.ARM.Collect$$libinit$$00000030)
    __rt_lib_init_argv_1                     0x080001f3   Thumb Code     0  libinit2.o(.ARM.Collect$$libinit$$0000002E)
    __rt_lib_init_atexit_1                   0x080001f3   Thumb Code     0  libinit2.o(.ARM.Collect$$libinit$$0000001D)
    __rt_lib_init_clock_1                    0x080001f3   Thumb Code     0  libinit2.o(.ARM.Collect$$libinit$$00000023)
    __rt_lib_init_cpp_1                      0x080001f3   Thumb Code     0  libinit2.o(.ARM.Collect$$libinit$$00000034)
    __rt_lib_init_exceptions_1               0x080001f3   Thumb Code     0  libinit2.o(.ARM.Collect$$libinit$$00000032)
    __rt_lib_init_fp_trap_1                  0x080001f3   Thumb Code     0  libinit2.o(.ARM.Collect$$libinit$$00000021)
    __rt_lib_init_getenv_1                   0x080001f3   Thumb Code     0  libinit2.o(.ARM.Collect$$libinit$$00000025)
    __rt_lib_init_lc_numeric_1               0x080001f3   Thumb Code     0  libinit2.o(.ARM.Collect$$libinit$$00000019)
    __rt_lib_init_lc_time_1                  0x080001f3   Thumb Code     0  libinit2.o(.ARM.Collect$$libinit$$0000001B)
    __rt_lib_init_return                     0x080001f3   Thumb Code     0  libinit2.o(.ARM.Collect$$libinit$$00000035)
    __rt_lib_init_signal_1                   0x080001f3   Thumb Code     0  libinit2.o(.ARM.Collect$$libinit$$0000001F)
    __rt_lib_init_stdio_1                    0x080001f3   Thumb Code     0  libinit2.o(.ARM.Collect$$libinit$$00000027)
    __rt_lib_shutdown                        0x080001f5   Thumb Code     0  libshutdown.o(.ARM.Collect$$libshutdown$$00000000)
    __rt_lib_shutdown_cpp_1                  0x080001f7   Thumb Code     0  libshutdown2.o(.ARM.Collect$$libshutdown$$00000002)
    __rt_lib_shutdown_fp_trap_1              0x080001f7   Thumb Code     0  libshutdown2.o(.ARM.Collect$$libshutdown$$00000007)
    __rt_lib_shutdown_heap_1                 0x080001f7   Thumb Code     0  libshutdown2.o(.ARM.Collect$$libshutdown$$0000000F)
    __rt_lib_shutdown_return                 0x080001f7   Thumb Code     0  libshutdown2.o(.ARM.Collect$$libshutdown$$00000010)
    __rt_lib_shutdown_signal_1               0x080001f7   Thumb Code     0  libshutdown2.o(.ARM.Collect$$libshutdown$$0000000A)
    __rt_lib_shutdown_stdio_1                0x080001f7   Thumb Code     0  libshutdown2.o(.ARM.Collect$$libshutdown$$00000004)
    __rt_lib_shutdown_user_alloc_1           0x080001f7   Thumb Code     0  libshutdown2.o(.ARM.Collect$$libshutdown$$0000000C)
    __rt_entry                               0x080001f9   Thumb Code     0  __rtentry.o(.ARM.Collect$$rtentry$$00000000)
    __rt_entry_presh_1                       0x080001f9   Thumb Code     0  __rtentry2.o(.ARM.Collect$$rtentry$$00000002)
    __rt_entry_sh                            0x080001f9   Thumb Code     0  __rtentry4.o(.ARM.Collect$$rtentry$$00000004)
    __rt_entry_li                            0x080001ff   Thumb Code     0  __rtentry2.o(.ARM.Collect$$rtentry$$0000000A)
    __rt_entry_postsh_1                      0x080001ff   Thumb Code     0  __rtentry2.o(.ARM.Collect$$rtentry$$00000009)
    __rt_entry_main                          0x08000203   Thumb Code     0  __rtentry2.o(.ARM.Collect$$rtentry$$0000000D)
    __rt_entry_postli_1                      0x08000203   Thumb Code     0  __rtentry2.o(.ARM.Collect$$rtentry$$0000000C)
    __rt_exit                                0x0800020b   Thumb Code     0  rtexit.o(.ARM.Collect$$rtexit$$00000000)
    __rt_exit_ls                             0x0800020d   Thumb Code     0  rtexit2.o(.ARM.Collect$$rtexit$$00000003)
    __rt_exit_prels_1                        0x0800020d   Thumb Code     0  rtexit2.o(.ARM.Collect$$rtexit$$00000002)
    __rt_exit_exit                           0x08000211   Thumb Code     0  rtexit2.o(.ARM.Collect$$rtexit$$00000004)
    Reset_Handler                            0x08000219   Thumb Code     8  startup_stm32f10x_md.o(.text)
    NMI_Handler                              0x08000221   Thumb Code     2  startup_stm32f10x_md.o(.text)
    HardFault_Handler                        0x08000223   Thumb Code     2  startup_stm32f10x_md.o(.text)
    MemManage_Handler                        0x08000225   Thumb Code     2  startup_stm32f10x_md.o(.text)
    BusFault_Handler                         0x08000227   Thumb Code     2  startup_stm32f10x_md.o(.text)
    UsageFault_Handler                       0x08000229   Thumb Code     2  startup_stm32f10x_md.o(.text)
    SVC_Handler                              0x0800022b   Thumb Code     2  startup_stm32f10x_md.o(.text)
    DebugMon_Handler                         0x0800022d   Thumb Code     2  startup_stm32f10x_md.o(.text)
    PendSV_Handler                           0x0800022f   Thumb Code     2  startup_stm32f10x_md.o(.text)
    SysTick_Handler                          0x08000231   Thumb Code     2  startup_stm32f10x_md.o(.text)
    ADC1_2_IRQHandler                        0x08000233   Thumb Code     0  startup_stm32f10x_md.o(.text)
    CAN1_RX1_IRQHandler                      0x08000233   Thumb Code     0  startup_stm32f10x_md.o(.text)
    CAN1_SCE_IRQHandler                      0x08000233   Thumb Code     0  startup_stm32f10x_md.o(.text)
    DMA1_Channel1_IRQHandler                 0x08000233   Thumb Code     0  startup_stm32f10x_md.o(.text)
    DMA1_Channel2_IRQHandler                 0x08000233   Thumb Code     0  startup_stm32f10x_md.o(.text)
    DMA1_Channel3_IRQHandler                 0x08000233   Thumb Code     0  startup_stm32f10x_md.o(.text)
    DMA1_Channel4_IRQHandler                 0x08000233   Thumb Code     0  startup_stm32f10x_md.o(.text)
    DMA1_Channel5_IRQHandler                 0x08000233   Thumb Code     0  startup_stm32f10x_md.o(.text)
    DMA1_Channel6_IRQHandler                 0x08000233   Thumb Code     0  startup_stm32f10x_md.o(.text)
    DMA1_Channel7_IRQHandler                 0x08000233   Thumb Code     0  startup_stm32f10x_md.o(.text)
    EXTI0_IRQHandler                         0x08000233   Thumb Code     0  startup_stm32f10x_md.o(.text)
    EXTI15_10_IRQHandler                     0x08000233   Thumb Code     0  startup_stm32f10x_md.o(.text)
    EXTI1_IRQHandler                         0x08000233   Thumb Code     0  startup_stm32f10x_md.o(.text)
    EXTI2_IRQHandler                         0x08000233   Thumb Code     0  startup_stm32f10x_md.o(.text)
    EXTI3_IRQHandler                         0x08000233   Thumb Code     0  startup_stm32f10x_md.o(.text)
    EXTI4_IRQHandler                         0x08000233   Thumb Code     0  startup_stm32f10x_md.o(.text)
    EXTI9_5_IRQHandler                       0x08000233   Thumb Code     0  startup_stm32f10x_md.o(.text)
    FLASH_IRQHandler                         0x08000233   Thumb Code     0  startup_stm32f10x_md.o(.text)
    I2C1_ER_IRQHandler                       0x08000233   Thumb Code     0  startup_stm32f10x_md.o(.text)
    I2C1_EV_IRQHandler                       0x08000233   Thumb Code     0  startup_stm32f10x_md.o(.text)
    I2C2_ER_IRQHandler                       0x08000233   Thumb Code     0  startup_stm32f10x_md.o(.text)
    I2C2_EV_IRQHandler                       0x08000233   Thumb Code     0  startup_stm32f10x_md.o(.text)
    PVD_IRQHandler                           0x08000233   Thumb Code     0  startup_stm32f10x_md.o(.text)
    RCC_IRQHandler                           0x08000233   Thumb Code     0  startup_stm32f10x_md.o(.text)
    RTCAlarm_IRQHandler                      0x08000233   Thumb Code     0  startup_stm32f10x_md.o(.text)
    RTC_IRQHandler                           0x08000233   Thumb Code     0  startup_stm32f10x_md.o(.text)
    SPI1_IRQHandler                          0x08000233   Thumb Code     0  startup_stm32f10x_md.o(.text)
    SPI2_IRQHandler                          0x08000233   Thumb Code     0  startup_stm32f10x_md.o(.text)
    TAMPER_IRQHandler                        0x08000233   Thumb Code     0  startup_stm32f10x_md.o(.text)
    TIM1_BRK_IRQHandler                      0x08000233   Thumb Code     0  startup_stm32f10x_md.o(.text)
    TIM1_CC_IRQHandler                       0x08000233   Thumb Code     0  startup_stm32f10x_md.o(.text)
    TIM1_TRG_COM_IRQHandler                  0x08000233   Thumb Code     0  startup_stm32f10x_md.o(.text)
    TIM2_IRQHandler                          0x08000233   Thumb Code     0  startup_stm32f10x_md.o(.text)
    TIM3_IRQHandler                          0x08000233   Thumb Code     0  startup_stm32f10x_md.o(.text)
    TIM4_IRQHandler                          0x08000233   Thumb Code     0  startup_stm32f10x_md.o(.text)
    USART1_IRQHandler                        0x08000233   Thumb Code     0  startup_stm32f10x_md.o(.text)
    USART3_IRQHandler                        0x08000233   Thumb Code     0  startup_stm32f10x_md.o(.text)
    USBWakeUp_IRQHandler                     0x08000233   Thumb Code     0  startup_stm32f10x_md.o(.text)
    USB_HP_CAN1_TX_IRQHandler                0x08000233   Thumb Code     0  startup_stm32f10x_md.o(.text)
    USB_LP_CAN1_RX0_IRQHandler               0x08000233   Thumb Code     0  startup_stm32f10x_md.o(.text)
    WWDG_IRQHandler                          0x08000233   Thumb Code     0  startup_stm32f10x_md.o(.text)
    __user_initial_stackheap                 0x08000235   Thumb Code     0  startup_stm32f10x_md.o(.text)
    sprintf                                  0x08000259   Thumb Code    38  sprintf.o(.text)
    atoi                                     0x08000285   Thumb Code    26  atoi.o(.text)
    strcpy                                   0x0800029f   Thumb Code    72  strcpy.o(.text)
    strlen                                   0x080002e7   Thumb Code    62  strlen.o(.text)
    strcmp                                   0x08000325   Thumb Code   128  strcmpv7m.o(.text)
    __use_two_region_memory                  0x080003a5   Thumb Code     2  heapauxi.o(.text)
    __rt_heap_escrow$2region                 0x080003a7   Thumb Code     2  heapauxi.o(.text)
    __rt_heap_expand$2region                 0x080003a9   Thumb Code     2  heapauxi.o(.text)
    __aeabi_errno_addr                       0x080003ad   Thumb Code     8  rt_errno_addr_intlibspace.o(.text)
    __errno$intlibspace                      0x080003ad   Thumb Code     0  rt_errno_addr_intlibspace.o(.text)
    __rt_errno_addr$intlibspace              0x080003ad   Thumb Code     0  rt_errno_addr_intlibspace.o(.text)
    _printf_pre_padding                      0x080003b5   Thumb Code    44  _printf_pad.o(.text)
    _printf_post_padding                     0x080003e1   Thumb Code    34  _printf_pad.o(.text)
    _printf_truncate_signed                  0x08000403   Thumb Code    18  _printf_truncate.o(.text)
    _printf_truncate_unsigned                0x08000415   Thumb Code    18  _printf_truncate.o(.text)
    _printf_str                              0x08000427   Thumb Code    82  _printf_str.o(.text)
    _printf_int_dec                          0x08000479   Thumb Code   104  _printf_dec.o(.text)
    _printf_charcount                        0x080004f1   Thumb Code    40  _printf_charcount.o(.text)
    _printf_char_common                      0x08000523   Thumb Code    32  _printf_char_common.o(.text)
    _sputc                                   0x08000549   Thumb Code    10  _sputc.o(.text)
    _printf_wctomb                           0x08000555   Thumb Code   182  _printf_wctomb.o(.text)
    _printf_longlong_dec                     0x08000611   Thumb Code   108  _printf_longlong_dec.o(.text)
    _printf_longlong_oct                     0x0800068d   Thumb Code    68  _printf_oct_int_ll.o(.text)
    _printf_int_oct                          0x080006d1   Thumb Code    24  _printf_oct_int_ll.o(.text)
    _printf_ll_oct                           0x080006e9   Thumb Code    12  _printf_oct_int_ll.o(.text)
    _printf_longlong_hex                     0x080006fd   Thumb Code    86  _printf_hex_int_ll_ptr.o(.text)
    _printf_int_hex                          0x08000753   Thumb Code    28  _printf_hex_int_ll_ptr.o(.text)
    _printf_ll_hex                           0x0800076f   Thumb Code    12  _printf_hex_int_ll_ptr.o(.text)
    _printf_hex_ptr                          0x0800077b   Thumb Code    18  _printf_hex_int_ll_ptr.o(.text)
    __printf                                 0x08000791   Thumb Code   388  __printf_flags_ss_wp.o(.text)
    strtol                                   0x08000919   Thumb Code   112  strtol.o(.text)
    __user_libspace                          0x08000989   Thumb Code     8  libspace.o(.text)
    __user_perproc_libspace                  0x08000989   Thumb Code     0  libspace.o(.text)
    __user_perthread_libspace                0x08000989   Thumb Code     0  libspace.o(.text)
    __rt_ctype_table                         0x08000991   Thumb Code    16  rt_ctype_table.o(.text)
    _ll_udiv10                               0x080009a1   Thumb Code   138  lludiv10.o(.text)
    _printf_int_common                       0x08000a2b   Thumb Code   178  _printf_intcommon.o(.text)
    _printf_fp_dec_real                      0x08000c8d   Thumb Code   620  _printf_fp_dec.o(.text)
    _printf_fp_hex_real                      0x08000ef9   Thumb Code   756  _printf_fp_hex.o(.text)
    _printf_cs_common                        0x080011f5   Thumb Code    20  _printf_char.o(.text)
    _printf_char                             0x08001209   Thumb Code    16  _printf_char.o(.text)
    _printf_string                           0x08001219   Thumb Code     8  _printf_char.o(.text)
    _printf_lcs_common                       0x08001221   Thumb Code    20  _printf_wchar.o(.text)
    _printf_wchar                            0x08001235   Thumb Code    16  _printf_wchar.o(.text)
    _printf_wstring                          0x08001245   Thumb Code     8  _printf_wchar.o(.text)
    _strtoul                                 0x0800124d   Thumb Code   158  _strtoul.o(.text)
    _c16rtomb                                0x080012eb   Thumb Code    72  _c16rtomb.o(.text)
    _wcrtomb                                 0x080012eb   Thumb Code     0  _c16rtomb.o(.text)
    __user_setup_stackheap                   0x08001333   Thumb Code    74  sys_stackheap_outer.o(.text)
    __rt_locale                              0x0800137d   Thumb Code     8  rt_locale_intlibspace.o(.text)
    _printf_fp_infnan                        0x08001385   Thumb Code   112  _printf_fp_infnan.o(.text)
    _chval                                   0x08001405   Thumb Code    28  _chval.o(.text)
    _btod_etento                             0x08001421   Thumb Code   224  bigflt0.o(.text)
    exit                                     0x08001505   Thumb Code    18  exit.o(.text)
    _sys_exit                                0x08001519   Thumb Code     8  sys_exit.o(.text)
    __I$use$semihosting                      0x08001525   Thumb Code     0  use_no_semi.o(.text)
    __use_no_semihosting_swi                 0x08001525   Thumb Code     2  use_no_semi.o(.text)
    __semihosting_library_function           0x08001527   Thumb Code     0  indicate_semi.o(.text)
    Address_EEPROM                           0x08001529   Thumb Code   144  eeprom.o(.text.Address_EEPROM)
    Address_Init                             0x080015b9   Thumb Code    94  gpio.o(.text.Address_Init)
    Clock_HSE_Init                           0x08001619   Thumb Code    56  rcc.o(.text.Clock_HSE_Init)
    Enable_Init                              0x08001651   Thumb Code    68  gpio.o(.text.Enable_Init)
    GPIO_Read_Pin                            0x08001695   Thumb Code    92  gpio.o(.text.GPIO_Read_Pin)
    GPIO_Write_Pin                           0x080016f1   Thumb Code   162  gpio.o(.text.GPIO_Write_Pin)
    IO_Input_Init                            0x08001795   Thumb Code   132  gpio.o(.text.IO_Input_Init)
    IO_Output_Init                           0x08001819   Thumb Code   132  gpio.o(.text.IO_Output_Init)
    Read_Character_EEPROM                    0x0800189d   Thumb Code   192  eeprom.o(.text.Read_Character_EEPROM)
    Read_Data                                0x0800195d   Thumb Code    42  eeprom.o(.text.Read_Data)
    Read_Number_EEPROM                       0x08001989   Thumb Code   192  eeprom.o(.text.Read_Number_EEPROM)
    SystemInit                               0x08001b75   Thumb Code   102  system_stm32f10x.o(.text.SystemInit)
    TIM1_Init                                0x08001bdd   Thumb Code   120  timer.o(.text.TIM1_Init)
    TIM1_UP_IRQHandler                       0x08001c55   Thumb Code    40  timer.o(.text.TIM1_UP_IRQHandler)
    TIM1_delay                               0x08001c7d   Thumb Code    42  timer.o(.text.TIM1_delay)
    UART_Init                                0x08001ca9   Thumb Code   154  uart.o(.text.UART_Init)
    UART_Read_EEPROM                         0x08001d45   Thumb Code  1020  uart.o(.text.UART_Read_EEPROM)
    UART_Send_Byte                           0x08002141   Thumb Code    70  uart.o(.text.UART_Send_Byte)
    UART_Send_MultiByte                      0x08002189   Thumb Code    48  uart.o(.text.UART_Send_MultiByte)
    UART_Write_EEPROM                        0x080021b9   Thumb Code  1168  uart.o(.text.UART_Write_EEPROM)
    USART2_IRQHandler                        0x08002649   Thumb Code    46  uart.o(.text.USART2_IRQHandler)
    Write_Character_EEPROM                   0x08002679   Thumb Code   222  eeprom.o(.text.Write_Character_EEPROM)
    Write_Number_EEPROM                      0x08002759   Thumb Code   222  eeprom.o(.text.Write_Number_EEPROM)
    Write_String_EEPROM                      0x08002839   Thumb Code    84  eeprom.o(.text.Write_String_EEPROM)
    main                                     0x0800288d   Thumb Code    36  main.o(.text.main)
    _btod_d2e                                0x080028b1   Thumb Code    62  btod.o(CL$$btod_d2e)
    _d2e_denorm_low                          0x080028ef   Thumb Code    70  btod.o(CL$$btod_d2e_denorm_low)
    _d2e_norm_op1                            0x08002935   Thumb Code    96  btod.o(CL$$btod_d2e_norm_op1)
    __btod_div_common                        0x08002995   Thumb Code   696  btod.o(CL$$btod_div_common)
    _e2e                                     0x08002ccd   Thumb Code   220  btod.o(CL$$btod_e2e)
    _btod_ediv                               0x08002da9   Thumb Code    42  btod.o(CL$$btod_ediv)
    _btod_emul                               0x08002dd3   Thumb Code    42  btod.o(CL$$btod_emul)
    __btod_mult_common                       0x08002dfd   Thumb Code   580  btod.o(CL$$btod_mult_common)
    __ARM_fpclassify                         0x08003041   Thumb Code    40  fpclassify.o(i.__ARM_fpclassify)
    _is_digit                                0x08003069   Thumb Code    14  __printf_wp.o(i._is_digit)
    _get_lc_ctype                            0x08003079   Thumb Code    44  lc_ctype_c.o(locale$$code)
    _get_lc_numeric                          0x080030a5   Thumb Code    44  lc_numeric_c.o(locale$$code)
    _printf_fp_dec                           0x080030d1   Thumb Code     4  printf1.o(x$fpl$printf1)
    _printf_fp_hex                           0x080030d5   Thumb Code     4  printf2.o(x$fpl$printf2)
    __I$use$fp                               0x080030d8   Number         0  usenofp.o(x$fpl$usenofp)
    Region$$Table$$Base                      0x08003270   Number         0  anon$$obj.o(Region$$Table)
    Region$$Table$$Limit                     0x08003280   Number         0  anon$$obj.o(Region$$Table)
    __ctype                                  0x0800328d   Data           0  lc_ctype_c.o(locale$$data)
    __libspace_start                         0x20000000   Data          96  libspace.o(.bss)
    __temporary_stack_top$libspace           0x20000060   Data           0  libspace.o(.bss)
    _address                                 0x20000060   Data         128  uart.o(.bss._address)
    _character                               0x200000e0   Data           1  uart.o(.bss._character)
    _characterread                           0x200000e1   Data           1  eeprom.o(.bss._characterread)
    _length                                  0x200000e2   Data         128  uart.o(.bss._length)
    _number                                  0x20000162   Data         128  uart.o(.bss._number)
    _numberread                              0x200001e4   Data           4  eeprom.o(.bss._numberread)
    _string                                  0x200001e8   Data         128  uart.o(.bss._string)
    _stringread                              0x20000268   Data          50  uart.o(.bss._stringread)
    end_address                              0x2000029c   Data         512  eeprom.o(.bss.end_address)
    readnumber                               0x2000049c   Data          10  uart.o(.bss.readnumber)
    rx_buf                                   0x200004a6   Data         128  uart.o(.bss.rx_buf)
    rx_index                                 0x20000528   Data           4  uart.o(.bss.rx_index)
    timer_cnt                                0x2000052c   Data           4  timer.o(.bss.timer_cnt)



==============================================================================

Memory Map of the image

  Image Entry point : 0x080000ed

  Load Region LR_IROM1 (Base: 0x08000000, Size: 0x000033ac, Max: 0x00010000, ABSOLUTE)

    Execution Region ER_IROM1 (Exec base: 0x08000000, Load base: 0x08000000, Size: 0x000033ac, Max: 0x00010000, ABSOLUTE)

    Exec Addr    Load Addr    Size         Type   Attr      Idx    E Section Name        Object

    0x08000000   0x08000000   0x000000ec   Data   RO          109    RESET               startup_stm32f10x_md.o
    0x080000ec   0x080000ec   0x00000008   Code   RO          147  * !!!main             c_w.l(__main.o)
    0x080000f4   0x080000f4   0x00000034   Code   RO          493    !!!scatter          c_w.l(__scatter.o)
    0x08000128   0x08000128   0x0000001c   Code   RO          495    !!handler_zi        c_w.l(__scatter_zi.o)
    0x08000144   0x08000144   0x00000000   Code   RO          236    .ARM.Collect$$_printf_percent$$00000000  c_w.l(_printf_percent.o)
    0x08000144   0x08000144   0x00000006   Code   RO          225    .ARM.Collect$$_printf_percent$$00000001  c_w.l(_printf_n.o)
    0x0800014a   0x0800014a   0x00000006   Code   RO          227    .ARM.Collect$$_printf_percent$$00000002  c_w.l(_printf_p.o)
    0x08000150   0x08000150   0x00000006   Code   RO          232    .ARM.Collect$$_printf_percent$$00000003  c_w.l(_printf_f.o)
    0x08000156   0x08000156   0x00000006   Code   RO          233    .ARM.Collect$$_printf_percent$$00000004  c_w.l(_printf_e.o)
    0x0800015c   0x0800015c   0x00000006   Code   RO          234    .ARM.Collect$$_printf_percent$$00000005  c_w.l(_printf_g.o)
    0x08000162   0x08000162   0x00000006   Code   RO          235    .ARM.Collect$$_printf_percent$$00000006  c_w.l(_printf_a.o)
    0x08000168   0x08000168   0x0000000a   Code   RO          240    .ARM.Collect$$_printf_percent$$00000007  c_w.l(_printf_ll.o)
    0x08000172   0x08000172   0x00000006   Code   RO          229    .ARM.Collect$$_printf_percent$$00000008  c_w.l(_printf_i.o)
    0x08000178   0x08000178   0x00000006   Code   RO          230    .ARM.Collect$$_printf_percent$$00000009  c_w.l(_printf_d.o)
    0x0800017e   0x0800017e   0x00000006   Code   RO          231    .ARM.Collect$$_printf_percent$$0000000A  c_w.l(_printf_u.o)
    0x08000184   0x08000184   0x00000006   Code   RO          228    .ARM.Collect$$_printf_percent$$0000000B  c_w.l(_printf_o.o)
    0x0800018a   0x0800018a   0x00000006   Code   RO          226    .ARM.Collect$$_printf_percent$$0000000C  c_w.l(_printf_x.o)
    0x08000190   0x08000190   0x00000006   Code   RO          237    .ARM.Collect$$_printf_percent$$0000000D  c_w.l(_printf_lli.o)
    0x08000196   0x08000196   0x00000006   Code   RO          238    .ARM.Collect$$_printf_percent$$0000000E  c_w.l(_printf_lld.o)
    0x0800019c   0x0800019c   0x00000006   Code   RO          239    .ARM.Collect$$_printf_percent$$0000000F  c_w.l(_printf_llu.o)
    0x080001a2   0x080001a2   0x00000006   Code   RO          244    .ARM.Collect$$_printf_percent$$00000010  c_w.l(_printf_llo.o)
    0x080001a8   0x080001a8   0x00000006   Code   RO          245    .ARM.Collect$$_printf_percent$$00000011  c_w.l(_printf_llx.o)
    0x080001ae   0x080001ae   0x0000000a   Code   RO          241    .ARM.Collect$$_printf_percent$$00000012  c_w.l(_printf_l.o)
    0x080001b8   0x080001b8   0x00000006   Code   RO          223    .ARM.Collect$$_printf_percent$$00000013  c_w.l(_printf_c.o)
    0x080001be   0x080001be   0x00000006   Code   RO          224    .ARM.Collect$$_printf_percent$$00000014  c_w.l(_printf_s.o)
    0x080001c4   0x080001c4   0x00000006   Code   RO          242    .ARM.Collect$$_printf_percent$$00000015  c_w.l(_printf_lc.o)
    0x080001ca   0x080001ca   0x00000006   Code   RO          243    .ARM.Collect$$_printf_percent$$00000016  c_w.l(_printf_ls.o)
    0x080001d0   0x080001d0   0x00000004   Code   RO          293    .ARM.Collect$$_printf_percent$$00000017  c_w.l(_printf_percent_end.o)
    0x080001d4   0x080001d4   0x00000002   Code   RO          349    .ARM.Collect$$libinit$$00000000  c_w.l(libinit.o)
    0x080001d6   0x080001d6   0x00000000   Code   RO          360    .ARM.Collect$$libinit$$00000002  c_w.l(libinit2.o)
    0x080001d6   0x080001d6   0x00000000   Code   RO          362    .ARM.Collect$$libinit$$00000004  c_w.l(libinit2.o)
    0x080001d6   0x080001d6   0x00000000   Code   RO          364    .ARM.Collect$$libinit$$00000006  c_w.l(libinit2.o)
    0x080001d6   0x080001d6   0x00000000   Code   RO          367    .ARM.Collect$$libinit$$0000000C  c_w.l(libinit2.o)
    0x080001d6   0x080001d6   0x00000000   Code   RO          369    .ARM.Collect$$libinit$$0000000E  c_w.l(libinit2.o)
    0x080001d6   0x080001d6   0x00000000   Code   RO          371    .ARM.Collect$$libinit$$00000010  c_w.l(libinit2.o)
    0x080001d6   0x080001d6   0x00000006   Code   RO          372    .ARM.Collect$$libinit$$00000011  c_w.l(libinit2.o)
    0x080001dc   0x080001dc   0x00000000   Code   RO          374    .ARM.Collect$$libinit$$00000013  c_w.l(libinit2.o)
    0x080001dc   0x080001dc   0x0000000c   Code   RO          375    .ARM.Collect$$libinit$$00000014  c_w.l(libinit2.o)
    0x080001e8   0x080001e8   0x00000000   Code   RO          376    .ARM.Collect$$libinit$$00000015  c_w.l(libinit2.o)
    0x080001e8   0x080001e8   0x00000000   Code   RO          378    .ARM.Collect$$libinit$$00000017  c_w.l(libinit2.o)
    0x080001e8   0x080001e8   0x0000000a   Code   RO          379    .ARM.Collect$$libinit$$00000018  c_w.l(libinit2.o)
    0x080001f2   0x080001f2   0x00000000   Code   RO          380    .ARM.Collect$$libinit$$00000019  c_w.l(libinit2.o)
    0x080001f2   0x080001f2   0x00000000   Code   RO          382    .ARM.Collect$$libinit$$0000001B  c_w.l(libinit2.o)
    0x080001f2   0x080001f2   0x00000000   Code   RO          384    .ARM.Collect$$libinit$$0000001D  c_w.l(libinit2.o)
    0x080001f2   0x080001f2   0x00000000   Code   RO          386    .ARM.Collect$$libinit$$0000001F  c_w.l(libinit2.o)
    0x080001f2   0x080001f2   0x00000000   Code   RO          388    .ARM.Collect$$libinit$$00000021  c_w.l(libinit2.o)
    0x080001f2   0x080001f2   0x00000000   Code   RO          390    .ARM.Collect$$libinit$$00000023  c_w.l(libinit2.o)
    0x080001f2   0x080001f2   0x00000000   Code   RO          392    .ARM.Collect$$libinit$$00000025  c_w.l(libinit2.o)
    0x080001f2   0x080001f2   0x00000000   Code   RO          394    .ARM.Collect$$libinit$$00000027  c_w.l(libinit2.o)
    0x080001f2   0x080001f2   0x00000000   Code   RO          398    .ARM.Collect$$libinit$$0000002E  c_w.l(libinit2.o)
    0x080001f2   0x080001f2   0x00000000   Code   RO          400    .ARM.Collect$$libinit$$00000030  c_w.l(libinit2.o)
    0x080001f2   0x080001f2   0x00000000   Code   RO          402    .ARM.Collect$$libinit$$00000032  c_w.l(libinit2.o)
    0x080001f2   0x080001f2   0x00000000   Code   RO          404    .ARM.Collect$$libinit$$00000034  c_w.l(libinit2.o)
    0x080001f2   0x080001f2   0x00000002   Code   RO          405    .ARM.Collect$$libinit$$00000035  c_w.l(libinit2.o)
    0x080001f4   0x080001f4   0x00000002   Code   RO          429    .ARM.Collect$$libshutdown$$00000000  c_w.l(libshutdown.o)
    0x080001f6   0x080001f6   0x00000000   Code   RO          444    .ARM.Collect$$libshutdown$$00000002  c_w.l(libshutdown2.o)
    0x080001f6   0x080001f6   0x00000000   Code   RO          446    .ARM.Collect$$libshutdown$$00000004  c_w.l(libshutdown2.o)
    0x080001f6   0x080001f6   0x00000000   Code   RO          449    .ARM.Collect$$libshutdown$$00000007  c_w.l(libshutdown2.o)
    0x080001f6   0x080001f6   0x00000000   Code   RO          452    .ARM.Collect$$libshutdown$$0000000A  c_w.l(libshutdown2.o)
    0x080001f6   0x080001f6   0x00000000   Code   RO          454    .ARM.Collect$$libshutdown$$0000000C  c_w.l(libshutdown2.o)
    0x080001f6   0x080001f6   0x00000000   Code   RO          457    .ARM.Collect$$libshutdown$$0000000F  c_w.l(libshutdown2.o)
    0x080001f6   0x080001f6   0x00000002   Code   RO          458    .ARM.Collect$$libshutdown$$00000010  c_w.l(libshutdown2.o)
    0x080001f8   0x080001f8   0x00000000   Code   RO          149    .ARM.Collect$$rtentry$$00000000  c_w.l(__rtentry.o)
    0x080001f8   0x080001f8   0x00000000   Code   RO          260    .ARM.Collect$$rtentry$$00000002  c_w.l(__rtentry2.o)
    0x080001f8   0x080001f8   0x00000006   Code   RO          272    .ARM.Collect$$rtentry$$00000004  c_w.l(__rtentry4.o)
    0x080001fe   0x080001fe   0x00000000   Code   RO          262    .ARM.Collect$$rtentry$$00000009  c_w.l(__rtentry2.o)
    0x080001fe   0x080001fe   0x00000004   Code   RO          263    .ARM.Collect$$rtentry$$0000000A  c_w.l(__rtentry2.o)
    0x08000202   0x08000202   0x00000000   Code   RO          265    .ARM.Collect$$rtentry$$0000000C  c_w.l(__rtentry2.o)
    0x08000202   0x08000202   0x00000008   Code   RO          266    .ARM.Collect$$rtentry$$0000000D  c_w.l(__rtentry2.o)
    0x0800020a   0x0800020a   0x00000002   Code   RO          355    .ARM.Collect$$rtexit$$00000000  c_w.l(rtexit.o)
    0x0800020c   0x0800020c   0x00000000   Code   RO          407    .ARM.Collect$$rtexit$$00000002  c_w.l(rtexit2.o)
    0x0800020c   0x0800020c   0x00000004   Code   RO          408    .ARM.Collect$$rtexit$$00000003  c_w.l(rtexit2.o)
    0x08000210   0x08000210   0x00000006   Code   RO          409    .ARM.Collect$$rtexit$$00000004  c_w.l(rtexit2.o)
    0x08000216   0x08000216   0x00000002   PAD
    0x08000218   0x08000218   0x00000040   Code   RO          110    .text               startup_stm32f10x_md.o
    0x08000258   0x08000258   0x0000002c   Code   RO          135    .text               c_w.l(sprintf.o)
    0x08000284   0x08000284   0x0000001a   Code   RO          137    .text               c_w.l(atoi.o)
    0x0800029e   0x0800029e   0x00000048   Code   RO          139    .text               c_w.l(strcpy.o)
    0x080002e6   0x080002e6   0x0000003e   Code   RO          141    .text               c_w.l(strlen.o)
    0x08000324   0x08000324   0x00000080   Code   RO          143    .text               c_w.l(strcmpv7m.o)
    0x080003a4   0x080003a4   0x00000006   Code   RO          145    .text               c_w.l(heapauxi.o)
    0x080003aa   0x080003aa   0x00000002   PAD
    0x080003ac   0x080003ac   0x00000008   Code   RO          153    .text               c_w.l(rt_errno_addr_intlibspace.o)
    0x080003b4   0x080003b4   0x0000004e   Code   RO          157    .text               c_w.l(_printf_pad.o)
    0x08000402   0x08000402   0x00000024   Code   RO          159    .text               c_w.l(_printf_truncate.o)
    0x08000426   0x08000426   0x00000052   Code   RO          161    .text               c_w.l(_printf_str.o)
    0x08000478   0x08000478   0x00000078   Code   RO          163    .text               c_w.l(_printf_dec.o)
    0x080004f0   0x080004f0   0x00000028   Code   RO          165    .text               c_w.l(_printf_charcount.o)
    0x08000518   0x08000518   0x00000030   Code   RO          167    .text               c_w.l(_printf_char_common.o)
    0x08000548   0x08000548   0x0000000a   Code   RO          169    .text               c_w.l(_sputc.o)
    0x08000552   0x08000552   0x00000002   PAD
    0x08000554   0x08000554   0x000000bc   Code   RO          171    .text               c_w.l(_printf_wctomb.o)
    0x08000610   0x08000610   0x0000007c   Code   RO          174    .text               c_w.l(_printf_longlong_dec.o)
    0x0800068c   0x0800068c   0x00000070   Code   RO          180    .text               c_w.l(_printf_oct_int_ll.o)
    0x080006fc   0x080006fc   0x00000094   Code   RO          200    .text               c_w.l(_printf_hex_int_ll_ptr.o)
    0x08000790   0x08000790   0x00000188   Code   RO          220    .text               c_w.l(__printf_flags_ss_wp.o)
    0x08000918   0x08000918   0x00000070   Code   RO          246    .text               c_w.l(strtol.o)
    0x08000988   0x08000988   0x00000008   Code   RO          256    .text               c_w.l(libspace.o)
    0x08000990   0x08000990   0x00000010   Code   RO          274    .text               c_w.l(rt_ctype_table.o)
    0x080009a0   0x080009a0   0x0000008a   Code   RO          276    .text               c_w.l(lludiv10.o)
    0x08000a2a   0x08000a2a   0x000000b2   Code   RO          278    .text               c_w.l(_printf_intcommon.o)
    0x08000adc   0x08000adc   0x0000041c   Code   RO          280    .text               c_w.l(_printf_fp_dec.o)
    0x08000ef8   0x08000ef8   0x000002fc   Code   RO          284    .text               c_w.l(_printf_fp_hex.o)
    0x080011f4   0x080011f4   0x0000002c   Code   RO          289    .text               c_w.l(_printf_char.o)
    0x08001220   0x08001220   0x0000002c   Code   RO          291    .text               c_w.l(_printf_wchar.o)
    0x0800124c   0x0800124c   0x0000009e   Code   RO          294    .text               c_w.l(_strtoul.o)
    0x080012ea   0x080012ea   0x00000048   Code   RO          296    .text               c_w.l(_c16rtomb.o)
    0x08001332   0x08001332   0x0000004a   Code   RO          298    .text               c_w.l(sys_stackheap_outer.o)
    0x0800137c   0x0800137c   0x00000008   Code   RO          303    .text               c_w.l(rt_locale_intlibspace.o)
    0x08001384   0x08001384   0x00000080   Code   RO          305    .text               c_w.l(_printf_fp_infnan.o)
    0x08001404   0x08001404   0x0000001c   Code   RO          307    .text               c_w.l(_chval.o)
    0x08001420   0x08001420   0x000000e4   Code   RO          309    .text               c_w.l(bigflt0.o)
    0x08001504   0x08001504   0x00000012   Code   RO          342    .text               c_w.l(exit.o)
    0x08001516   0x08001516   0x00000002   PAD
    0x08001518   0x08001518   0x0000000c   Code   RO          419    .text               c_w.l(sys_exit.o)
    0x08001524   0x08001524   0x00000002   Code   RO          434    .text               c_w.l(use_no_semi.o)
    0x08001526   0x08001526   0x00000000   Code   RO          436    .text               c_w.l(indicate_semi.o)
    0x08001526   0x08001526   0x00000002   PAD
    0x08001528   0x08001528   0x00000090   Code   RO           84    .text.Address_EEPROM  eeprom.o
    0x080015b8   0x080015b8   0x0000005e   Code   RO           15    .text.Address_Init  gpio.o
    0x08001616   0x08001616   0x00000002   PAD
    0x08001618   0x08001618   0x00000038   Code   RO           30    .text.Clock_HSE_Init  rcc.o
    0x08001650   0x08001650   0x00000044   Code   RO           17    .text.Enable_Init   gpio.o
    0x08001694   0x08001694   0x0000005c   Code   RO           21    .text.GPIO_Read_Pin  gpio.o
    0x080016f0   0x080016f0   0x000000a2   Code   RO           19    .text.GPIO_Write_Pin  gpio.o
    0x08001792   0x08001792   0x00000002   PAD
    0x08001794   0x08001794   0x00000084   Code   RO           13    .text.IO_Input_Init  gpio.o
    0x08001818   0x08001818   0x00000084   Code   RO           11    .text.IO_Output_Init  gpio.o
    0x0800189c   0x0800189c   0x000000c0   Code   RO           94    .text.Read_Character_EEPROM  eeprom.o
    0x0800195c   0x0800195c   0x0000002a   Code   RO           96    .text.Read_Data     eeprom.o
    0x08001986   0x08001986   0x00000002   PAD
    0x08001988   0x08001988   0x000000c0   Code   RO           92    .text.Read_Number_EEPROM  eeprom.o
    0x08001a48   0x08001a48   0x00000008   Code   RO          119    .text.SetSysClock   system_stm32f10x.o
    0x08001a50   0x08001a50   0x00000122   Code   RO          123    .text.SetSysClockTo72  system_stm32f10x.o
    0x08001b72   0x08001b72   0x00000002   PAD
    0x08001b74   0x08001b74   0x00000066   Code   RO          117    .text.SystemInit    system_stm32f10x.o
    0x08001bda   0x08001bda   0x00000002   PAD
    0x08001bdc   0x08001bdc   0x00000078   Code   RO           70    .text.TIM1_Init     timer.o
    0x08001c54   0x08001c54   0x00000028   Code   RO           72    .text.TIM1_UP_IRQHandler  timer.o
    0x08001c7c   0x08001c7c   0x0000002a   Code   RO           74    .text.TIM1_delay    timer.o
    0x08001ca6   0x08001ca6   0x00000002   PAD
    0x08001ca8   0x08001ca8   0x0000009a   Code   RO           38    .text.UART_Init     uart.o
    0x08001d42   0x08001d42   0x00000002   PAD
    0x08001d44   0x08001d44   0x000003fc   Code   RO           50    .text.UART_Read_EEPROM  uart.o
    0x08002140   0x08002140   0x00000046   Code   RO           40    .text.UART_Send_Byte  uart.o
    0x08002186   0x08002186   0x00000002   PAD
    0x08002188   0x08002188   0x00000030   Code   RO           42    .text.UART_Send_MultiByte  uart.o
    0x080021b8   0x080021b8   0x00000490   Code   RO           48    .text.UART_Write_EEPROM  uart.o
    0x08002648   0x08002648   0x0000002e   Code   RO           44    .text.USART2_IRQHandler  uart.o
    0x08002676   0x08002676   0x00000002   PAD
    0x08002678   0x08002678   0x000000de   Code   RO           88    .text.Write_Character_EEPROM  eeprom.o
    0x08002756   0x08002756   0x00000002   PAD
    0x08002758   0x08002758   0x000000de   Code   RO           86    .text.Write_Number_EEPROM  eeprom.o
    0x08002836   0x08002836   0x00000002   PAD
    0x08002838   0x08002838   0x00000054   Code   RO           90    .text.Write_String_EEPROM  eeprom.o
    0x0800288c   0x0800288c   0x00000024   Code   RO            2    .text.main          main.o
    0x080028b0   0x080028b0   0x0000003e   Code   RO          312    CL$$btod_d2e        c_w.l(btod.o)
    0x080028ee   0x080028ee   0x00000046   Code   RO          314    CL$$btod_d2e_denorm_low  c_w.l(btod.o)
    0x08002934   0x08002934   0x00000060   Code   RO          313    CL$$btod_d2e_norm_op1  c_w.l(btod.o)
    0x08002994   0x08002994   0x00000338   Code   RO          322    CL$$btod_div_common  c_w.l(btod.o)
    0x08002ccc   0x08002ccc   0x000000dc   Code   RO          319    CL$$btod_e2e        c_w.l(btod.o)
    0x08002da8   0x08002da8   0x0000002a   Code   RO          316    CL$$btod_ediv       c_w.l(btod.o)
    0x08002dd2   0x08002dd2   0x0000002a   Code   RO          315    CL$$btod_emul       c_w.l(btod.o)
    0x08002dfc   0x08002dfc   0x00000244   Code   RO          321    CL$$btod_mult_common  c_w.l(btod.o)
    0x08003040   0x08003040   0x00000028   Code   RO          353    i.__ARM_fpclassify  m_ws.l(fpclassify.o)
    0x08003068   0x08003068   0x0000000e   Code   RO          213    i._is_digit         c_w.l(__printf_wp.o)
    0x08003076   0x08003076   0x00000002   PAD
    0x08003078   0x08003078   0x0000002c   Code   RO          337    locale$$code        c_w.l(lc_ctype_c.o)
    0x080030a4   0x080030a4   0x0000002c   Code   RO          340    locale$$code        c_w.l(lc_numeric_c.o)
    0x080030d0   0x080030d0   0x00000004   Code   RO          248    x$fpl$printf1       fz_ws.l(printf1.o)
    0x080030d4   0x080030d4   0x00000004   Code   RO          250    x$fpl$printf2       fz_ws.l(printf2.o)
    0x080030d8   0x080030d8   0x00000000   Code   RO          352    x$fpl$usenofp       fz_ws.l(usenofp.o)
    0x080030d8   0x080030d8   0x00000008   Data   RO          172    .constdata          c_w.l(_printf_wctomb.o)
    0x080030e0   0x080030e0   0x00000028   Data   RO          201    .constdata          c_w.l(_printf_hex_int_ll_ptr.o)
    0x08003108   0x08003108   0x00000011   Data   RO          221    .constdata          c_w.l(__printf_flags_ss_wp.o)
    0x08003119   0x08003119   0x00000026   Data   RO          285    .constdata          c_w.l(_printf_fp_hex.o)
    0x0800313f   0x0800313f   0x00000001   PAD
    0x08003140   0x08003140   0x00000094   Data   RO          310    .constdata          c_w.l(bigflt0.o)
    0x080031d4   0x080031d4   0x0000009a   Data   RO           55    .rodata.str1.1      uart.o
    0x0800326e   0x0800326e   0x00000002   PAD
    0x08003270   0x08003270   0x00000010   Data   RO          492    Region$$Table       anon$$obj.o
    0x08003280   0x08003280   0x00000110   Data   RO          336    locale$$data        c_w.l(lc_ctype_c.o)
    0x08003390   0x08003390   0x0000001c   Data   RO          339    locale$$data        c_w.l(lc_numeric_c.o)


    Execution Region RW_IRAM1 (Exec base: 0x20000000, Load base: 0x080033ac, Size: 0x00000b30, Max: 0x00005000, ABSOLUTE)

    Exec Addr    Load Addr    Size         Type   Attr      Idx    E Section Name        Object

    0x20000000        -       0x00000060   Zero   RW          257    .bss                c_w.l(libspace.o)
    0x20000060        -       0x00000080   Zero   RW           57    .bss._address       uart.o
    0x200000e0        -       0x00000001   Zero   RW           58    .bss._character     uart.o
    0x200000e1        -       0x00000001   Zero   RW          100    .bss._characterread  eeprom.o
    0x200000e2        -       0x00000080   Zero   RW           61    .bss._length        uart.o
    0x20000162        -       0x00000080   Zero   RW           56    .bss._number        uart.o
    0x200001e2   0x080033ac   0x00000002   PAD
    0x200001e4        -       0x00000004   Zero   RW           98    .bss._numberread    eeprom.o
    0x200001e8        -       0x00000080   Zero   RW           59    .bss._string        uart.o
    0x20000268        -       0x00000032   Zero   RW           62    .bss._stringread    uart.o
    0x2000029a   0x080033ac   0x00000002   PAD
    0x2000029c        -       0x00000200   Zero   RW           99    .bss.end_address    eeprom.o
    0x2000049c        -       0x0000000a   Zero   RW           60    .bss.readnumber     uart.o
    0x200004a6        -       0x00000080   Zero   RW           54    .bss.rx_buf         uart.o
    0x20000526   0x080033ac   0x00000002   PAD
    0x20000528        -       0x00000004   Zero   RW           52    .bss.rx_index       uart.o
    0x2000052c        -       0x00000004   Zero   RW           76    .bss.timer_cnt      timer.o
    0x20000530        -       0x00000200   Zero   RW          108    HEAP                startup_stm32f10x_md.o
    0x20000730        -       0x00000400   Zero   RW          107    STACK               startup_stm32f10x_md.o


==============================================================================

Image component sizes


      Code (inc. data)   RO Data    RW Data    ZI Data      Debug   Object Name

      1098          0          0          0        517       2165   eeprom.o
       680          0          0          0          0       1968   gpio.o
        36          0          0          0          0        364   main.o
        56          0          0          0          0        531   rcc.o
        64         26        236          0       1536        828   startup_stm32f10x_md.o
       400          0          0          0          0       2853   system_stm32f10x.o
       202          0          0          0          4       1047   timer.o
      2506          0        154          0        705       3675   uart.o

    ----------------------------------------------------------------------
      5064         26        408          0       2768      13431   Object Totals
         0          0         16          0          0          0   (incl. Generated)
        22          0          2          0          6          0   (incl. Padding)

    ----------------------------------------------------------------------

      Code (inc. data)   RO Data    RW Data    ZI Data      Debug   Library Member Name

         8          0          0          0          0         68   __main.o
       392          4         17          0          0         92   __printf_flags_ss_wp.o
        14          0          0          0          0         68   __printf_wp.o
         0          0          0          0          0          0   __rtentry.o
        12          0          0          0          0          0   __rtentry2.o
         6          0          0          0          0          0   __rtentry4.o
        52          8          0          0          0          0   __scatter.o
        28          0          0          0          0          0   __scatter_zi.o
        72          0          0          0          0         96   _c16rtomb.o
        28          0          0          0          0         68   _chval.o
         6          0          0          0          0          0   _printf_a.o
         6          0          0          0          0          0   _printf_c.o
        44          0          0          0          0        108   _printf_char.o
        48          6          0          0          0         96   _printf_char_common.o
        40          0          0          0          0         68   _printf_charcount.o
         6          0          0          0          0          0   _printf_d.o
       120         16          0          0          0         92   _printf_dec.o
         6          0          0          0          0          0   _printf_e.o
         6          0          0          0          0          0   _printf_f.o
      1052          0          0          0          0        148   _printf_fp_dec.o
       764          8         38          0          0        100   _printf_fp_hex.o
       128         16          0          0          0         84   _printf_fp_infnan.o
         6          0          0          0          0          0   _printf_g.o
       148          4         40          0          0        160   _printf_hex_int_ll_ptr.o
         6          0          0          0          0          0   _printf_i.o
       178          0          0          0          0         88   _printf_intcommon.o
        10          0          0          0          0          0   _printf_l.o
         6          0          0          0          0          0   _printf_lc.o
        10          0          0          0          0          0   _printf_ll.o
         6          0          0          0          0          0   _printf_lld.o
         6          0          0          0          0          0   _printf_lli.o
         6          0          0          0          0          0   _printf_llo.o
         6          0          0          0          0          0   _printf_llu.o
         6          0          0          0          0          0   _printf_llx.o
       124         16          0          0          0         92   _printf_longlong_dec.o
         6          0          0          0          0          0   _printf_ls.o
         6          0          0          0          0          0   _printf_n.o
         6          0          0          0          0          0   _printf_o.o
       112          8          0          0          0        124   _printf_oct_int_ll.o
         6          0          0          0          0          0   _printf_p.o
        78          0          0          0          0        108   _printf_pad.o
         0          0          0          0          0          0   _printf_percent.o
         4          0          0          0          0          0   _printf_percent_end.o
         6          0          0          0          0          0   _printf_s.o
        82          0          0          0          0         80   _printf_str.o
        36          0          0          0          0         84   _printf_truncate.o
         6          0          0          0          0          0   _printf_u.o
        44          0          0          0          0        108   _printf_wchar.o
       188          6          8          0          0         92   _printf_wctomb.o
         6          0          0          0          0          0   _printf_x.o
        10          0          0          0          0         68   _sputc.o
       158          0          0          0          0         92   _strtoul.o
        26          0          0          0          0         80   atoi.o
       228          4        148          0          0         96   bigflt0.o
      1936        128          0          0          0        668   btod.o
        18          0          0          0          0         80   exit.o
         6          0          0          0          0        152   heapauxi.o
         0          0          0          0          0          0   indicate_semi.o
        44         10        272          0          0         76   lc_ctype_c.o
        44         10         28          0          0         76   lc_numeric_c.o
         2          0          0          0          0          0   libinit.o
        30          0          0          0          0          0   libinit2.o
         2          0          0          0          0          0   libshutdown.o
         2          0          0          0          0          0   libshutdown2.o
         8          4          0          0         96         68   libspace.o
       138          0          0          0          0         80   lludiv10.o
        16          4          0          0          0         76   rt_ctype_table.o
         8          4          0          0          0         68   rt_errno_addr_intlibspace.o
         8          4          0          0          0         68   rt_locale_intlibspace.o
         2          0          0          0          0          0   rtexit.o
        10          0          0          0          0          0   rtexit2.o
        44          6          0          0          0         84   sprintf.o
       128          0          0          0          0         68   strcmpv7m.o
        72          0          0          0          0         80   strcpy.o
        62          0          0          0          0         76   strlen.o
       112          0          0          0          0         88   strtol.o
        12          4          0          0          0         68   sys_exit.o
        74          0          0          0          0         80   sys_stackheap_outer.o
         2          0          0          0          0         68   use_no_semi.o
         4          0          0          0          0         68   printf1.o
         4          0          0          0          0         68   printf2.o
         0          0          0          0          0          0   usenofp.o
        40          0          0          0          0         68   fpclassify.o

    ----------------------------------------------------------------------
      7204        270        552          0         96       4588   Library Totals
        12          0          1          0          0          0   (incl. Padding)

    ----------------------------------------------------------------------

      Code (inc. data)   RO Data    RW Data    ZI Data      Debug   Library Name

      7144        270        551          0         96       4384   c_w.l
         8          0          0          0          0        136   fz_ws.l
        40          0          0          0          0         68   m_ws.l

    ----------------------------------------------------------------------
      7204        270        552          0         96       4588   Library Totals

    ----------------------------------------------------------------------

==============================================================================


      Code (inc. data)   RO Data    RW Data    ZI Data      Debug   

     12268        296        960          0       2864      15331   Grand Totals
     12268        296        960          0       2864      15331   ELF Image Totals
     12268        296        960          0          0          0   ROM Totals

==============================================================================

    Total RO  Size (Code + RO Data)                13228 (  12.92kB)
    Total RW  Size (RW Data + ZI Data)              2864 (   2.80kB)
    Total ROM Size (Code + RO Data + RW Data)      13228 (  12.92kB)

==============================================================================

