<html>
<body>
<pre>
<h1>µVision Build Log</h1>
<h2>Tool Versions:</h2>
IDE-Version: µVision V5.38.0.0
Copyright (C) 2022 ARM Ltd and ARM Germany GmbH. All rights reserved.
License Information: h h, h, LIC=D0D7S-LV3RU-LQS0Q-NNAWG-X0RQY-QINVG
 
Tool Versions:
Toolchain:       MDK-ARM Plus  Version: 5.38.0.0
Toolchain Path:  C:\Keil_v5\ARM\ARMCLANG\Bin
C Compiler:      ArmClang.exe V6.19
Assembler:       Armasm.exe V6.19
Linker/Locator:  ArmLink.exe V6.19
Library Manager: ArmAr.exe V6.19
Hex Converter:   FromElf.exe V6.19
CPU DLL:         SARMCM3.DLL V5.38.0.0
Dialog DLL:      DCM.DLL V1.17.5.0
Target DLL:      STLink\ST-LINKIII-KEIL_SWO.dll V3.1.0.0
Dialog DLL:      TCM.DLL V1.56.4.0
 
<h2>Project:</h2>
D:\Ky_2024_2\KTVXL\BTL - Copy (4) - Copy\BTL.uvprojx
Project File Date:  05/23/2025

<h2>Output:</h2>
*** Using Compiler 'V6.19', folder: 'C:\Keil_v5\ARM\ARMCLANG\Bin'
Build target 'Target 1'
uart.c(2): warning: In file included from...
./rcc.h(2): warning: a function declaration without a prototype is deprecated in all versions of C [-Wstrict-prototypes]
void Clock_HSE_Init();
                   ^
                    void
./rcc.h(2): warning: no newline at end of file [-Wnewline-eof]
void Clock_HSE_Init();
                      ^
uart.c(3): warning: In file included from...
./gpio.h(17): warning: a function declaration without a prototype is deprecated in all versions of C [-Wstrict-prototypes]
void Clock_HSE_Init();
                   ^
                    void
./gpio.h(18): warning: a function declaration without a prototype is deprecated in all versions of C [-Wstrict-prototypes]
void IO_Output_Init();
                   ^
                    void
./gpio.h(19): warning: a function declaration without a prototype is deprecated in all versions of C [-Wstrict-prototypes]
void IO_Input_Init();
                  ^
                   void
./gpio.h(22): warning: a function declaration without a prototype is deprecated in all versions of C [-Wstrict-prototypes]
void Enable_Init();
                ^
                 void
./gpio.h(23): warning: a function declaration without a prototype is deprecated in all versions of C [-Wstrict-prototypes]
void Address_Init();
                 ^
                  void
./gpio.h(23): warning: no newline at end of file [-Wnewline-eof]
void Address_Init();
                    ^
uart.c(4): warning: In file included from...
./uart.h(3): warning: a function declaration without a prototype is deprecated in all versions of C [-Wstrict-prototypes]
void UART_Init();
              ^
               void
./uart.h(6): warning: a function declaration without a prototype is deprecated in all versions of C [-Wstrict-prototypes]
void USART2_IRQHandler();
                      ^
                       void
./uart.h(7): warning: a function declaration without a prototype is deprecated in all versions of C [-Wstrict-prototypes]
char UART_Receive_Byte();
                      ^
                       void
./uart.h(8): warning: a function declaration without a prototype is deprecated in all versions of C [-Wstrict-prototypes]
void UART_Write_EEPROM();
                      ^
                       void
./uart.h(9): warning: a function declaration without a prototype is deprecated in all versions of C [-Wstrict-prototypes]
void UART_Read_EEPROM();
                     ^
                      void
./uart.h(11): warning: no newline at end of file [-Wnewline-eof]
        
        ^
uart.c(6): warning: In file included from...
./eeprom.h(6): warning: a function declaration without a prototype is deprecated in all versions of C [-Wstrict-prototypes]
int Read_Number_EEPROM();
                      ^
                       void
./eeprom.h(7): warning: a function declaration without a prototype is deprecated in all versions of C [-Wstrict-prototypes]
char Read_Character_EEPROM();
                          ^
                           void
./eeprom.h(8): warning: no newline at end of file [-Wnewline-eof]
void Read_Data(uint32_t add);
                             ^
uart.c(12): warning: no previous extern declaration for non-static variable 'rx_index' [-Wmissing-variable-declarations]
int rx_index = 0;
    ^
uart.c(12): note: declare 'static' if the variable is not intended to be used outside of this translation unit
int rx_index = 0;
^
uart.c(13): warning: no previous extern declaration for non-static variable 'counter' [-Wmissing-variable-declarations]
int counter = 0;
    ^
uart.c(13): note: declare 'static' if the variable is not intended to be used outside of this translation unit
int counter = 0;
^
uart.c(22): warning: a function declaration without a prototype is deprecated in all versions of C [-Wstrict-prototypes]
void UART_Init()
              ^
               void
uart.c(30): warning: implicit conversion changes signedness: 'int' to 'unsigned int' [-Wsign-conversion]
        *GPIOA_CRL &= ~(0xff << 8);
                   ~~ ^~~~~~~~~~~~
uart.c(34): warning: implicit conversion changes signedness: 'int' to 'unsigned int' [-Wsign-conversion]
        *AFIO_MAPR &= ~(1<<3);
                   ~~ ^~~~~~~
uart.c(29): warning: mixing declarations and code is incompatible with standards before C99 [-Wdeclaration-after-statement]
        uint32_t* GPIOA_CRL = (uint32_t*) (GPIOA_BASE_ADDRESS + 0x00);
                  ^
uart.c(22): warning: no previous prototype for function 'UART_Init' [-Wmissing-prototypes]
void UART_Init()
     ^
./uart.h(3): note: this declaration is not a prototype; add 'void' to make it a prototype for a zero-parameter function
void UART_Init();
     ^
               void
uart.c(63): warning: a function declaration without a prototype is deprecated in all versions of C [-Wstrict-prototypes]
 void USART2_IRQHandler()
                       ^
                        void
uart.c(66): warning: implicit conversion loses integer precision: 'uint32_t' (aka 'unsigned int') to 'char' [-Wimplicit-int-conversion]
         rx_buf[rx_index] = *UART_DR;
                          ~ ^~~~~~~~
uart.c(63): warning: no previous prototype for function 'USART2_IRQHandler' [-Wmissing-prototypes]
 void USART2_IRQHandler()
      ^
./uart.h(6): note: this declaration is not a prototype; add 'void' to make it a prototype for a zero-parameter function
void USART2_IRQHandler();
     ^
                       void
uart.c(74): warning: a function declaration without a prototype is deprecated in all versions of C [-Wstrict-prototypes]
 char UART_Receive_Byte()
                       ^
                        void
uart.c(79): warning: implicit conversion loses integer precision: 'uint32_t' (aka 'unsigned int') to 'char' [-Wimplicit-int-conversion]
         return *UART_DR;
         ~~~~~~ ^~~~~~~~
uart.c(74): warning: no previous prototype for function 'UART_Receive_Byte' [-Wmissing-prototypes]
 char UART_Receive_Byte()
      ^
./uart.h(7): note: this declaration is not a prototype; add 'void' to make it a prototype for a zero-parameter function
char UART_Receive_Byte();
     ^
                       void
uart.c(88): warning: a function declaration without a prototype is deprecated in all versions of C [-Wstrict-prototypes]
void UART_Write_EEPROM()
                      ^
                       void
uart.c(104): warning: implicit conversion changes signedness: 'unsigned int' to 'int' [-Wsign-conversion]
                UART_Send_MultiByte(_number,strlen(_number));
                ~~~~~~~~~~~~~~~~~~~         ^~~~~~~~~~~~~~~
uart.c(116): warning: implicit conversion changes signedness: 'unsigned int' to 'int' [-Wsign-conversion]
                UART_Send_MultiByte(_address,strlen(_address));
                ~~~~~~~~~~~~~~~~~~~          ^~~~~~~~~~~~~~~~
uart.c(117): warning: implicit conversion changes signedness: 'int' to 'uint32_t' (aka 'unsigned int') [-Wsign-conversion]
                Write_Number_EEPROM(atoi(_number),atoi(_address));      
                ~~~~~~~~~~~~~~~~~~~               ^~~~~~~~~~~~~~
uart.c(117): warning: implicit conversion loses integer precision: 'int' to 'uint8_t' (aka 'unsigned char') [-Wimplicit-int-conversion]
                Write_Number_EEPROM(atoi(_number),atoi(_address));      
                ~~~~~~~~~~~~~~~~~~~ ^~~~~~~~~~~~~
uart.c(142): warning: implicit conversion changes signedness: 'unsigned int' to 'int' [-Wsign-conversion]
                UART_Send_MultiByte(_address,strlen(_address));
                ~~~~~~~~~~~~~~~~~~~          ^~~~~~~~~~~~~~~~
uart.c(143): warning: implicit conversion changes signedness: 'int' to 'uint32_t' (aka 'unsigned int') [-Wsign-conversion]
                Write_Character_EEPROM(_character,atoi(_address));      
                ~~~~~~~~~~~~~~~~~~~~~~            ^~~~~~~~~~~~~~
uart.c(161): warning: implicit conversion changes signedness: 'unsigned int' to 'int' [-Wsign-conversion]
                UART_Send_MultiByte(_string,strlen(_string)-1);
                ~~~~~~~~~~~~~~~~~~~         ~~~~~~~~~~~~~~~^~
uart.c(171): warning: implicit conversion changes signedness: 'unsigned int' to 'int' [-Wsign-conversion]
                UART_Send_MultiByte(_address,strlen(_address));
                ~~~~~~~~~~~~~~~~~~~          ^~~~~~~~~~~~~~~~
uart.c(172): warning: implicit conversion changes signedness: 'int' to 'uint32_t' (aka 'unsigned int') [-Wsign-conversion]
                Write_String_EEPROM(_string,atoi(_address));    
                ~~~~~~~~~~~~~~~~~~~         ^~~~~~~~~~~~~~
uart.c(88): warning: no previous prototype for function 'UART_Write_EEPROM' [-Wmissing-prototypes]
void UART_Write_EEPROM()
     ^
./uart.h(8): note: this declaration is not a prototype; add 'void' to make it a prototype for a zero-parameter function
void UART_Write_EEPROM();
     ^
                       void
uart.c(178): warning: a function declaration without a prototype is deprecated in all versions of C [-Wstrict-prototypes]
void UART_Read_EEPROM()
                     ^
                      void
uart.c(192): warning: implicit conversion changes signedness: 'unsigned int' to 'int' [-Wsign-conversion]
                UART_Send_MultiByte(_address,strlen(_address));
                ~~~~~~~~~~~~~~~~~~~          ^~~~~~~~~~~~~~~~
uart.c(193): warning: implicit conversion changes signedness: 'int' to 'uint32_t' (aka 'unsigned int') [-Wsign-conversion]
                Read_Data(atoi(_address));
                ~~~~~~~~~ ^~~~~~~~~~~~~~
uart.c(199): warning: implicit conversion changes signedness: 'unsigned int' to 'int' [-Wsign-conversion]
                UART_Send_MultiByte(readnumber,strlen(readnumber));
                ~~~~~~~~~~~~~~~~~~~            ^~~~~~~~~~~~~~~~~~
uart.c(197): warning: mixing declarations and code is incompatible with standards before C99 [-Wdeclaration-after-statement]
                int a = Read_Number_EEPROM();
                    ^
uart.c(216): warning: implicit conversion changes signedness: 'unsigned int' to 'int' [-Wsign-conversion]
                UART_Send_MultiByte(_address,strlen(_address));
                ~~~~~~~~~~~~~~~~~~~          ^~~~~~~~~~~~~~~~
uart.c(217): warning: implicit conversion changes signedness: 'int' to 'uint32_t' (aka 'unsigned int') [-Wsign-conversion]
                Read_Data(atoi(_address));
                ~~~~~~~~~ ^~~~~~~~~~~~~~
uart.c(240): warning: implicit conversion changes signedness: 'unsigned int' to 'int' [-Wsign-conversion]
                UART_Send_MultiByte(_address,strlen(_address));
                ~~~~~~~~~~~~~~~~~~~          ^~~~~~~~~~~~~~~~
uart.c(252): warning: implicit conversion changes signedness: 'unsigned int' to 'int' [-Wsign-conversion]
                UART_Send_MultiByte(_length,strlen(_length));
                ~~~~~~~~~~~~~~~~~~~         ^~~~~~~~~~~~~~~
uart.c(260): warning: implicit conversion changes signedness: 'int' to 'uint32_t' (aka 'unsigned int') [-Wsign-conversion]
                        Read_Data(atoi(_address)+i);
                        ~~~~~~~~~ ~~~~~~~~~~~~~~^~
uart.c(265): warning: implicit conversion changes signedness: 'unsigned int' to 'int' [-Wsign-conversion]
                UART_Send_MultiByte(_stringread,strlen(_stringread));
                ~~~~~~~~~~~~~~~~~~~             ^~~~~~~~~~~~~~~~~~~
uart.c(178): warning: no previous prototype for function 'UART_Read_EEPROM' [-Wmissing-prototypes]
void UART_Read_EEPROM()
     ^
./uart.h(9): note: this declaration is not a prototype; add 'void' to make it a prototype for a zero-parameter function
void UART_Read_EEPROM();
     ^
                      void
uart.c(9): warning: no previous extern declaration for non-static variable 'rx_buf' [-Wmissing-variable-declarations]
char rx_buf[128]; // vung nho kich thuoc 8 byte
     ^
uart.c(9): note: declare 'static' if the variable is not intended to be used outside of this translation unit
char rx_buf[128]; // vung nho kich thuoc 8 byte
^
uart.c(10): warning: no previous extern declaration for non-static variable '_address' [-Wmissing-variable-declarations]
char _address[128];
     ^
uart.c(10): note: declare 'static' if the variable is not intended to be used outside of this translation unit
char _address[128];
^
uart.c(11): warning: no previous extern declaration for non-static variable '_number' [-Wmissing-variable-declarations]
char _number[128];
     ^
uart.c(11): note: declare 'static' if the variable is not intended to be used outside of this translation unit
char _number[128];
^
uart.c(15): warning: no previous extern declaration for non-static variable 'readnumber' [-Wmissing-variable-declarations]
char readnumber[10];
     ^
uart.c(15): note: declare 'static' if the variable is not intended to be used outside of this translation unit
char readnumber[10];
^
uart.c(18): warning: no previous extern declaration for non-static variable '_string' [-Wmissing-variable-declarations]
char _string[128];
     ^
uart.c(18): note: declare 'static' if the variable is not intended to be used outside of this translation unit
char _string[128];
^
uart.c(19): warning: no previous extern declaration for non-static variable '_character' [-Wmissing-variable-declarations]
char _character;
     ^
uart.c(19): note: declare 'static' if the variable is not intended to be used outside of this translation unit
char _character;
^
uart.c(20): warning: no previous extern declaration for non-static variable '_stringread' [-Wmissing-variable-declarations]
char _stringread[50];
     ^
uart.c(20): note: declare 'static' if the variable is not intended to be used outside of this translation unit
char _stringread[50];
^
uart.c(21): warning: no previous extern declaration for non-static variable '_length' [-Wmissing-variable-declarations]
char _length[128];
     ^
uart.c(21): note: declare 'static' if the variable is not intended to be used outside of this translation unit
char _length[128];
^
61 warnings generated.
compiling uart.c...
linking...
Program Size: Code=12268 RO-data=960 RW-data=0 ZI-data=2864  
FromELF: creating hex file...
".\Objects\BTL.axf" - 0 Error(s), 61 Warning(s).

<h2>Software Packages used:</h2>

Package Vendor: ARM
                http://www.keil.com/pack/ARM.CMSIS.5.9.0.pack
                ARM.CMSIS.5.9.0
                CMSIS (Common Microcontroller Software Interface Standard)
   * Component: CORE Version: 5.6.0

Package Vendor: Keil
                https://www.keil.com/pack/Keil.STM32F1xx_DFP.2.4.1.pack
                Keil.STM32F1xx_DFP.2.4.1
                STMicroelectronics STM32F1 Series Device Support, Drivers and Examples
   * Component: Startup Version: 1.0.0

<h2>Collection of Component include folders:</h2>
  ./RTE/Device/STM32F103C8
  ./RTE/_Target_1
  C:/Users/datdu/AppData/Local/Arm/Packs/ARM/CMSIS/5.9.0/CMSIS/Core/Include
  C:/Users/datdu/AppData/Local/Arm/Packs/Keil/STM32F1xx_DFP/2.4.1/Device/Include

<h2>Collection of Component Files used:</h2>

   * Component: ARM::CMSIS:CORE:5.6.0

   * Component: Keil::Device:Startup:1.0.0
      Source file:   Device/Source/ARM/startup_stm32f10x_md.s
      Source file:   Device/Source/system_stm32f10x.c
      Include file:  RTE_Driver/Config/RTE_Device.h
      Source file:   Device/Source/ARM/STM32F1xx_OPT.s
Build Time Elapsed:  00:00:02
</pre>
</body>
</html>
